Archive member included because of file (symbol)

c:/program files (x86)/atmel/atmel toolchain/avr8 gcc/native/3.4.1061/avr8-gnu-toolchain/bin/../lib/gcc/avr/4.8.1/avr5\libgcc.a(_exit.o)
                              c:/program files (x86)/atmel/atmel toolchain/avr8 gcc/native/3.4.1061/avr8-gnu-toolchain/bin/../lib/gcc/avr/4.8.1/../../../../avr/lib/avr5/crtm32m1.o (exit)
c:/program files (x86)/atmel/atmel toolchain/avr8 gcc/native/3.4.1061/avr8-gnu-toolchain/bin/../lib/gcc/avr/4.8.1/avr5\libgcc.a(_tablejump.o)
                              can_lib.o (__tablejump2__)
c:/program files (x86)/atmel/atmel toolchain/avr8 gcc/native/3.4.1061/avr8-gnu-toolchain/bin/../lib/gcc/avr/4.8.1/avr5\libgcc.a(_clear_bss.o)
                              can_api.o (__do_clear_bss)

Allocating common symbols
Common symbol       size              file

write_arr           0x8               can_api.o
data1               0x8               can_api.o
data2               0x8               can_api.o
send_arr            0x8               can_api.o
data4               0x8               can_api.o
write_response      0x1               can_api.o
message             0xc               can_api.o
send_coms           0x1               can_api.o
send_now            0x1               can_api.o
trans_msg           0x6               can_api.o
read_response       0x1               can_api.o
data0               0x8               can_api.o
send_hk             0x1               can_api.o
CTC_flag            0x1               main.o
receive_arr         0x8               can_api.o
data3               0x8               can_api.o
send_data           0x1               can_api.o
data5               0x8               can_api.o
mob_number          0x1               can_api.o
status              0x1               can_api.o
read_arr            0x8               can_api.o

Discarded input sections

 .data          0x00000000        0x0 c:/program files (x86)/atmel/atmel toolchain/avr8 gcc/native/3.4.1061/avr8-gnu-toolchain/bin/../lib/gcc/avr/4.8.1/../../../../avr/lib/avr5/crtm32m1.o
 .bss           0x00000000        0x0 c:/program files (x86)/atmel/atmel toolchain/avr8 gcc/native/3.4.1061/avr8-gnu-toolchain/bin/../lib/gcc/avr/4.8.1/../../../../avr/lib/avr5/crtm32m1.o
 .text          0x00000000        0x0 adc_lib.o
 .data          0x00000000        0x0 adc_lib.o
 .bss           0x00000000        0x0 adc_lib.o
 .text.adc_read
                0x00000000       0x12 adc_lib.o
 .text          0x00000000        0x0 can_api.o
 .data          0x00000000        0x0 can_api.o
 .bss           0x00000000        0x0 can_api.o
 .text          0x00000000        0x0 can_drv.o
 .data          0x00000000        0x0 can_drv.o
 .bss           0x00000000        0x0 can_drv.o
 .text.can_get_mob_free
                0x00000000       0x40 can_drv.o
 .text.can_auto_baudrate
                0x00000000      0x3b8 can_drv.o
 .text          0x00000000        0x0 can_lib.o
 .data          0x00000000        0x0 can_lib.o
 .bss           0x00000000        0x0 can_lib.o
 .text          0x00000000        0x0 commands.o
 .data          0x00000000        0x0 commands.o
 .bss           0x00000000        0x0 commands.o
 .text          0x00000000        0x0 LED.o
 .data          0x00000000        0x0 LED.o
 .bss           0x00000000        0x0 LED.o
 .text.LED_Reg_Write
                0x00000000        0x6 LED.o
 .text.LED_set  0x00000000       0x2a LED.o
 .text.LED_clr  0x00000000       0x28 LED.o
 .text          0x00000000        0x0 main.o
 .data          0x00000000        0x0 main.o
 .bss           0x00000000        0x0 main.o
 .text          0x00000000        0x0 spi_lib.o
 .data          0x00000000        0x0 spi_lib.o
 .bss           0x00000000        0x0 spi_lib.o
 .text          0x00000000        0x0 Timer.o
 .data          0x00000000        0x0 Timer.o
 .bss           0x00000000        0x0 Timer.o
 .text          0x00000000        0x0 trans_lib.o
 .data          0x00000000        0x0 trans_lib.o
 .bss           0x00000000        0x0 trans_lib.o
 .text.dir_FIFO_write
                0x00000000       0x46 trans_lib.o
 .text.set_CSn  0x00000000       0x10 trans_lib.o
 .text          0x00000000        0x0 c:/program files (x86)/atmel/atmel toolchain/avr8 gcc/native/3.4.1061/avr8-gnu-toolchain/bin/../lib/gcc/avr/4.8.1/avr5\libgcc.a(_exit.o)
 .data          0x00000000        0x0 c:/program files (x86)/atmel/atmel toolchain/avr8 gcc/native/3.4.1061/avr8-gnu-toolchain/bin/../lib/gcc/avr/4.8.1/avr5\libgcc.a(_exit.o)
 .bss           0x00000000        0x0 c:/program files (x86)/atmel/atmel toolchain/avr8 gcc/native/3.4.1061/avr8-gnu-toolchain/bin/../lib/gcc/avr/4.8.1/avr5\libgcc.a(_exit.o)
 .text.libgcc.mul
                0x00000000        0x0 c:/program files (x86)/atmel/atmel toolchain/avr8 gcc/native/3.4.1061/avr8-gnu-toolchain/bin/../lib/gcc/avr/4.8.1/avr5\libgcc.a(_exit.o)
 .text.libgcc.div
                0x00000000        0x0 c:/program files (x86)/atmel/atmel toolchain/avr8 gcc/native/3.4.1061/avr8-gnu-toolchain/bin/../lib/gcc/avr/4.8.1/avr5\libgcc.a(_exit.o)
 .text.libgcc   0x00000000        0x0 c:/program files (x86)/atmel/atmel toolchain/avr8 gcc/native/3.4.1061/avr8-gnu-toolchain/bin/../lib/gcc/avr/4.8.1/avr5\libgcc.a(_exit.o)
 .text.libgcc.prologue
                0x00000000        0x0 c:/program files (x86)/atmel/atmel toolchain/avr8 gcc/native/3.4.1061/avr8-gnu-toolchain/bin/../lib/gcc/avr/4.8.1/avr5\libgcc.a(_exit.o)
 .text.libgcc.builtins
                0x00000000        0x0 c:/program files (x86)/atmel/atmel toolchain/avr8 gcc/native/3.4.1061/avr8-gnu-toolchain/bin/../lib/gcc/avr/4.8.1/avr5\libgcc.a(_exit.o)
 .text.libgcc.fmul
                0x00000000        0x0 c:/program files (x86)/atmel/atmel toolchain/avr8 gcc/native/3.4.1061/avr8-gnu-toolchain/bin/../lib/gcc/avr/4.8.1/avr5\libgcc.a(_exit.o)
 .text.libgcc.fixed
                0x00000000        0x0 c:/program files (x86)/atmel/atmel toolchain/avr8 gcc/native/3.4.1061/avr8-gnu-toolchain/bin/../lib/gcc/avr/4.8.1/avr5\libgcc.a(_exit.o)
 .text          0x00000000        0x0 c:/program files (x86)/atmel/atmel toolchain/avr8 gcc/native/3.4.1061/avr8-gnu-toolchain/bin/../lib/gcc/avr/4.8.1/avr5\libgcc.a(_tablejump.o)
 .data          0x00000000        0x0 c:/program files (x86)/atmel/atmel toolchain/avr8 gcc/native/3.4.1061/avr8-gnu-toolchain/bin/../lib/gcc/avr/4.8.1/avr5\libgcc.a(_tablejump.o)
 .bss           0x00000000        0x0 c:/program files (x86)/atmel/atmel toolchain/avr8 gcc/native/3.4.1061/avr8-gnu-toolchain/bin/../lib/gcc/avr/4.8.1/avr5\libgcc.a(_tablejump.o)
 .text.libgcc.mul
                0x00000000        0x0 c:/program files (x86)/atmel/atmel toolchain/avr8 gcc/native/3.4.1061/avr8-gnu-toolchain/bin/../lib/gcc/avr/4.8.1/avr5\libgcc.a(_tablejump.o)
 .text.libgcc.div
                0x00000000        0x0 c:/program files (x86)/atmel/atmel toolchain/avr8 gcc/native/3.4.1061/avr8-gnu-toolchain/bin/../lib/gcc/avr/4.8.1/avr5\libgcc.a(_tablejump.o)
 .text.libgcc.prologue
                0x00000000        0x0 c:/program files (x86)/atmel/atmel toolchain/avr8 gcc/native/3.4.1061/avr8-gnu-toolchain/bin/../lib/gcc/avr/4.8.1/avr5\libgcc.a(_tablejump.o)
 .text.libgcc.builtins
                0x00000000        0x0 c:/program files (x86)/atmel/atmel toolchain/avr8 gcc/native/3.4.1061/avr8-gnu-toolchain/bin/../lib/gcc/avr/4.8.1/avr5\libgcc.a(_tablejump.o)
 .text.libgcc.fmul
                0x00000000        0x0 c:/program files (x86)/atmel/atmel toolchain/avr8 gcc/native/3.4.1061/avr8-gnu-toolchain/bin/../lib/gcc/avr/4.8.1/avr5\libgcc.a(_tablejump.o)
 .text.libgcc.fixed
                0x00000000        0x0 c:/program files (x86)/atmel/atmel toolchain/avr8 gcc/native/3.4.1061/avr8-gnu-toolchain/bin/../lib/gcc/avr/4.8.1/avr5\libgcc.a(_tablejump.o)
 .text          0x00000000        0x0 c:/program files (x86)/atmel/atmel toolchain/avr8 gcc/native/3.4.1061/avr8-gnu-toolchain/bin/../lib/gcc/avr/4.8.1/avr5\libgcc.a(_clear_bss.o)
 .data          0x00000000        0x0 c:/program files (x86)/atmel/atmel toolchain/avr8 gcc/native/3.4.1061/avr8-gnu-toolchain/bin/../lib/gcc/avr/4.8.1/avr5\libgcc.a(_clear_bss.o)
 .bss           0x00000000        0x0 c:/program files (x86)/atmel/atmel toolchain/avr8 gcc/native/3.4.1061/avr8-gnu-toolchain/bin/../lib/gcc/avr/4.8.1/avr5\libgcc.a(_clear_bss.o)
 .text.libgcc.mul
                0x00000000        0x0 c:/program files (x86)/atmel/atmel toolchain/avr8 gcc/native/3.4.1061/avr8-gnu-toolchain/bin/../lib/gcc/avr/4.8.1/avr5\libgcc.a(_clear_bss.o)
 .text.libgcc.div
                0x00000000        0x0 c:/program files (x86)/atmel/atmel toolchain/avr8 gcc/native/3.4.1061/avr8-gnu-toolchain/bin/../lib/gcc/avr/4.8.1/avr5\libgcc.a(_clear_bss.o)
 .text.libgcc   0x00000000        0x0 c:/program files (x86)/atmel/atmel toolchain/avr8 gcc/native/3.4.1061/avr8-gnu-toolchain/bin/../lib/gcc/avr/4.8.1/avr5\libgcc.a(_clear_bss.o)
 .text.libgcc.prologue
                0x00000000        0x0 c:/program files (x86)/atmel/atmel toolchain/avr8 gcc/native/3.4.1061/avr8-gnu-toolchain/bin/../lib/gcc/avr/4.8.1/avr5\libgcc.a(_clear_bss.o)
 .text.libgcc.builtins
                0x00000000        0x0 c:/program files (x86)/atmel/atmel toolchain/avr8 gcc/native/3.4.1061/avr8-gnu-toolchain/bin/../lib/gcc/avr/4.8.1/avr5\libgcc.a(_clear_bss.o)
 .text.libgcc.fmul
                0x00000000        0x0 c:/program files (x86)/atmel/atmel toolchain/avr8 gcc/native/3.4.1061/avr8-gnu-toolchain/bin/../lib/gcc/avr/4.8.1/avr5\libgcc.a(_clear_bss.o)
 .text.libgcc.fixed
                0x00000000        0x0 c:/program files (x86)/atmel/atmel toolchain/avr8 gcc/native/3.4.1061/avr8-gnu-toolchain/bin/../lib/gcc/avr/4.8.1/avr5\libgcc.a(_clear_bss.o)

Memory Configuration

Name             Origin             Length             Attributes
text             0x00000000         0x00020000         xr
data             0x00800060         0x0000ffa0         rw !x
eeprom           0x00810000         0x00010000         rw !x
fuse             0x00820000         0x00000400         rw !x
lock             0x00830000         0x00000400         rw !x
signature        0x00840000         0x00000400         rw !x
user_signatures  0x00850000         0x00000400         rw !x
*default*        0x00000000         0xffffffff

Linker script and memory map

Address of section .data set to 0x800100
LOAD c:/program files (x86)/atmel/atmel toolchain/avr8 gcc/native/3.4.1061/avr8-gnu-toolchain/bin/../lib/gcc/avr/4.8.1/../../../../avr/lib/avr5/crtm32m1.o
LOAD adc_lib.o
LOAD can_api.o
LOAD can_drv.o
LOAD can_lib.o
LOAD commands.o
LOAD LED.o
LOAD main.o
LOAD spi_lib.o
LOAD Timer.o
LOAD trans_lib.o
START GROUP
LOAD c:/program files (x86)/atmel/atmel toolchain/avr8 gcc/native/3.4.1061/avr8-gnu-toolchain/bin/../lib/gcc/avr/4.8.1/../../../../avr/lib/avr5\libm.a
END GROUP
START GROUP
LOAD c:/program files (x86)/atmel/atmel toolchain/avr8 gcc/native/3.4.1061/avr8-gnu-toolchain/bin/../lib/gcc/avr/4.8.1/avr5\libgcc.a
LOAD c:/program files (x86)/atmel/atmel toolchain/avr8 gcc/native/3.4.1061/avr8-gnu-toolchain/bin/../lib/gcc/avr/4.8.1/../../../../avr/lib/avr5\libm.a
LOAD c:/program files (x86)/atmel/atmel toolchain/avr8 gcc/native/3.4.1061/avr8-gnu-toolchain/bin/../lib/gcc/avr/4.8.1/../../../../avr/lib/avr5\libc.a
END GROUP

.hash
 *(.hash)

.dynsym
 *(.dynsym)

.dynstr
 *(.dynstr)

.gnu.version
 *(.gnu.version)

.gnu.version_d
 *(.gnu.version_d)

.gnu.version_r
 *(.gnu.version_r)

.rel.init
 *(.rel.init)

.rela.init
 *(.rela.init)

.rel.text
 *(.rel.text)
 *(.rel.text.*)
 *(.rel.gnu.linkonce.t*)

.rela.text
 *(.rela.text)
 *(.rela.text.*)
 *(.rela.gnu.linkonce.t*)

.rel.fini
 *(.rel.fini)

.rela.fini
 *(.rela.fini)

.rel.rodata
 *(.rel.rodata)
 *(.rel.rodata.*)
 *(.rel.gnu.linkonce.r*)

.rela.rodata
 *(.rela.rodata)
 *(.rela.rodata.*)
 *(.rela.gnu.linkonce.r*)

.rel.data
 *(.rel.data)
 *(.rel.data.*)
 *(.rel.gnu.linkonce.d*)

.rela.data
 *(.rela.data)
 *(.rela.data.*)
 *(.rela.gnu.linkonce.d*)

.rel.ctors
 *(.rel.ctors)

.rela.ctors
 *(.rela.ctors)

.rel.dtors
 *(.rel.dtors)

.rela.dtors
 *(.rela.dtors)

.rel.got
 *(.rel.got)

.rela.got
 *(.rela.got)

.rel.bss
 *(.rel.bss)

.rela.bss
 *(.rela.bss)

.rel.plt
 *(.rel.plt)

.rela.plt
 *(.rela.plt)

.text           0x00000000     0x1ca0
 *(.vectors)
 .vectors       0x00000000       0x7c c:/program files (x86)/atmel/atmel toolchain/avr8 gcc/native/3.4.1061/avr8-gnu-toolchain/bin/../lib/gcc/avr/4.8.1/../../../../avr/lib/avr5/crtm32m1.o
                0x00000000                __vector_default
                0x00000000                __vectors
 *(.vectors)
 *(.progmem.gcc*)
 .progmem.gcc_sw_table.can_cmd
                0x0000007c       0x16 can_lib.o
                0x00000092                . = ALIGN (0x2)
                0x00000092                __trampolines_start = .
 *(.trampolines)
 .trampolines   0x00000092        0x0 linker stubs
 *(.trampolines*)
                0x00000092                __trampolines_end = .
 *(.progmem*)
                0x00000092                . = ALIGN (0x2)
 *(.jumptables)
 *(.jumptables*)
 *(.lowtext)
 *(.lowtext*)
                0x00000092                __ctors_start = .
 *(.ctors)
                0x00000092                __ctors_end = .
                0x00000092                __dtors_start = .
 *(.dtors)
                0x00000092                __dtors_end = .
 SORT(*)(.ctors)
 SORT(*)(.dtors)
 *(.init0)
 .init0         0x00000092        0x0 c:/program files (x86)/atmel/atmel toolchain/avr8 gcc/native/3.4.1061/avr8-gnu-toolchain/bin/../lib/gcc/avr/4.8.1/../../../../avr/lib/avr5/crtm32m1.o
                0x00000092                __init
 *(.init0)
 *(.init1)
 *(.init1)
 *(.init2)
 .init2         0x00000092        0xc c:/program files (x86)/atmel/atmel toolchain/avr8 gcc/native/3.4.1061/avr8-gnu-toolchain/bin/../lib/gcc/avr/4.8.1/../../../../avr/lib/avr5/crtm32m1.o
 *(.init2)
 *(.init3)
 *(.init3)
 *(.init4)
 .init4         0x0000009e       0x10 c:/program files (x86)/atmel/atmel toolchain/avr8 gcc/native/3.4.1061/avr8-gnu-toolchain/bin/../lib/gcc/avr/4.8.1/avr5\libgcc.a(_clear_bss.o)
                0x0000009e                __do_clear_bss
 *(.init4)
 *(.init5)
 *(.init5)
 *(.init6)
 *(.init6)
 *(.init7)
 *(.init7)
 *(.init8)
 *(.init8)
 *(.init9)
 .init9         0x000000ae        0x8 c:/program files (x86)/atmel/atmel toolchain/avr8 gcc/native/3.4.1061/avr8-gnu-toolchain/bin/../lib/gcc/avr/4.8.1/../../../../avr/lib/avr5/crtm32m1.o
 *(.init9)
 *(.text)
 .text          0x000000b6        0x4 c:/program files (x86)/atmel/atmel toolchain/avr8 gcc/native/3.4.1061/avr8-gnu-toolchain/bin/../lib/gcc/avr/4.8.1/../../../../avr/lib/avr5/crtm32m1.o
                0x000000b6                __vector_22
                0x000000b6                __vector_28
                0x000000b6                __vector_1
                0x000000b6                __vector_24
                0x000000b6                __bad_interrupt
                0x000000b6                __vector_6
                0x000000b6                __vector_3
                0x000000b6                __vector_23
                0x000000b6                __vector_30
                0x000000b6                __vector_25
                0x000000b6                __vector_11
                0x000000b6                __vector_13
                0x000000b6                __vector_17
                0x000000b6                __vector_19
                0x000000b6                __vector_7
                0x000000b6                __vector_27
                0x000000b6                __vector_5
                0x000000b6                __vector_4
                0x000000b6                __vector_9
                0x000000b6                __vector_2
                0x000000b6                __vector_21
                0x000000b6                __vector_15
                0x000000b6                __vector_29
                0x000000b6                __vector_8
                0x000000b6                __vector_26
                0x000000b6                __vector_14
                0x000000b6                __vector_10
                0x000000b6                __vector_16
                0x000000b6                __vector_18
                0x000000b6                __vector_20
                0x000000ba                . = ALIGN (0x2)
 *(.text.*)
 .text.adc_initialize
                0x000000ba       0x14 adc_lib.o
                0x000000ba                adc_initialize
 .text.can_send_message
                0x000000ce       0x62 can_api.o
                0x000000ce                can_send_message
 .text.decode_command
                0x00000130       0xc4 can_api.o
                0x00000130                decode_command
 .text.set_up_msg
                0x000001f4       0xaa can_api.o
                0x000001f4                set_up_msg
 .text.clean_up_msg
                0x0000029e      0x14e can_api.o
                0x0000029e                clean_up_msg
 .text.can_check_housekeep
                0x000003ec       0x64 can_api.o
                0x000003ec                can_check_housekeep
 .text.can_check_general
                0x00000450       0xb6 can_api.o
                0x00000450                can_check_general
 .text.can_init_mobs
                0x00000506      0x17a can_api.o
                0x00000506                can_init_mobs
 .text.can_clear_all_mob
                0x00000680       0x26 can_drv.o
                0x00000680                can_clear_all_mob
 .text.can_get_mob_status
                0x000006a6       0x2c can_drv.o
                0x000006a6                can_get_mob_status
 .text.can_get_data
                0x000006d2       0x14 can_drv.o
                0x000006d2                can_get_data
 .text.can_fixed_baudrate
                0x000006e6       0x1c can_drv.o
                0x000006e6                can_fixed_baudrate
 .text.can_init
                0x00000702       0x1e can_lib.o
                0x00000702                can_init
 .text.can_cmd  0x00000720      0xc58 can_lib.o
                0x00000720                can_cmd
 .text.can_get_status
                0x00001378      0x1e8 can_lib.o
                0x00001378                can_get_status
 .text.send_response
                0x00001560       0x22 commands.o
                0x00001560                send_response
 .text.send_housekeeping
                0x00001582       0x1c commands.o
                0x00001582                send_housekeeping
 .text.send_sensor_data
                0x0000159e       0x52 commands.o
                0x0000159e                send_sensor_data
 .text.send_coms_packet
                0x000015f0       0x28 commands.o
                0x000015f0                send_coms_packet
 .text.send_read_response
                0x00001618       0x38 commands.o
                0x00001618                send_read_response
 .text.send_write_response
                0x00001650       0x3e commands.o
                0x00001650                send_write_response
 .text.run_commands
                0x0000168e       0x4a commands.o
                0x0000168e                run_commands
 .text.LED_toggle
                0x000016d8       0x36 LED.o
                0x000016d8                LED_toggle
 .text.main     0x0000170e       0x54 main.o
                0x0000170e                main
 .text.spi_initialize_master
                0x00001762        0xc spi_lib.o
                0x00001762                spi_initialize_master
 .text.spi_transfer
                0x0000176e       0x1a spi_lib.o
                0x0000176e                spi_transfer
 .text.SS_set_high
                0x00001788        0xa spi_lib.o
                0x00001788                SS_set_high
 .text.spi_transfer2
                0x00001792       0x30 spi_lib.o
                0x00001792                spi_transfer2
 .text.SS1_set_high
                0x000017c2        0x4 spi_lib.o
                0x000017c2                SS1_set_high
 .text.SS_set_low
                0x000017c6        0xa spi_lib.o
                0x000017c6                SS_set_low
 .text.SS1_set_low
                0x000017d0        0x4 spi_lib.o
                0x000017d0                SS1_set_low
 .text.spi_retrieve_temp
                0x000017d4       0x3a spi_lib.o
                0x000017d4                spi_retrieve_temp
 .text.__vector_12
                0x0000180e       0x1e Timer.o
                0x0000180e                __vector_12
 .text.timer_init
                0x0000182c       0x10 Timer.o
                0x0000182c                timer_init
 .text.delay_us
                0x0000183c       0x24 Timer.o
                0x0000183c                delay_us
 .text.delay_ms
                0x00001860       0x2c Timer.o
                0x00001860                delay_ms
 .text.delay_cycles
                0x0000188c        0xe Timer.o
                0x0000188c                delay_cycles
 .text.reg_read
                0x0000189a       0x32 trans_lib.o
                0x0000189a                reg_read
 .text.reg_write
                0x000018cc       0x32 trans_lib.o
                0x000018cc                reg_write
 .text.reg_read2F
                0x000018fe       0x3e trans_lib.o
                0x000018fe                reg_read2F
 .text.cmd_str  0x0000193c       0x16 trans_lib.o
                0x0000193c                cmd_str
 .text.reg_write2F
                0x00001952       0x46 trans_lib.o
                0x00001952                reg_write2F
 .text.get_status
                0x00001998       0x1a trans_lib.o
                0x00001998                get_status
 .text.dir_FIFO_read
                0x000019b2       0x44 trans_lib.o
                0x000019b2                dir_FIFO_read
 .text.reg_write_bit
                0x000019f6       0x4e trans_lib.o
                0x000019f6                reg_write_bit
 .text.reg_write_bit2F
                0x00001a44       0x4e trans_lib.o
                0x00001a44                reg_write_bit2F
 .text.transceiver_initialize
                0x00001a92      0x17a trans_lib.o
                0x00001a92                transceiver_initialize
 .text.trans_check
                0x00001c0c       0x84 trans_lib.o
                0x00001c0c                trans_check
 .text.libgcc   0x00001c90        0xc c:/program files (x86)/atmel/atmel toolchain/avr8 gcc/native/3.4.1061/avr8-gnu-toolchain/bin/../lib/gcc/avr/4.8.1/avr5\libgcc.a(_tablejump.o)
                0x00001c90                __tablejump2__
                0x00001c94                __tablejump__
                0x00001c9c                . = ALIGN (0x2)
 *(.fini9)
 .fini9         0x00001c9c        0x0 c:/program files (x86)/atmel/atmel toolchain/avr8 gcc/native/3.4.1061/avr8-gnu-toolchain/bin/../lib/gcc/avr/4.8.1/avr5\libgcc.a(_exit.o)
                0x00001c9c                _exit
                0x00001c9c                exit
 *(.fini9)
 *(.fini8)
 *(.fini8)
 *(.fini7)
 *(.fini7)
 *(.fini6)
 *(.fini6)
 *(.fini5)
 *(.fini5)
 *(.fini4)
 *(.fini4)
 *(.fini3)
 *(.fini3)
 *(.fini2)
 *(.fini2)
 *(.fini1)
 *(.fini1)
 *(.fini0)
 .fini0         0x00001c9c        0x4 c:/program files (x86)/atmel/atmel toolchain/avr8 gcc/native/3.4.1061/avr8-gnu-toolchain/bin/../lib/gcc/avr/4.8.1/avr5\libgcc.a(_exit.o)
 *(.fini0)
                0x00001ca0                _etext = .

.data           0x00800100        0x0 load address 0x00001ca0
                0x00800100                PROVIDE (__data_start, .)
 *(.data)
 *(.data*)
 *(.rodata)
 *(.rodata*)
 *(.gnu.linkonce.d*)
                0x00800100                . = ALIGN (0x2)
                0x00800100                _edata = .
                0x00800100                PROVIDE (__data_end, .)

.bss            0x00800100       0x6b
                0x00800100                PROVIDE (__bss_start, .)
 *(.bss)
 *(.bss*)
 *(COMMON)
 COMMON         0x00800100       0x6a can_api.o
                0x00800100                write_arr
                0x00800108                data1
                0x00800110                data2
                0x00800118                send_arr
                0x00800120                data4
                0x00800128                write_response
                0x00800129                message
                0x00800135                send_coms
                0x00800136                send_now
                0x00800137                trans_msg
                0x0080013d                read_response
                0x0080013e                data0
                0x00800146                send_hk
                0x00800147                receive_arr
                0x0080014f                data3
                0x00800157                send_data
                0x00800158                data5
                0x00800160                mob_number
                0x00800161                status
                0x00800162                read_arr
 COMMON         0x0080016a        0x1 main.o
                0x0080016a                CTC_flag
                0x0080016b                PROVIDE (__bss_end, .)
                0x00001ca0                __data_load_start = LOADADDR (.data)
                0x00001ca0                __data_load_end = (__data_load_start + SIZEOF (.data))

.noinit         0x0080016b        0x0
                0x0080016b                PROVIDE (__noinit_start, .)
 *(.noinit*)
                0x0080016b                PROVIDE (__noinit_end, .)
                0x0080016b                _end = .
                0x0080016b                PROVIDE (__heap_start, .)

.eeprom         0x00810000        0x0
 *(.eeprom*)
                0x00810000                __eeprom_end = .

.fuse
 *(.fuse)
 *(.lfuse)
 *(.hfuse)
 *(.efuse)

.lock
 *(.lock*)

.signature
 *(.signature*)

.user_signatures
 *(.user_signatures*)

.stab
 *(.stab)

.stabstr
 *(.stabstr)

.stab.excl
 *(.stab.excl)

.stab.exclstr
 *(.stab.exclstr)

.stab.index
 *(.stab.index)

.stab.indexstr
 *(.stab.indexstr)

.comment        0x00000000       0x30
 *(.comment)
 .comment       0x00000000       0x30 adc_lib.o
                                 0x31 (size before relaxing)
 .comment       0x00000000       0x31 can_api.o
 .comment       0x00000000       0x31 can_drv.o
 .comment       0x00000000       0x31 can_lib.o
 .comment       0x00000000       0x31 commands.o
 .comment       0x00000000       0x31 LED.o
 .comment       0x00000000       0x31 main.o
 .comment       0x00000000       0x31 spi_lib.o
 .comment       0x00000000       0x31 Timer.o
 .comment       0x00000000       0x31 trans_lib.o

.note.gnu.build-id
 *(.note.gnu.build-id)

.debug
 *(.debug)

.line
 *(.line)

.debug_srcinfo
 *(.debug_srcinfo)

.debug_sfnames
 *(.debug_sfnames)

.debug_aranges  0x00000000      0x2b0
 *(.debug_aranges)
 .debug_aranges
                0x00000000       0x28 adc_lib.o
 .debug_aranges
                0x00000028       0x50 can_api.o
 .debug_aranges
                0x00000078       0x48 can_drv.o
 .debug_aranges
                0x000000c0       0x30 can_lib.o
 .debug_aranges
                0x000000f0       0x50 commands.o
 .debug_aranges
                0x00000140       0x38 LED.o
 .debug_aranges
                0x00000178       0x20 main.o
 .debug_aranges
                0x00000198       0x58 spi_lib.o
 .debug_aranges
                0x000001f0       0x40 Timer.o
 .debug_aranges
                0x00000230       0x80 trans_lib.o

.debug_pubnames
 *(.debug_pubnames)

.debug_info     0x00000000     0x3273
 *(.debug_info .gnu.linkonce.wi.*)
 .debug_info    0x00000000       0xdf adc_lib.o
 .debug_info    0x000000df      0x850 can_api.o
 .debug_info    0x0000092f      0x2e8 can_drv.o
 .debug_info    0x00000c17      0x441 can_lib.o
 .debug_info    0x00001058      0x611 commands.o
 .debug_info    0x00001669      0x111 LED.o
 .debug_info    0x0000177a      0x4f9 main.o
 .debug_info    0x00001c73      0x36b spi_lib.o
 .debug_info    0x00001fde      0x16a Timer.o
 .debug_info    0x00002148     0x112b trans_lib.o

.debug_abbrev   0x00000000      0xeff
 *(.debug_abbrev)
 .debug_abbrev  0x00000000       0xa1 adc_lib.o
 .debug_abbrev  0x000000a1      0x215 can_api.o
 .debug_abbrev  0x000002b6      0x12c can_drv.o
 .debug_abbrev  0x000003e2      0x261 can_lib.o
 .debug_abbrev  0x00000643      0x18a commands.o
 .debug_abbrev  0x000007cd       0x7a LED.o
 .debug_abbrev  0x00000847      0x1a2 main.o
 .debug_abbrev  0x000009e9      0x19f spi_lib.o
 .debug_abbrev  0x00000b88      0x102 Timer.o
 .debug_abbrev  0x00000c8a      0x275 trans_lib.o

.debug_line     0x00000000     0x1115
 *(.debug_line .debug_line.* .debug_line_end)
 .debug_line    0x00000000       0xc1 adc_lib.o
 .debug_line    0x000000c1      0x2a0 can_api.o
 .debug_line    0x00000361      0x2a2 can_drv.o
 .debug_line    0x00000603      0x2a1 can_lib.o
 .debug_line    0x000008a4      0x18c commands.o
 .debug_line    0x00000a30       0xe6 LED.o
 .debug_line    0x00000b16      0x144 main.o
 .debug_line    0x00000c5a      0x151 spi_lib.o
 .debug_line    0x00000dab      0x115 Timer.o
 .debug_line    0x00000ec0      0x255 trans_lib.o

.debug_frame    0x00000000      0x5e4
 *(.debug_frame)
 .debug_frame   0x00000000       0x34 adc_lib.o
 .debug_frame   0x00000034       0xd4 can_api.o
 .debug_frame   0x00000108       0xd4 can_drv.o
 .debug_frame   0x000001dc       0x60 can_lib.o
 .debug_frame   0x0000023c       0x94 commands.o
 .debug_frame   0x000002d0       0x54 LED.o
 .debug_frame   0x00000324       0x24 main.o
 .debug_frame   0x00000348       0xb0 spi_lib.o
 .debug_frame   0x000003f8       0x88 Timer.o
 .debug_frame   0x00000480      0x164 trans_lib.o

.debug_str      0x00000000      0x7fc
 *(.debug_str)
 .debug_str     0x00000000      0x158 adc_lib.o
                                0x18c (size before relaxing)
 .debug_str     0x00000158      0x247 can_api.o
                                0x3d5 (size before relaxing)
 .debug_str     0x0000039f      0x147 can_drv.o
                                0x2b9 (size before relaxing)
 .debug_str     0x000004e6       0x48 can_lib.o
                                0x330 (size before relaxing)
 .debug_str     0x0000052e       0xdd commands.o
                                0x3f9 (size before relaxing)
 .debug_str     0x0000060b       0x29 LED.o
                                0x187 (size before relaxing)
 .debug_str     0x00000634       0x7c main.o
                                0x3d2 (size before relaxing)
 .debug_str     0x000006b0       0x86 spi_lib.o
                                0x232 (size before relaxing)
 .debug_str     0x00000736       0x19 Timer.o
                                0x1af (size before relaxing)
 .debug_str     0x0000074f       0xad trans_lib.o
                                0x435 (size before relaxing)

.debug_loc      0x00000000     0x2037
 *(.debug_loc)
 .debug_loc     0x00000000       0x5d adc_lib.o
 .debug_loc     0x0000005d      0x593 can_api.o
 .debug_loc     0x000005f0      0x962 can_drv.o
 .debug_loc     0x00000f52      0x3ec can_lib.o
 .debug_loc     0x0000133e      0x148 commands.o
 .debug_loc     0x00001486       0x9d LED.o
 .debug_loc     0x00001523      0x27b spi_lib.o
 .debug_loc     0x0000179e      0x130 Timer.o
 .debug_loc     0x000018ce      0x769 trans_lib.o

.debug_macinfo
 *(.debug_macinfo)

.debug_weaknames
 *(.debug_weaknames)

.debug_funcnames
 *(.debug_funcnames)

.debug_typenames
 *(.debug_typenames)

.debug_varnames
 *(.debug_varnames)

.debug_pubtypes
 *(.debug_pubtypes)

.debug_ranges   0x00000000      0x258
 *(.debug_ranges)
 .debug_ranges  0x00000000       0x18 adc_lib.o
 .debug_ranges  0x00000018       0x40 can_api.o
 .debug_ranges  0x00000058       0x68 can_drv.o
 .debug_ranges  0x000000c0       0x38 can_lib.o
 .debug_ranges  0x000000f8       0x40 commands.o
 .debug_ranges  0x00000138       0x28 LED.o
 .debug_ranges  0x00000160       0x10 main.o
 .debug_ranges  0x00000170       0x48 spi_lib.o
 .debug_ranges  0x000001b8       0x30 Timer.o
 .debug_ranges  0x000001e8       0x70 trans_lib.o

.debug_macro
 *(.debug_macro)
OUTPUT(Subsystem_Program.elf elf32-avr)
LOAD linker stubs
