Archive member included because of file (symbol)

c:/program files (x86)/atmel/atmel toolchain/avr8 gcc/native/3.4.1061/avr8-gnu-toolchain/bin/../lib/gcc/avr/4.8.1/avr5\libgcc.a(_exit.o)
                              c:/program files (x86)/atmel/atmel toolchain/avr8 gcc/native/3.4.1061/avr8-gnu-toolchain/bin/../lib/gcc/avr/4.8.1/../../../../avr/lib/avr5/crtm32m1.o (exit)
c:/program files (x86)/atmel/atmel toolchain/avr8 gcc/native/3.4.1061/avr8-gnu-toolchain/bin/../lib/gcc/avr/4.8.1/avr5\libgcc.a(_tablejump.o)
                              can_lib.o (__tablejump2__)
c:/program files (x86)/atmel/atmel toolchain/avr8 gcc/native/3.4.1061/avr8-gnu-toolchain/bin/../lib/gcc/avr/4.8.1/avr5\libgcc.a(_clear_bss.o)
                              can_api.o (__do_clear_bss)

Allocating common symbols
Common symbol       size              file

data1               0x8               can_api.o
data2               0x8               can_api.o
send_arr            0x8               can_api.o
data4               0x8               can_api.o
message             0xc               can_api.o
send_now            0x1               can_api.o
data0               0x8               can_api.o
send_hk             0x1               can_api.o
CTC_flag            0x1               main.o
receive_arr         0x8               can_api.o
data3               0x8               can_api.o
send_data           0x1               can_api.o
data5               0x8               can_api.o
mob_number          0x1               can_api.o
status              0x1               can_api.o

Discarded input sections

 .data          0x00000000        0x0 c:/program files (x86)/atmel/atmel toolchain/avr8 gcc/native/3.4.1061/avr8-gnu-toolchain/bin/../lib/gcc/avr/4.8.1/../../../../avr/lib/avr5/crtm32m1.o
 .bss           0x00000000        0x0 c:/program files (x86)/atmel/atmel toolchain/avr8 gcc/native/3.4.1061/avr8-gnu-toolchain/bin/../lib/gcc/avr/4.8.1/../../../../avr/lib/avr5/crtm32m1.o
 .text          0x00000000        0x0 adc_lib.o
 .data          0x00000000        0x0 adc_lib.o
 .bss           0x00000000        0x0 adc_lib.o
 .text          0x00000000        0x0 can_api.o
 .data          0x00000000        0x0 can_api.o
 .bss           0x00000000        0x0 can_api.o
 .text.can_check_general
                0x00000000      0x194 can_api.o
 .text.can_check_housekeep
                0x00000000      0x124 can_api.o
 .text          0x00000000        0x0 can_drv.o
 .data          0x00000000        0x0 can_drv.o
 .bss           0x00000000        0x0 can_drv.o
 .text.can_get_mob_free
                0x00000000       0x40 can_drv.o
 .text.can_auto_baudrate
                0x00000000      0x3b8 can_drv.o
 .text          0x00000000        0x0 can_lib.o
 .data          0x00000000        0x0 can_lib.o
 .bss           0x00000000        0x0 can_lib.o
 .text          0x00000000        0x0 LED.o
 .data          0x00000000        0x0 LED.o
 .bss           0x00000000        0x0 LED.o
 .text.LED_Reg_Write
                0x00000000        0x6 LED.o
 .text.LED_set  0x00000000       0x2a LED.o
 .text.LED_clr  0x00000000       0x28 LED.o
 .text          0x00000000        0x0 main.o
 .data          0x00000000        0x0 main.o
 .bss           0x00000000        0x0 main.o
 .text          0x00000000        0x0 spi_lib.o
 .data          0x00000000        0x0 spi_lib.o
 .bss           0x00000000        0x0 spi_lib.o
 .text          0x00000000        0x0 Timer.o
 .data          0x00000000        0x0 Timer.o
 .bss           0x00000000        0x0 Timer.o
 .text          0x00000000        0x0 trans_lib.o
 .data          0x00000000        0x0 trans_lib.o
 .bss           0x00000000        0x0 trans_lib.o
 .text.dir_FIFO_write
                0x00000000       0x2c trans_lib.o
 .text.set_CSn  0x00000000       0x10 trans_lib.o
 .text.monitor_LEDs
                0x00000000       0x6c trans_lib.o
 .text.trans_reset
                0x00000000       0x16 trans_lib.o
 .text          0x00000000        0x0 c:/program files (x86)/atmel/atmel toolchain/avr8 gcc/native/3.4.1061/avr8-gnu-toolchain/bin/../lib/gcc/avr/4.8.1/avr5\libgcc.a(_exit.o)
 .data          0x00000000        0x0 c:/program files (x86)/atmel/atmel toolchain/avr8 gcc/native/3.4.1061/avr8-gnu-toolchain/bin/../lib/gcc/avr/4.8.1/avr5\libgcc.a(_exit.o)
 .bss           0x00000000        0x0 c:/program files (x86)/atmel/atmel toolchain/avr8 gcc/native/3.4.1061/avr8-gnu-toolchain/bin/../lib/gcc/avr/4.8.1/avr5\libgcc.a(_exit.o)
 .text.libgcc.mul
                0x00000000        0x0 c:/program files (x86)/atmel/atmel toolchain/avr8 gcc/native/3.4.1061/avr8-gnu-toolchain/bin/../lib/gcc/avr/4.8.1/avr5\libgcc.a(_exit.o)
 .text.libgcc.div
                0x00000000        0x0 c:/program files (x86)/atmel/atmel toolchain/avr8 gcc/native/3.4.1061/avr8-gnu-toolchain/bin/../lib/gcc/avr/4.8.1/avr5\libgcc.a(_exit.o)
 .text.libgcc   0x00000000        0x0 c:/program files (x86)/atmel/atmel toolchain/avr8 gcc/native/3.4.1061/avr8-gnu-toolchain/bin/../lib/gcc/avr/4.8.1/avr5\libgcc.a(_exit.o)
 .text.libgcc.prologue
                0x00000000        0x0 c:/program files (x86)/atmel/atmel toolchain/avr8 gcc/native/3.4.1061/avr8-gnu-toolchain/bin/../lib/gcc/avr/4.8.1/avr5\libgcc.a(_exit.o)
 .text.libgcc.builtins
                0x00000000        0x0 c:/program files (x86)/atmel/atmel toolchain/avr8 gcc/native/3.4.1061/avr8-gnu-toolchain/bin/../lib/gcc/avr/4.8.1/avr5\libgcc.a(_exit.o)
 .text.libgcc.fmul
                0x00000000        0x0 c:/program files (x86)/atmel/atmel toolchain/avr8 gcc/native/3.4.1061/avr8-gnu-toolchain/bin/../lib/gcc/avr/4.8.1/avr5\libgcc.a(_exit.o)
 .text.libgcc.fixed
                0x00000000        0x0 c:/program files (x86)/atmel/atmel toolchain/avr8 gcc/native/3.4.1061/avr8-gnu-toolchain/bin/../lib/gcc/avr/4.8.1/avr5\libgcc.a(_exit.o)
 .text          0x00000000        0x0 c:/program files (x86)/atmel/atmel toolchain/avr8 gcc/native/3.4.1061/avr8-gnu-toolchain/bin/../lib/gcc/avr/4.8.1/avr5\libgcc.a(_tablejump.o)
 .data          0x00000000        0x0 c:/program files (x86)/atmel/atmel toolchain/avr8 gcc/native/3.4.1061/avr8-gnu-toolchain/bin/../lib/gcc/avr/4.8.1/avr5\libgcc.a(_tablejump.o)
 .bss           0x00000000        0x0 c:/program files (x86)/atmel/atmel toolchain/avr8 gcc/native/3.4.1061/avr8-gnu-toolchain/bin/../lib/gcc/avr/4.8.1/avr5\libgcc.a(_tablejump.o)
 .text.libgcc.mul
                0x00000000        0x0 c:/program files (x86)/atmel/atmel toolchain/avr8 gcc/native/3.4.1061/avr8-gnu-toolchain/bin/../lib/gcc/avr/4.8.1/avr5\libgcc.a(_tablejump.o)
 .text.libgcc.div
                0x00000000        0x0 c:/program files (x86)/atmel/atmel toolchain/avr8 gcc/native/3.4.1061/avr8-gnu-toolchain/bin/../lib/gcc/avr/4.8.1/avr5\libgcc.a(_tablejump.o)
 .text.libgcc.prologue
                0x00000000        0x0 c:/program files (x86)/atmel/atmel toolchain/avr8 gcc/native/3.4.1061/avr8-gnu-toolchain/bin/../lib/gcc/avr/4.8.1/avr5\libgcc.a(_tablejump.o)
 .text.libgcc.builtins
                0x00000000        0x0 c:/program files (x86)/atmel/atmel toolchain/avr8 gcc/native/3.4.1061/avr8-gnu-toolchain/bin/../lib/gcc/avr/4.8.1/avr5\libgcc.a(_tablejump.o)
 .text.libgcc.fmul
                0x00000000        0x0 c:/program files (x86)/atmel/atmel toolchain/avr8 gcc/native/3.4.1061/avr8-gnu-toolchain/bin/../lib/gcc/avr/4.8.1/avr5\libgcc.a(_tablejump.o)
 .text.libgcc.fixed
                0x00000000        0x0 c:/program files (x86)/atmel/atmel toolchain/avr8 gcc/native/3.4.1061/avr8-gnu-toolchain/bin/../lib/gcc/avr/4.8.1/avr5\libgcc.a(_tablejump.o)
 .text          0x00000000        0x0 c:/program files (x86)/atmel/atmel toolchain/avr8 gcc/native/3.4.1061/avr8-gnu-toolchain/bin/../lib/gcc/avr/4.8.1/avr5\libgcc.a(_clear_bss.o)
 .data          0x00000000        0x0 c:/program files (x86)/atmel/atmel toolchain/avr8 gcc/native/3.4.1061/avr8-gnu-toolchain/bin/../lib/gcc/avr/4.8.1/avr5\libgcc.a(_clear_bss.o)
 .bss           0x00000000        0x0 c:/program files (x86)/atmel/atmel toolchain/avr8 gcc/native/3.4.1061/avr8-gnu-toolchain/bin/../lib/gcc/avr/4.8.1/avr5\libgcc.a(_clear_bss.o)
 .text.libgcc.mul
                0x00000000        0x0 c:/program files (x86)/atmel/atmel toolchain/avr8 gcc/native/3.4.1061/avr8-gnu-toolchain/bin/../lib/gcc/avr/4.8.1/avr5\libgcc.a(_clear_bss.o)
 .text.libgcc.div
                0x00000000        0x0 c:/program files (x86)/atmel/atmel toolchain/avr8 gcc/native/3.4.1061/avr8-gnu-toolchain/bin/../lib/gcc/avr/4.8.1/avr5\libgcc.a(_clear_bss.o)
 .text.libgcc   0x00000000        0x0 c:/program files (x86)/atmel/atmel toolchain/avr8 gcc/native/3.4.1061/avr8-gnu-toolchain/bin/../lib/gcc/avr/4.8.1/avr5\libgcc.a(_clear_bss.o)
 .text.libgcc.prologue
                0x00000000        0x0 c:/program files (x86)/atmel/atmel toolchain/avr8 gcc/native/3.4.1061/avr8-gnu-toolchain/bin/../lib/gcc/avr/4.8.1/avr5\libgcc.a(_clear_bss.o)
 .text.libgcc.builtins
                0x00000000        0x0 c:/program files (x86)/atmel/atmel toolchain/avr8 gcc/native/3.4.1061/avr8-gnu-toolchain/bin/../lib/gcc/avr/4.8.1/avr5\libgcc.a(_clear_bss.o)
 .text.libgcc.fmul
                0x00000000        0x0 c:/program files (x86)/atmel/atmel toolchain/avr8 gcc/native/3.4.1061/avr8-gnu-toolchain/bin/../lib/gcc/avr/4.8.1/avr5\libgcc.a(_clear_bss.o)
 .text.libgcc.fixed
                0x00000000        0x0 c:/program files (x86)/atmel/atmel toolchain/avr8 gcc/native/3.4.1061/avr8-gnu-toolchain/bin/../lib/gcc/avr/4.8.1/avr5\libgcc.a(_clear_bss.o)

Memory Configuration

Name             Origin             Length             Attributes
text             0x00000000         0x00020000         xr
data             0x00800060         0x0000ffa0         rw !x
eeprom           0x00810000         0x00010000         rw !x
fuse             0x00820000         0x00000400         rw !x
lock             0x00830000         0x00000400         rw !x
signature        0x00840000         0x00000400         rw !x
user_signatures  0x00850000         0x00000400         rw !x
*default*        0x00000000         0xffffffff

Linker script and memory map

Address of section .data set to 0x800100
LOAD c:/program files (x86)/atmel/atmel toolchain/avr8 gcc/native/3.4.1061/avr8-gnu-toolchain/bin/../lib/gcc/avr/4.8.1/../../../../avr/lib/avr5/crtm32m1.o
LOAD adc_lib.o
LOAD can_api.o
LOAD can_drv.o
LOAD can_lib.o
LOAD LED.o
LOAD main.o
LOAD spi_lib.o
LOAD Timer.o
LOAD trans_lib.o
START GROUP
LOAD c:/program files (x86)/atmel/atmel toolchain/avr8 gcc/native/3.4.1061/avr8-gnu-toolchain/bin/../lib/gcc/avr/4.8.1/../../../../avr/lib/avr5\libm.a
END GROUP
START GROUP
LOAD c:/program files (x86)/atmel/atmel toolchain/avr8 gcc/native/3.4.1061/avr8-gnu-toolchain/bin/../lib/gcc/avr/4.8.1/avr5\libgcc.a
LOAD c:/program files (x86)/atmel/atmel toolchain/avr8 gcc/native/3.4.1061/avr8-gnu-toolchain/bin/../lib/gcc/avr/4.8.1/../../../../avr/lib/avr5\libm.a
LOAD c:/program files (x86)/atmel/atmel toolchain/avr8 gcc/native/3.4.1061/avr8-gnu-toolchain/bin/../lib/gcc/avr/4.8.1/../../../../avr/lib/avr5\libc.a
END GROUP

.hash
 *(.hash)

.dynsym
 *(.dynsym)

.dynstr
 *(.dynstr)

.gnu.version
 *(.gnu.version)

.gnu.version_d
 *(.gnu.version_d)

.gnu.version_r
 *(.gnu.version_r)

.rel.init
 *(.rel.init)

.rela.init
 *(.rela.init)

.rel.text
 *(.rel.text)
 *(.rel.text.*)
 *(.rel.gnu.linkonce.t*)

.rela.text
 *(.rela.text)
 *(.rela.text.*)
 *(.rela.gnu.linkonce.t*)

.rel.fini
 *(.rel.fini)

.rela.fini
 *(.rela.fini)

.rel.rodata
 *(.rel.rodata)
 *(.rel.rodata.*)
 *(.rel.gnu.linkonce.r*)

.rela.rodata
 *(.rela.rodata)
 *(.rela.rodata.*)
 *(.rela.gnu.linkonce.r*)

.rel.data
 *(.rel.data)
 *(.rel.data.*)
 *(.rel.gnu.linkonce.d*)

.rela.data
 *(.rela.data)
 *(.rela.data.*)
 *(.rela.gnu.linkonce.d*)

.rel.ctors
 *(.rel.ctors)

.rela.ctors
 *(.rela.ctors)

.rel.dtors
 *(.rel.dtors)

.rela.dtors
 *(.rela.dtors)

.rel.got
 *(.rel.got)

.rela.got
 *(.rela.got)

.rel.bss
 *(.rel.bss)

.rela.bss
 *(.rela.bss)

.rel.plt
 *(.rel.plt)

.rela.plt
 *(.rela.plt)

.text           0x00000000     0x173e
 *(.vectors)
 .vectors       0x00000000       0x7c c:/program files (x86)/atmel/atmel toolchain/avr8 gcc/native/3.4.1061/avr8-gnu-toolchain/bin/../lib/gcc/avr/4.8.1/../../../../avr/lib/avr5/crtm32m1.o
                0x00000000                __vector_default
                0x00000000                __vectors
 *(.vectors)
 *(.progmem.gcc*)
 .progmem.gcc_sw_table.can_cmd
                0x0000007c       0x16 can_lib.o
                0x00000092                . = ALIGN (0x2)
                0x00000092                __trampolines_start = .
 *(.trampolines)
 .trampolines   0x00000092        0x0 linker stubs
 *(.trampolines*)
                0x00000092                __trampolines_end = .
 *(.progmem*)
                0x00000092                . = ALIGN (0x2)
 *(.jumptables)
 *(.jumptables*)
 *(.lowtext)
 *(.lowtext*)
                0x00000092                __ctors_start = .
 *(.ctors)
                0x00000092                __ctors_end = .
                0x00000092                __dtors_start = .
 *(.dtors)
                0x00000092                __dtors_end = .
 SORT(*)(.ctors)
 SORT(*)(.dtors)
 *(.init0)
 .init0         0x00000092        0x0 c:/program files (x86)/atmel/atmel toolchain/avr8 gcc/native/3.4.1061/avr8-gnu-toolchain/bin/../lib/gcc/avr/4.8.1/../../../../avr/lib/avr5/crtm32m1.o
                0x00000092                __init
 *(.init0)
 *(.init1)
 *(.init1)
 *(.init2)
 .init2         0x00000092        0xc c:/program files (x86)/atmel/atmel toolchain/avr8 gcc/native/3.4.1061/avr8-gnu-toolchain/bin/../lib/gcc/avr/4.8.1/../../../../avr/lib/avr5/crtm32m1.o
 *(.init2)
 *(.init3)
 *(.init3)
 *(.init4)
 .init4         0x0000009e       0x10 c:/program files (x86)/atmel/atmel toolchain/avr8 gcc/native/3.4.1061/avr8-gnu-toolchain/bin/../lib/gcc/avr/4.8.1/avr5\libgcc.a(_clear_bss.o)
                0x0000009e                __do_clear_bss
 *(.init4)
 *(.init5)
 *(.init5)
 *(.init6)
 *(.init6)
 *(.init7)
 *(.init7)
 *(.init8)
 *(.init8)
 *(.init9)
 .init9         0x000000ae        0x8 c:/program files (x86)/atmel/atmel toolchain/avr8 gcc/native/3.4.1061/avr8-gnu-toolchain/bin/../lib/gcc/avr/4.8.1/../../../../avr/lib/avr5/crtm32m1.o
 *(.init9)
 *(.text)
 .text          0x000000b6        0x4 c:/program files (x86)/atmel/atmel toolchain/avr8 gcc/native/3.4.1061/avr8-gnu-toolchain/bin/../lib/gcc/avr/4.8.1/../../../../avr/lib/avr5/crtm32m1.o
                0x000000b6                __vector_22
                0x000000b6                __vector_28
                0x000000b6                __vector_1
                0x000000b6                __vector_24
                0x000000b6                __bad_interrupt
                0x000000b6                __vector_6
                0x000000b6                __vector_3
                0x000000b6                __vector_23
                0x000000b6                __vector_30
                0x000000b6                __vector_25
                0x000000b6                __vector_11
                0x000000b6                __vector_13
                0x000000b6                __vector_17
                0x000000b6                __vector_19
                0x000000b6                __vector_7
                0x000000b6                __vector_27
                0x000000b6                __vector_5
                0x000000b6                __vector_4
                0x000000b6                __vector_9
                0x000000b6                __vector_2
                0x000000b6                __vector_21
                0x000000b6                __vector_15
                0x000000b6                __vector_29
                0x000000b6                __vector_8
                0x000000b6                __vector_26
                0x000000b6                __vector_14
                0x000000b6                __vector_10
                0x000000b6                __vector_16
                0x000000b6                __vector_18
                0x000000b6                __vector_20
                0x000000ba                . = ALIGN (0x2)
 *(.text.*)
 .text.adc_initialize
                0x000000ba       0x14 adc_lib.o
                0x000000ba                adc_initialize
 .text.adc_read
                0x000000ce       0x12 adc_lib.o
                0x000000ce                adc_read
 .text.can_send_message
                0x000000e0       0x62 can_api.o
                0x000000e0                can_send_message
 .text.can_init_mobs
                0x00000142       0x7a can_api.o
                0x00000142                can_init_mobs
 .text.can_clear_all_mob
                0x000001bc       0x26 can_drv.o
                0x000001bc                can_clear_all_mob
 .text.can_get_mob_status
                0x000001e2       0x2c can_drv.o
                0x000001e2                can_get_mob_status
 .text.can_get_data
                0x0000020e       0x14 can_drv.o
                0x0000020e                can_get_data
 .text.can_fixed_baudrate
                0x00000222       0x1c can_drv.o
                0x00000222                can_fixed_baudrate
 .text.can_init
                0x0000023e       0x1e can_lib.o
                0x0000023e                can_init
 .text.can_cmd  0x0000025c      0xc58 can_lib.o
                0x0000025c                can_cmd
 .text.can_get_status
                0x00000eb4      0x1e8 can_lib.o
                0x00000eb4                can_get_status
 .text.LED_toggle
                0x0000109c       0x36 LED.o
                0x0000109c                LED_toggle
 .text.main     0x000010d2      0x1ce main.o
                0x000010d2                main
 .text.spi_initialize_master
                0x000012a0        0xc spi_lib.o
                0x000012a0                spi_initialize_master
 .text.spi_transfer
                0x000012ac       0x1a spi_lib.o
                0x000012ac                spi_transfer
 .text.SS_set_high
                0x000012c6        0xc spi_lib.o
                0x000012c6                SS_set_high
 .text.spi_transfer2
                0x000012d2       0x2c spi_lib.o
                0x000012d2                spi_transfer2
 .text.SS_set_low
                0x000012fe        0xc spi_lib.o
                0x000012fe                SS_set_low
 .text.__vector_12
                0x0000130a       0x1e Timer.o
                0x0000130a                __vector_12
 .text.timer_init
                0x00001328       0x10 Timer.o
                0x00001328                timer_init
 .text.delay_us
                0x00001338       0x24 Timer.o
                0x00001338                delay_us
 .text.delay_ms
                0x0000135c       0x2c Timer.o
                0x0000135c                delay_ms
 .text.delay_cycles
                0x00001388        0xe Timer.o
                0x00001388                delay_cycles
 .text.reg_read
                0x00001396       0x32 trans_lib.o
                0x00001396                reg_read
 .text.reg_write
                0x000013c8       0x32 trans_lib.o
                0x000013c8                reg_write
 .text.reg_read2F
                0x000013fa       0x28 trans_lib.o
                0x000013fa                reg_read2F
 .text.reg_write2F
                0x00001422       0x34 trans_lib.o
                0x00001422                reg_write2F
 .text.get_status
                0x00001456       0x3e trans_lib.o
                0x00001456                get_status
 .text.cmd_str  0x00001494       0x10 trans_lib.o
                0x00001494                cmd_str
 .text.dir_FIFO_read
                0x000014a4       0x2c trans_lib.o
                0x000014a4                dir_FIFO_read
 .text.reg_write_bit
                0x000014d0       0x4e trans_lib.o
                0x000014d0                reg_write_bit
 .text.reg_write_bit2F
                0x0000151e       0x4e trans_lib.o
                0x0000151e                reg_write_bit2F
 .text.transceiver_initialize
                0x0000156c      0x1c2 trans_lib.o
                0x0000156c                transceiver_initialize
 .text.libgcc   0x0000172e        0xc c:/program files (x86)/atmel/atmel toolchain/avr8 gcc/native/3.4.1061/avr8-gnu-toolchain/bin/../lib/gcc/avr/4.8.1/avr5\libgcc.a(_tablejump.o)
                0x0000172e                __tablejump2__
                0x00001732                __tablejump__
                0x0000173a                . = ALIGN (0x2)
 *(.fini9)
 .fini9         0x0000173a        0x0 c:/program files (x86)/atmel/atmel toolchain/avr8 gcc/native/3.4.1061/avr8-gnu-toolchain/bin/../lib/gcc/avr/4.8.1/avr5\libgcc.a(_exit.o)
                0x0000173a                _exit
                0x0000173a                exit
 *(.fini9)
 *(.fini8)
 *(.fini8)
 *(.fini7)
 *(.fini7)
 *(.fini6)
 *(.fini6)
 *(.fini5)
 *(.fini5)
 *(.fini4)
 *(.fini4)
 *(.fini3)
 *(.fini3)
 *(.fini2)
 *(.fini2)
 *(.fini1)
 *(.fini1)
 *(.fini0)
 .fini0         0x0000173a        0x4 c:/program files (x86)/atmel/atmel toolchain/avr8 gcc/native/3.4.1061/avr8-gnu-toolchain/bin/../lib/gcc/avr/4.8.1/avr5\libgcc.a(_exit.o)
 *(.fini0)
                0x0000173e                _etext = .

.data           0x00800100        0x0 load address 0x0000173e
                0x00800100                PROVIDE (__data_start, .)
 *(.data)
 *(.data*)
 *(.rodata)
 *(.rodata*)
 *(.gnu.linkonce.d*)
                0x00800100                . = ALIGN (0x2)
                0x00800100                _edata = .
                0x00800100                PROVIDE (__data_end, .)

.bss            0x00800100       0x52
                0x00800100                PROVIDE (__bss_start, .)
 *(.bss)
 *(.bss*)
 *(COMMON)
 COMMON         0x00800100       0x51 can_api.o
                0x00800100                data1
                0x00800108                data2
                0x00800110                send_arr
                0x00800118                data4
                0x00800120                message
                0x0080012c                send_now
                0x0080012d                data0
                0x00800135                send_hk
                0x00800136                receive_arr
                0x0080013e                data3
                0x00800146                send_data
                0x00800147                data5
                0x0080014f                mob_number
                0x00800150                status
 COMMON         0x00800151        0x1 main.o
                0x00800151                CTC_flag
                0x00800152                PROVIDE (__bss_end, .)
                0x0000173e                __data_load_start = LOADADDR (.data)
                0x0000173e                __data_load_end = (__data_load_start + SIZEOF (.data))

.noinit         0x00800152        0x0
                0x00800152                PROVIDE (__noinit_start, .)
 *(.noinit*)
                0x00800152                PROVIDE (__noinit_end, .)
                0x00800152                _end = .
                0x00800152                PROVIDE (__heap_start, .)

.eeprom         0x00810000        0x0
 *(.eeprom*)
                0x00810000                __eeprom_end = .

.fuse
 *(.fuse)
 *(.lfuse)
 *(.hfuse)
 *(.efuse)

.lock
 *(.lock*)

.signature
 *(.signature*)

.user_signatures
 *(.user_signatures*)

.stab
 *(.stab)

.stabstr
 *(.stabstr)

.stab.excl
 *(.stab.excl)

.stab.exclstr
 *(.stab.exclstr)

.stab.index
 *(.stab.index)

.stab.indexstr
 *(.stab.indexstr)

.comment        0x00000000       0x30
 *(.comment)
 .comment       0x00000000       0x30 adc_lib.o
                                 0x31 (size before relaxing)
 .comment       0x00000000       0x31 can_api.o
 .comment       0x00000000       0x31 can_drv.o
 .comment       0x00000000       0x31 can_lib.o
 .comment       0x00000000       0x31 LED.o
 .comment       0x00000000       0x31 main.o
 .comment       0x00000000       0x31 spi_lib.o
 .comment       0x00000000       0x31 Timer.o
 .comment       0x00000000       0x31 trans_lib.o

.note.gnu.build-id
 *(.note.gnu.build-id)

.debug
 *(.debug)

.line
 *(.line)

.debug_srcinfo
 *(.debug_srcinfo)

.debug_sfnames
 *(.debug_sfnames)

.debug_aranges  0x00000000      0x238
 *(.debug_aranges)
 .debug_aranges
                0x00000000       0x28 adc_lib.o
 .debug_aranges
                0x00000028       0x38 can_api.o
 .debug_aranges
                0x00000060       0x48 can_drv.o
 .debug_aranges
                0x000000a8       0x30 can_lib.o
 .debug_aranges
                0x000000d8       0x38 LED.o
 .debug_aranges
                0x00000110       0x20 main.o
 .debug_aranges
                0x00000130       0x40 spi_lib.o
 .debug_aranges
                0x00000170       0x40 Timer.o
 .debug_aranges
                0x000001b0       0x88 trans_lib.o

.debug_pubnames
 *(.debug_pubnames)

.debug_info     0x00000000     0x2bbb
 *(.debug_info .gnu.linkonce.wi.*)
 .debug_info    0x00000000       0xdf adc_lib.o
 .debug_info    0x000000df      0x63f can_api.o
 .debug_info    0x0000071e      0x2e8 can_drv.o
 .debug_info    0x00000a06      0x441 can_lib.o
 .debug_info    0x00000e47      0x111 LED.o
 .debug_info    0x00000f58      0x7b4 main.o
 .debug_info    0x0000170c      0x268 spi_lib.o
 .debug_info    0x00001974      0x16a Timer.o
 .debug_info    0x00001ade     0x10dd trans_lib.o

.debug_abbrev   0x00000000      0xcc8
 *(.debug_abbrev)
 .debug_abbrev  0x00000000       0xa1 adc_lib.o
 .debug_abbrev  0x000000a1      0x1aa can_api.o
 .debug_abbrev  0x0000024b      0x12c can_drv.o
 .debug_abbrev  0x00000377      0x261 can_lib.o
 .debug_abbrev  0x000005d8       0x7a LED.o
 .debug_abbrev  0x00000652      0x1bd main.o
 .debug_abbrev  0x0000080f      0x10a spi_lib.o
 .debug_abbrev  0x00000919      0x102 Timer.o
 .debug_abbrev  0x00000a1b      0x2ad trans_lib.o

.debug_line     0x00000000      0xef8
 *(.debug_line .debug_line.* .debug_line_end)
 .debug_line    0x00000000       0xc1 adc_lib.o
 .debug_line    0x000000c1      0x1dc can_api.o
 .debug_line    0x0000029d      0x2a2 can_drv.o
 .debug_line    0x0000053f      0x2a1 can_lib.o
 .debug_line    0x000007e0       0xe6 LED.o
 .debug_line    0x000008c6      0x194 main.o
 .debug_line    0x00000a5a      0x115 spi_lib.o
 .debug_line    0x00000b6f      0x115 Timer.o
 .debug_line    0x00000c84      0x274 trans_lib.o

.debug_frame    0x00000000      0x4c4
 *(.debug_frame)
 .debug_frame   0x00000000       0x34 adc_lib.o
 .debug_frame   0x00000034       0x6c can_api.o
 .debug_frame   0x000000a0       0xd4 can_drv.o
 .debug_frame   0x00000174       0x60 can_lib.o
 .debug_frame   0x000001d4       0x54 LED.o
 .debug_frame   0x00000228       0x24 main.o
 .debug_frame   0x0000024c       0x64 spi_lib.o
 .debug_frame   0x000002b0       0x88 Timer.o
 .debug_frame   0x00000338      0x18c trans_lib.o

.debug_str      0x00000000      0x6e0
 *(.debug_str)
 .debug_str     0x00000000      0x158 adc_lib.o
                                0x18c (size before relaxing)
 .debug_str     0x00000158      0x1e3 can_api.o
                                0x34c (size before relaxing)
 .debug_str     0x0000033b      0x147 can_drv.o
                                0x2b9 (size before relaxing)
 .debug_str     0x00000482       0x48 can_lib.o
                                0x330 (size before relaxing)
 .debug_str     0x000004ca       0x29 LED.o
                                0x187 (size before relaxing)
 .debug_str     0x000004f3       0xe1 main.o
                                0x3f7 (size before relaxing)
 .debug_str     0x000005d4       0x4d spi_lib.o
                                0x1f9 (size before relaxing)
 .debug_str     0x00000621       0x19 Timer.o
                                0x1af (size before relaxing)
 .debug_str     0x0000063a       0xa6 trans_lib.o
                                0x413 (size before relaxing)

.debug_loc      0x00000000     0x1b33
 *(.debug_loc)
 .debug_loc     0x00000000       0x5d adc_lib.o
 .debug_loc     0x0000005d      0x1d3 can_api.o
 .debug_loc     0x00000230      0x962 can_drv.o
 .debug_loc     0x00000b92      0x3ec can_lib.o
 .debug_loc     0x00000f7e       0x9d LED.o
 .debug_loc     0x0000101b       0x98 main.o
 .debug_loc     0x000010b3      0x1b0 spi_lib.o
 .debug_loc     0x00001263      0x130 Timer.o
 .debug_loc     0x00001393      0x7a0 trans_lib.o

.debug_macinfo
 *(.debug_macinfo)

.debug_weaknames
 *(.debug_weaknames)

.debug_funcnames
 *(.debug_funcnames)

.debug_typenames
 *(.debug_typenames)

.debug_varnames
 *(.debug_varnames)

.debug_pubtypes
 *(.debug_pubtypes)

.debug_ranges   0x00000000      0x1f0
 *(.debug_ranges)
 .debug_ranges  0x00000000       0x18 adc_lib.o
 .debug_ranges  0x00000018       0x28 can_api.o
 .debug_ranges  0x00000040       0x68 can_drv.o
 .debug_ranges  0x000000a8       0x38 can_lib.o
 .debug_ranges  0x000000e0       0x28 LED.o
 .debug_ranges  0x00000108       0x10 main.o
 .debug_ranges  0x00000118       0x30 spi_lib.o
 .debug_ranges  0x00000148       0x30 Timer.o
 .debug_ranges  0x00000178       0x78 trans_lib.o

.debug_macro
 *(.debug_macro)
OUTPUT(Subsystem_Program.elf elf32-avr)
LOAD linker stubs
