Archive member included because of file (symbol)

f:/atmel toolchain/avr8 gcc/native/3.4.1061/avr8-gnu-toolchain/bin/../lib/gcc/avr/4.8.1/avr5\libgcc.a(_exit.o)
                              f:/atmel toolchain/avr8 gcc/native/3.4.1061/avr8-gnu-toolchain/bin/../lib/gcc/avr/4.8.1/../../../../avr/lib/avr5/crtm32m1.o (exit)
f:/atmel toolchain/avr8 gcc/native/3.4.1061/avr8-gnu-toolchain/bin/../lib/gcc/avr/4.8.1/avr5\libgcc.a(_tablejump.o)
                              can_api.o (__tablejump2__)
f:/atmel toolchain/avr8 gcc/native/3.4.1061/avr8-gnu-toolchain/bin/../lib/gcc/avr/4.8.1/avr5\libgcc.a(_copy_data.o)
                              trans_lib.o (__do_copy_data)
f:/atmel toolchain/avr8 gcc/native/3.4.1061/avr8-gnu-toolchain/bin/../lib/gcc/avr/4.8.1/avr5\libgcc.a(_clear_bss.o)
                              battBalance.o (__do_clear_bss)

Allocating common symbols
Common symbol       size              file

epstemp             0x1               battBalance.o
LOW_POWER_MODE      0x1               battBalance.o
MAX_WAIT_TIME       0x4               battBalance.o
tm_sequence_count   0x1               battBalance.o
event_readyf        0x1               battBalance.o
write_arr           0x8               battBalance.o
battout             0x1               battBalance.o
pyi                 0x1               battBalance.o
battv               0x1               battBalance.o
FAILED_COUNT        0x1               battBalance.o
battv_low           0x2               battBalance.o
payv_low            0x2               battBalance.o
battout_high        0x2               battBalance.o
msg_received        0x1               can_api.o
tm_to_downlink      0x98              battBalance.o
payv_high           0x2               battBalance.o
event_arr           0x8               battBalance.o
pyv_high            0x2               battBalance.o
ISALIVE_COUNTER     0x4               battBalance.o
data1               0x8               battBalance.o
ssm_fdir_signal     0x1               battBalance.o
data2               0x8               battBalance.o
ssm_ok_go_timeout   0x1               battBalance.o
REQUEST_ALIVE_IN_PROG
                    0x1               battBalance.o
send_arr            0x8               battBalance.o
epstemp_high        0x2               battBalance.o
epstemp_low         0x2               battBalance.o
data4               0x8               battBalance.o
comsi_high          0x2               battBalance.o
pause_operationsf   0x1               battBalance.o
balance_h           0x1               battBalance.o
resume_operationsf  0x1               battBalance.o
setv_arr            0x8               battBalance.o
pxi_low             0x2               battBalance.o
obcv_high           0x2               battBalance.o
write_response      0x1               battBalance.o
sensh_arr           0x8               battBalance.o
balance_l           0x1               battBalance.o
comsi               0x1               battBalance.o
start_tc_transferf  0x1               battBalance.o
enter_low_powerf    0x1               battBalance.o
battin_high         0x2               battBalance.o
tc_transfer_completef
                    0x1               battBalance.o
resume_msg          0x8               battBalance.o
payv                0x1               battBalance.o
comsv_high          0x2               battBalance.o
message             0xc               can_api.o
data_req_arr        0x8               battBalance.o
ask_alive           0x1               battBalance.o
comsv_low           0x2               battBalance.o
battmv_low          0x2               battBalance.o
obci                0x1               battBalance.o
mppty               0x1               battBalance.o
battmv_high         0x2               battBalance.o
CURRENT_MINUTE      0x1               battBalance.o
exit_low_powerf     0x1               battBalance.o
pxv_high            0x2               battBalance.o
pause_msg           0x8               battBalance.o
pyv                 0x1               battBalance.o
send_now            0x1               battBalance.o
mpptx               0x1               battBalance.o
battin              0x1               battBalance.o
new_tm_msgf         0x1               battBalance.o
comsv               0x1               battBalance.o
payi_low            0x2               battBalance.o
ssm_consec_trans_timeout
                    0x1               battBalance.o
trans_msg           0x6               can_api.o
read_response       0x1               battBalance.o
current_tm          0x98              battBalance.o
exit_take_overf     0x1               battBalance.o
data0               0x8               battBalance.o
battin_low          0x2               battBalance.o
shuntdpot           0x1               battBalance.o
send_hk             0x1               battBalance.o
obci_high           0x2               battBalance.o
CTC_flag            0x1               main.o
pxv_low             0x2               battBalance.o
pyv_low             0x2               battBalance.o
REQUEST_TAKEOVER    0x1               battBalance.o
battmv              0x1               battBalance.o
receive_arr         0x8               battBalance.o
id_array            0x6               battBalance.o
payi                0x1               battBalance.o
pyi_low             0x2               battBalance.o
data3               0x8               battBalance.o
set_sens_h          0x1               battBalance.o
tc_packet_readyf    0x1               battBalance.o
current_tm_fullf    0x1               battBalance.o
send_data           0x1               battBalance.o
set_varf            0x1               battBalance.o
set_sens_l          0x1               battBalance.o
enter_take_overf    0x1               battBalance.o
obcv                0x1               battBalance.o
new_tm_msg          0x8               battBalance.o
pxv                 0x2               battBalance.o
pxi                 0x1               battBalance.o
battv_high          0x2               battBalance.o
battout_low         0x2               battBalance.o
data5               0x8               battBalance.o
obci_low            0x2               battBalance.o
mob_number          0x1               battBalance.o
comsi_low           0x2               battBalance.o
TAKEOVER            0x1               battBalance.o
payi_high           0x2               battBalance.o
receiving_tmf       0x1               battBalance.o
new_tc_msg          0x8               battBalance.o
obcv_low            0x2               battBalance.o
sensl_arr           0x8               battBalance.o
status              0x1               battBalance.o
pxi_high            0x2               battBalance.o
current_tc          0x98              battBalance.o
pyi_high            0x2               battBalance.o
read_arr            0x8               battBalance.o
PAUSE               0x1               battBalance.o

Discarded input sections

 .data          0x00000000        0x0 f:/atmel toolchain/avr8 gcc/native/3.4.1061/avr8-gnu-toolchain/bin/../lib/gcc/avr/4.8.1/../../../../avr/lib/avr5/crtm32m1.o
 .bss           0x00000000        0x0 f:/atmel toolchain/avr8 gcc/native/3.4.1061/avr8-gnu-toolchain/bin/../lib/gcc/avr/4.8.1/../../../../avr/lib/avr5/crtm32m1.o
 .text          0x00000000        0x0 adc_lib.o
 .data          0x00000000        0x0 adc_lib.o
 .bss           0x00000000        0x0 adc_lib.o
 .text.adc_read
                0x00000000       0x12 adc_lib.o
 .text.adc_set_pin
                0x00000000        0x6 adc_lib.o
 .text          0x00000000        0x0 battBalance.o
 .data          0x00000000        0x0 battBalance.o
 .bss           0x00000000        0x0 battBalance.o
 .text          0x00000000        0x0 can_api.o
 .data          0x00000000        0x0 can_api.o
 .bss           0x00000000        0x0 can_api.o
 .text          0x00000000        0x0 can_drv.o
 .data          0x00000000        0x0 can_drv.o
 .bss           0x00000000        0x0 can_drv.o
 .text.can_get_mob_free
                0x00000000       0x40 can_drv.o
 .text.can_auto_baudrate
                0x00000000      0x3b8 can_drv.o
 .text          0x00000000        0x0 can_lib.o
 .data          0x00000000        0x0 can_lib.o
 .bss           0x00000000        0x0 can_lib.o
 .text          0x00000000        0x0 commands.o
 .data          0x00000000        0x0 commands.o
 .bss           0x00000000        0x0 commands.o
 .text          0x00000000        0x0 comsTimer.o
 .data          0x00000000        0x0 comsTimer.o
 .bss           0x00000000        0x0 comsTimer.o
 .text.coms_timer_init
                0x00000000       0x10 comsTimer.o
 .debug_info    0x00000000      0x8b8 comsTimer.o
 .debug_abbrev  0x00000000       0x9f comsTimer.o
 .debug_aranges
                0x00000000       0x20 comsTimer.o
 .debug_ranges  0x00000000       0x10 comsTimer.o
 .debug_line    0x00000000       0xa8 comsTimer.o
 .debug_str     0x00000000      0x612 comsTimer.o
 .comment       0x00000000       0x31 comsTimer.o
 .debug_frame   0x00000000       0x24 comsTimer.o
 .text          0x00000000        0x0 main.o
 .data          0x00000000        0x0 main.o
 .bss           0x00000000        0x0 main.o
 .text.check_obc_alive
                0x00000000       0x62 main.o
 .text          0x00000000        0x0 mppt_timer.o
 .data          0x00000000        0x0 mppt_timer.o
 .bss           0x00000000        0x0 mppt_timer.o
 .text.set_duty_cycleX
                0x00000000        0x4 mppt_timer.o
 .text.set_duty_cycleY
                0x00000000        0x4 mppt_timer.o
 .text          0x00000000        0x0 port.o
 .data          0x00000000        0x0 port.o
 .bss           0x00000000        0x0 port.o
 .text.LED_Reg_Write
                0x00000000        0x6 port.o
 .text.PIN_toggle
                0x00000000       0xda port.o
 .text          0x00000000        0x0 spi_lib.o
 .data          0x00000000        0x0 spi_lib.o
 .bss           0x00000000        0x0 spi_lib.o
 .text.SS_set_high
                0x00000000        0xc spi_lib.o
 .text.spi_transfer2
                0x00000000       0x30 spi_lib.o
 .text.SS_set_low
                0x00000000        0xc spi_lib.o
 .text.spi_transfer
                0x00000000       0x24 spi_lib.o
 .text          0x00000000        0x0 Timer.o
 .data          0x00000000        0x0 Timer.o
 .bss           0x00000000        0x0 Timer.o
 .text.delay_cycles
                0x00000000        0xe Timer.o
 .text          0x00000000        0x0 trans_lib.o
 .data          0x00000000        0x0 trans_lib.o
 .bss           0x00000000        0x0 trans_lib.o
 .text.reg_read
                0x00000000       0x32 trans_lib.o
 .text.reg_write
                0x00000000       0x32 trans_lib.o
 .text.reg_read2F
                0x00000000       0x3e trans_lib.o
 .text.cmd_str  0x00000000       0x22 trans_lib.o
 .text.reg_write2F
                0x00000000       0x46 trans_lib.o
 .text.get_status
                0x00000000       0x1a trans_lib.o
 .text.dir_FIFO_read
                0x00000000       0x44 trans_lib.o
 .text.dir_FIFO_write
                0x00000000       0x46 trans_lib.o
 .text.set_CSn  0x00000000       0x10 trans_lib.o
 .text.reg_write_bit
                0x00000000       0x4e trans_lib.o
 .text.reg_write_bit2F
                0x00000000       0x4e trans_lib.o
 .text.transceiver_initialize
                0x00000000      0x182 trans_lib.o
 .text.trans_check
                0x00000000       0x84 trans_lib.o
 .rodata        0x00000000        0xa trans_lib.o
 .text.transceiver_send
                0x00000000       0x92 trans_lib.o
 .text.transceiver_receive
                0x00000000       0x6c trans_lib.o
 .bss.flag      0x00000000        0x1 trans_lib.o
 .debug_info    0x00000000     0x191b trans_lib.o
 .debug_abbrev  0x00000000      0x266 trans_lib.o
 .debug_loc     0x00000000      0x876 trans_lib.o
 .debug_aranges
                0x00000000       0x90 trans_lib.o
 .debug_ranges  0x00000000       0x80 trans_lib.o
 .debug_line    0x00000000      0x272 trans_lib.o
 .debug_str     0x00000000      0x76f trans_lib.o
 .comment       0x00000000       0x31 trans_lib.o
 .debug_frame   0x00000000      0x1b4 trans_lib.o
 .text          0x00000000        0x0 f:/atmel toolchain/avr8 gcc/native/3.4.1061/avr8-gnu-toolchain/bin/../lib/gcc/avr/4.8.1/avr5\libgcc.a(_exit.o)
 .data          0x00000000        0x0 f:/atmel toolchain/avr8 gcc/native/3.4.1061/avr8-gnu-toolchain/bin/../lib/gcc/avr/4.8.1/avr5\libgcc.a(_exit.o)
 .bss           0x00000000        0x0 f:/atmel toolchain/avr8 gcc/native/3.4.1061/avr8-gnu-toolchain/bin/../lib/gcc/avr/4.8.1/avr5\libgcc.a(_exit.o)
 .text.libgcc.mul
                0x00000000        0x0 f:/atmel toolchain/avr8 gcc/native/3.4.1061/avr8-gnu-toolchain/bin/../lib/gcc/avr/4.8.1/avr5\libgcc.a(_exit.o)
 .text.libgcc.div
                0x00000000        0x0 f:/atmel toolchain/avr8 gcc/native/3.4.1061/avr8-gnu-toolchain/bin/../lib/gcc/avr/4.8.1/avr5\libgcc.a(_exit.o)
 .text.libgcc   0x00000000        0x0 f:/atmel toolchain/avr8 gcc/native/3.4.1061/avr8-gnu-toolchain/bin/../lib/gcc/avr/4.8.1/avr5\libgcc.a(_exit.o)
 .text.libgcc.prologue
                0x00000000        0x0 f:/atmel toolchain/avr8 gcc/native/3.4.1061/avr8-gnu-toolchain/bin/../lib/gcc/avr/4.8.1/avr5\libgcc.a(_exit.o)
 .text.libgcc.builtins
                0x00000000        0x0 f:/atmel toolchain/avr8 gcc/native/3.4.1061/avr8-gnu-toolchain/bin/../lib/gcc/avr/4.8.1/avr5\libgcc.a(_exit.o)
 .text.libgcc.fmul
                0x00000000        0x0 f:/atmel toolchain/avr8 gcc/native/3.4.1061/avr8-gnu-toolchain/bin/../lib/gcc/avr/4.8.1/avr5\libgcc.a(_exit.o)
 .text.libgcc.fixed
                0x00000000        0x0 f:/atmel toolchain/avr8 gcc/native/3.4.1061/avr8-gnu-toolchain/bin/../lib/gcc/avr/4.8.1/avr5\libgcc.a(_exit.o)
 .text          0x00000000        0x0 f:/atmel toolchain/avr8 gcc/native/3.4.1061/avr8-gnu-toolchain/bin/../lib/gcc/avr/4.8.1/avr5\libgcc.a(_tablejump.o)
 .data          0x00000000        0x0 f:/atmel toolchain/avr8 gcc/native/3.4.1061/avr8-gnu-toolchain/bin/../lib/gcc/avr/4.8.1/avr5\libgcc.a(_tablejump.o)
 .bss           0x00000000        0x0 f:/atmel toolchain/avr8 gcc/native/3.4.1061/avr8-gnu-toolchain/bin/../lib/gcc/avr/4.8.1/avr5\libgcc.a(_tablejump.o)
 .text.libgcc.mul
                0x00000000        0x0 f:/atmel toolchain/avr8 gcc/native/3.4.1061/avr8-gnu-toolchain/bin/../lib/gcc/avr/4.8.1/avr5\libgcc.a(_tablejump.o)
 .text.libgcc.div
                0x00000000        0x0 f:/atmel toolchain/avr8 gcc/native/3.4.1061/avr8-gnu-toolchain/bin/../lib/gcc/avr/4.8.1/avr5\libgcc.a(_tablejump.o)
 .text.libgcc.prologue
                0x00000000        0x0 f:/atmel toolchain/avr8 gcc/native/3.4.1061/avr8-gnu-toolchain/bin/../lib/gcc/avr/4.8.1/avr5\libgcc.a(_tablejump.o)
 .text.libgcc.builtins
                0x00000000        0x0 f:/atmel toolchain/avr8 gcc/native/3.4.1061/avr8-gnu-toolchain/bin/../lib/gcc/avr/4.8.1/avr5\libgcc.a(_tablejump.o)
 .text.libgcc.fmul
                0x00000000        0x0 f:/atmel toolchain/avr8 gcc/native/3.4.1061/avr8-gnu-toolchain/bin/../lib/gcc/avr/4.8.1/avr5\libgcc.a(_tablejump.o)
 .text.libgcc.fixed
                0x00000000        0x0 f:/atmel toolchain/avr8 gcc/native/3.4.1061/avr8-gnu-toolchain/bin/../lib/gcc/avr/4.8.1/avr5\libgcc.a(_tablejump.o)
 .text          0x00000000        0x0 f:/atmel toolchain/avr8 gcc/native/3.4.1061/avr8-gnu-toolchain/bin/../lib/gcc/avr/4.8.1/avr5\libgcc.a(_copy_data.o)
 .data          0x00000000        0x0 f:/atmel toolchain/avr8 gcc/native/3.4.1061/avr8-gnu-toolchain/bin/../lib/gcc/avr/4.8.1/avr5\libgcc.a(_copy_data.o)
 .bss           0x00000000        0x0 f:/atmel toolchain/avr8 gcc/native/3.4.1061/avr8-gnu-toolchain/bin/../lib/gcc/avr/4.8.1/avr5\libgcc.a(_copy_data.o)
 .text.libgcc.mul
                0x00000000        0x0 f:/atmel toolchain/avr8 gcc/native/3.4.1061/avr8-gnu-toolchain/bin/../lib/gcc/avr/4.8.1/avr5\libgcc.a(_copy_data.o)
 .text.libgcc.div
                0x00000000        0x0 f:/atmel toolchain/avr8 gcc/native/3.4.1061/avr8-gnu-toolchain/bin/../lib/gcc/avr/4.8.1/avr5\libgcc.a(_copy_data.o)
 .text.libgcc   0x00000000        0x0 f:/atmel toolchain/avr8 gcc/native/3.4.1061/avr8-gnu-toolchain/bin/../lib/gcc/avr/4.8.1/avr5\libgcc.a(_copy_data.o)
 .text.libgcc.prologue
                0x00000000        0x0 f:/atmel toolchain/avr8 gcc/native/3.4.1061/avr8-gnu-toolchain/bin/../lib/gcc/avr/4.8.1/avr5\libgcc.a(_copy_data.o)
 .text.libgcc.builtins
                0x00000000        0x0 f:/atmel toolchain/avr8 gcc/native/3.4.1061/avr8-gnu-toolchain/bin/../lib/gcc/avr/4.8.1/avr5\libgcc.a(_copy_data.o)
 .text.libgcc.fmul
                0x00000000        0x0 f:/atmel toolchain/avr8 gcc/native/3.4.1061/avr8-gnu-toolchain/bin/../lib/gcc/avr/4.8.1/avr5\libgcc.a(_copy_data.o)
 .text.libgcc.fixed
                0x00000000        0x0 f:/atmel toolchain/avr8 gcc/native/3.4.1061/avr8-gnu-toolchain/bin/../lib/gcc/avr/4.8.1/avr5\libgcc.a(_copy_data.o)
 .text          0x00000000        0x0 f:/atmel toolchain/avr8 gcc/native/3.4.1061/avr8-gnu-toolchain/bin/../lib/gcc/avr/4.8.1/avr5\libgcc.a(_clear_bss.o)
 .data          0x00000000        0x0 f:/atmel toolchain/avr8 gcc/native/3.4.1061/avr8-gnu-toolchain/bin/../lib/gcc/avr/4.8.1/avr5\libgcc.a(_clear_bss.o)
 .bss           0x00000000        0x0 f:/atmel toolchain/avr8 gcc/native/3.4.1061/avr8-gnu-toolchain/bin/../lib/gcc/avr/4.8.1/avr5\libgcc.a(_clear_bss.o)
 .text.libgcc.mul
                0x00000000        0x0 f:/atmel toolchain/avr8 gcc/native/3.4.1061/avr8-gnu-toolchain/bin/../lib/gcc/avr/4.8.1/avr5\libgcc.a(_clear_bss.o)
 .text.libgcc.div
                0x00000000        0x0 f:/atmel toolchain/avr8 gcc/native/3.4.1061/avr8-gnu-toolchain/bin/../lib/gcc/avr/4.8.1/avr5\libgcc.a(_clear_bss.o)
 .text.libgcc   0x00000000        0x0 f:/atmel toolchain/avr8 gcc/native/3.4.1061/avr8-gnu-toolchain/bin/../lib/gcc/avr/4.8.1/avr5\libgcc.a(_clear_bss.o)
 .text.libgcc.prologue
                0x00000000        0x0 f:/atmel toolchain/avr8 gcc/native/3.4.1061/avr8-gnu-toolchain/bin/../lib/gcc/avr/4.8.1/avr5\libgcc.a(_clear_bss.o)
 .text.libgcc.builtins
                0x00000000        0x0 f:/atmel toolchain/avr8 gcc/native/3.4.1061/avr8-gnu-toolchain/bin/../lib/gcc/avr/4.8.1/avr5\libgcc.a(_clear_bss.o)
 .text.libgcc.fmul
                0x00000000        0x0 f:/atmel toolchain/avr8 gcc/native/3.4.1061/avr8-gnu-toolchain/bin/../lib/gcc/avr/4.8.1/avr5\libgcc.a(_clear_bss.o)
 .text.libgcc.fixed
                0x00000000        0x0 f:/atmel toolchain/avr8 gcc/native/3.4.1061/avr8-gnu-toolchain/bin/../lib/gcc/avr/4.8.1/avr5\libgcc.a(_clear_bss.o)

Memory Configuration

Name             Origin             Length             Attributes
text             0x00000000         0x00020000         xr
data             0x00800060         0x0000ffa0         rw !x
eeprom           0x00810000         0x00010000         rw !x
fuse             0x00820000         0x00000400         rw !x
lock             0x00830000         0x00000400         rw !x
signature        0x00840000         0x00000400         rw !x
user_signatures  0x00850000         0x00000400         rw !x
*default*        0x00000000         0xffffffff

Linker script and memory map

Address of section .data set to 0x800100
LOAD f:/atmel toolchain/avr8 gcc/native/3.4.1061/avr8-gnu-toolchain/bin/../lib/gcc/avr/4.8.1/../../../../avr/lib/avr5/crtm32m1.o
LOAD adc_lib.o
LOAD battBalance.o
LOAD can_api.o
LOAD can_drv.o
LOAD can_lib.o
LOAD commands.o
LOAD comsTimer.o
LOAD main.o
LOAD mppt_timer.o
LOAD port.o
LOAD spi_lib.o
LOAD Timer.o
LOAD trans_lib.o
START GROUP
LOAD f:/atmel toolchain/avr8 gcc/native/3.4.1061/avr8-gnu-toolchain/bin/../lib/gcc/avr/4.8.1/../../../../avr/lib/avr5\libm.a
END GROUP
START GROUP
LOAD f:/atmel toolchain/avr8 gcc/native/3.4.1061/avr8-gnu-toolchain/bin/../lib/gcc/avr/4.8.1/avr5\libgcc.a
LOAD f:/atmel toolchain/avr8 gcc/native/3.4.1061/avr8-gnu-toolchain/bin/../lib/gcc/avr/4.8.1/../../../../avr/lib/avr5\libm.a
LOAD f:/atmel toolchain/avr8 gcc/native/3.4.1061/avr8-gnu-toolchain/bin/../lib/gcc/avr/4.8.1/../../../../avr/lib/avr5\libc.a
END GROUP

.hash
 *(.hash)

.dynsym
 *(.dynsym)

.dynstr
 *(.dynstr)

.gnu.version
 *(.gnu.version)

.gnu.version_d
 *(.gnu.version_d)

.gnu.version_r
 *(.gnu.version_r)

.rel.init
 *(.rel.init)

.rela.init
 *(.rela.init)

.rel.text
 *(.rel.text)
 *(.rel.text.*)
 *(.rel.gnu.linkonce.t*)

.rela.text
 *(.rela.text)
 *(.rela.text.*)
 *(.rela.gnu.linkonce.t*)

.rel.fini
 *(.rel.fini)

.rela.fini
 *(.rela.fini)

.rel.rodata
 *(.rel.rodata)
 *(.rel.rodata.*)
 *(.rel.gnu.linkonce.r*)

.rela.rodata
 *(.rela.rodata)
 *(.rela.rodata.*)
 *(.rela.gnu.linkonce.r*)

.rel.data
 *(.rel.data)
 *(.rel.data.*)
 *(.rel.gnu.linkonce.d*)

.rela.data
 *(.rela.data)
 *(.rela.data.*)
 *(.rela.gnu.linkonce.d*)

.rel.ctors
 *(.rel.ctors)

.rela.ctors
 *(.rela.ctors)

.rel.dtors
 *(.rel.dtors)

.rela.dtors
 *(.rela.dtors)

.rel.got
 *(.rel.got)

.rela.got
 *(.rela.got)

.rel.bss
 *(.rel.bss)

.rela.bss
 *(.rela.bss)

.rel.plt
 *(.rel.plt)

.rela.plt
 *(.rela.plt)

.text           0x00000000     0x26f6
 *(.vectors)
 .vectors       0x00000000       0x7c f:/atmel toolchain/avr8 gcc/native/3.4.1061/avr8-gnu-toolchain/bin/../lib/gcc/avr/4.8.1/../../../../avr/lib/avr5/crtm32m1.o
                0x00000000                __vector_default
                0x00000000                __vectors
 *(.vectors)
 *(.progmem.gcc*)
 .progmem.gcc_sw_table.decode_command
                0x0000007c       0x40 can_api.o
 .progmem.gcc_sw_table.can_cmd
                0x000000bc       0x16 can_lib.o
 .progmem.gcc_sw_table.set_var
                0x000000d2       0x2c commands.o
                0x000000fe                . = ALIGN (0x2)
                0x000000fe                __trampolines_start = .
 *(.trampolines)
 .trampolines   0x000000fe        0x0 linker stubs
 *(.trampolines*)
                0x000000fe                __trampolines_end = .
 *(.progmem*)
                0x000000fe                . = ALIGN (0x2)
 *(.jumptables)
 *(.jumptables*)
 *(.lowtext)
 *(.lowtext*)
                0x000000fe                __ctors_start = .
 *(.ctors)
                0x000000fe                __ctors_end = .
                0x000000fe                __dtors_start = .
 *(.dtors)
                0x000000fe                __dtors_end = .
 SORT(*)(.ctors)
 SORT(*)(.dtors)
 *(.init0)
 .init0         0x000000fe        0x0 f:/atmel toolchain/avr8 gcc/native/3.4.1061/avr8-gnu-toolchain/bin/../lib/gcc/avr/4.8.1/../../../../avr/lib/avr5/crtm32m1.o
                0x000000fe                __init
 *(.init0)
 *(.init1)
 *(.init1)
 *(.init2)
 .init2         0x000000fe        0xc f:/atmel toolchain/avr8 gcc/native/3.4.1061/avr8-gnu-toolchain/bin/../lib/gcc/avr/4.8.1/../../../../avr/lib/avr5/crtm32m1.o
 *(.init2)
 *(.init3)
 *(.init3)
 *(.init4)
 .init4         0x0000010a       0x16 f:/atmel toolchain/avr8 gcc/native/3.4.1061/avr8-gnu-toolchain/bin/../lib/gcc/avr/4.8.1/avr5\libgcc.a(_copy_data.o)
                0x0000010a                __do_copy_data
 .init4         0x00000120       0x10 f:/atmel toolchain/avr8 gcc/native/3.4.1061/avr8-gnu-toolchain/bin/../lib/gcc/avr/4.8.1/avr5\libgcc.a(_clear_bss.o)
                0x00000120                __do_clear_bss
 *(.init4)
 *(.init5)
 *(.init5)
 *(.init6)
 *(.init6)
 *(.init7)
 *(.init7)
 *(.init8)
 *(.init8)
 *(.init9)
 .init9         0x00000130        0x8 f:/atmel toolchain/avr8 gcc/native/3.4.1061/avr8-gnu-toolchain/bin/../lib/gcc/avr/4.8.1/../../../../avr/lib/avr5/crtm32m1.o
 *(.init9)
 *(.text)
 .text          0x00000138        0x4 f:/atmel toolchain/avr8 gcc/native/3.4.1061/avr8-gnu-toolchain/bin/../lib/gcc/avr/4.8.1/../../../../avr/lib/avr5/crtm32m1.o
                0x00000138                __vector_22
                0x00000138                __vector_28
                0x00000138                __vector_1
                0x00000138                __vector_24
                0x00000138                __bad_interrupt
                0x00000138                __vector_6
                0x00000138                __vector_3
                0x00000138                __vector_23
                0x00000138                __vector_30
                0x00000138                __vector_25
                0x00000138                __vector_11
                0x00000138                __vector_13
                0x00000138                __vector_19
                0x00000138                __vector_7
                0x00000138                __vector_27
                0x00000138                __vector_5
                0x00000138                __vector_4
                0x00000138                __vector_9
                0x00000138                __vector_2
                0x00000138                __vector_21
                0x00000138                __vector_29
                0x00000138                __vector_8
                0x00000138                __vector_26
                0x00000138                __vector_14
                0x00000138                __vector_10
                0x00000138                __vector_18
                0x00000138                __vector_20
                0x0000013c                . = ALIGN (0x2)
 *(.text.*)
 .text.adc_initialize
                0x0000013c       0x14 adc_lib.o
                0x0000013c                adc_initialize
 .text.run_battBalance
                0x00000150       0x3a battBalance.o
                0x00000150                run_battBalance
 .text.can_send_message
                0x0000018a       0x62 can_api.o
                0x0000018a                can_send_message
 .text.decode_command
                0x000001ec      0x1b0 can_api.o
                0x000001ec                decode_command
 .text.set_up_msg
                0x0000039c       0xb4 can_api.o
                0x0000039c                set_up_msg
 .text.clean_up_msg
                0x00000450      0x156 can_api.o
                0x00000450                clean_up_msg
 .text.can_check_housekeep
                0x000005a6       0x64 can_api.o
                0x000005a6                can_check_housekeep
 .text.can_check_general
                0x0000060a       0xb6 can_api.o
                0x0000060a                can_check_general
 .text.can_init_mobs
                0x000006c0      0x13e can_api.o
                0x000006c0                can_init_mobs
 .text.can_clear_all_mob
                0x000007fe       0x26 can_drv.o
                0x000007fe                can_clear_all_mob
 .text.can_get_mob_status
                0x00000824       0x2c can_drv.o
                0x00000824                can_get_mob_status
 .text.can_get_data
                0x00000850       0x14 can_drv.o
                0x00000850                can_get_data
 .text.can_fixed_baudrate
                0x00000864       0x1c can_drv.o
                0x00000864                can_fixed_baudrate
 .text.can_init
                0x00000880       0x1e can_lib.o
                0x00000880                can_init
 .text.can_cmd  0x0000089e      0xc58 can_lib.o
                0x0000089e                can_cmd
 .text.can_get_status
                0x000014f6      0x1cc can_lib.o
                0x000014f6                can_get_status
 .text.send_tm_transaction_response
                0x000016c2       0x36 commands.o
 .text.send_response
                0x000016f8       0x2a commands.o
                0x000016f8                send_response
 .text.send_housekeeping
                0x00001722       0x24 commands.o
                0x00001722                send_housekeeping
 .text.send_sensor_data
                0x00001746       0xb2 commands.o
                0x00001746                send_sensor_data
 .text.send_coms_packet
                0x000017f8       0x30 commands.o
                0x000017f8                send_coms_packet
 .text.send_read_response
                0x00001828       0x42 commands.o
                0x00001828                send_read_response
 .text.send_write_response
                0x0000186a       0x48 commands.o
                0x0000186a                send_write_response
 .text.set_sensor_high
                0x000018b2      0x1ca commands.o
                0x000018b2                set_sensor_high
 .text.set_sensor_low
                0x00001a7c      0x1ca commands.o
                0x00001a7c                set_sensor_low
 .text.set_var  0x00001c46       0x40 commands.o
                0x00001c46                set_var
 .text.receive_tm_msg
                0x00001c86      0x128 commands.o
                0x00001c86                receive_tm_msg
 .text.alert_obc_tcp_ready
                0x00001dae       0x26 commands.o
                0x00001dae                alert_obc_tcp_ready
 .text.send_pus_packet_tc
                0x00001dd4      0x182 commands.o
                0x00001dd4                send_pus_packet_tc
 .text.send_event
                0x00001f56       0x46 commands.o
                0x00001f56                send_event
 .text.send_ask_alive
                0x00001f9c       0x2a commands.o
                0x00001f9c                send_ask_alive
 .text.enter_low_power
                0x00001fc6       0x30 commands.o
                0x00001fc6                enter_low_power
 .text.exit_low_power
                0x00001ff6       0x2e commands.o
                0x00001ff6                exit_low_power
 .text.enter_take_over
                0x00002024       0x30 commands.o
                0x00002024                enter_take_over
 .text.exit_take_over
                0x00002054       0x2e commands.o
                0x00002054                exit_take_over
 .text.pause_operations
                0x00002082       0x30 commands.o
                0x00002082                pause_operations
 .text.resume_operations
                0x000020b2       0x2e commands.o
                0x000020b2                resume_operations
 .text.run_commands
                0x000020e0       0xc0 commands.o
                0x000020e0                run_commands
 .text.main     0x000021a0      0x270 main.o
                0x000021a0                main
 .text.__vector_15
                0x00002410       0x4a mppt_timer.o
                0x00002410                __vector_15
 .text.__vector_16
                0x0000245a       0x4a mppt_timer.o
                0x0000245a                __vector_16
 .text.__vector_17
                0x000024a4       0x50 mppt_timer.o
                0x000024a4                __vector_17
 .text.mppt_timer_init
                0x000024f4       0x18 mppt_timer.o
                0x000024f4                mppt_timer_init
 .text.run_mppt
                0x0000250c        0xe mppt_timer.o
                0x0000250c                run_mppt
 .text.PIN_set  0x0000251a       0x80 port.o
                0x0000251a                PIN_set
 .text.PIN_clr  0x0000259a       0x80 port.o
                0x0000259a                PIN_clr
 .text.spi_initialize_master
                0x0000261a        0xc spi_lib.o
                0x0000261a                spi_initialize_master
 .text.SS1_set_high
                0x00002626        0x4 spi_lib.o
                0x00002626                SS1_set_high
 .text.SS1_set_low
                0x0000262a        0x4 spi_lib.o
                0x0000262a                SS1_set_low
 .text.spi_retrieve_temp
                0x0000262e       0x3a spi_lib.o
                0x0000262e                spi_retrieve_temp
 .text.__vector_12
                0x00002668       0x1e Timer.o
                0x00002668                __vector_12
 .text.timer_init
                0x00002686       0x10 Timer.o
                0x00002686                timer_init
 .text.delay_us
                0x00002696       0x24 Timer.o
                0x00002696                delay_us
 .text.delay_ms
                0x000026ba       0x2c Timer.o
                0x000026ba                delay_ms
 .text.libgcc   0x000026e6        0xc f:/atmel toolchain/avr8 gcc/native/3.4.1061/avr8-gnu-toolchain/bin/../lib/gcc/avr/4.8.1/avr5\libgcc.a(_tablejump.o)
                0x000026e6                __tablejump2__
                0x000026ea                __tablejump__
                0x000026f2                . = ALIGN (0x2)
 *(.fini9)
 .fini9         0x000026f2        0x0 f:/atmel toolchain/avr8 gcc/native/3.4.1061/avr8-gnu-toolchain/bin/../lib/gcc/avr/4.8.1/avr5\libgcc.a(_exit.o)
                0x000026f2                _exit
                0x000026f2                exit
 *(.fini9)
 *(.fini8)
 *(.fini8)
 *(.fini7)
 *(.fini7)
 *(.fini6)
 *(.fini6)
 *(.fini5)
 *(.fini5)
 *(.fini4)
 *(.fini4)
 *(.fini3)
 *(.fini3)
 *(.fini2)
 *(.fini2)
 *(.fini1)
 *(.fini1)
 *(.fini0)
 .fini0         0x000026f2        0x4 f:/atmel toolchain/avr8 gcc/native/3.4.1061/avr8-gnu-toolchain/bin/../lib/gcc/avr/4.8.1/avr5\libgcc.a(_exit.o)
 *(.fini0)
                0x000026f6                _etext = .

.data           0x00800100        0x0 load address 0x000026f6
                0x00800100                PROVIDE (__data_start, .)
 *(.data)
 *(.data*)
 *(.rodata)
 *(.rodata*)
 *(.gnu.linkonce.d*)
                0x00800100                . = ALIGN (0x2)
                0x00800100                _edata = .
                0x00800100                PROVIDE (__data_end, .)

.bss            0x00800100      0x2f6
                0x00800100                PROVIDE (__bss_start, .)
 *(.bss)
 *(.bss*)
 *(COMMON)
 COMMON         0x00800100      0x2e2 battBalance.o
                0x00800100                epstemp
                0x00800101                LOW_POWER_MODE
                0x00800102                MAX_WAIT_TIME
                0x00800106                tm_sequence_count
                0x00800107                event_readyf
                0x00800108                write_arr
                0x00800110                battout
                0x00800111                pyi
                0x00800112                battv
                0x00800113                FAILED_COUNT
                0x00800114                battv_low
                0x00800116                payv_low
                0x00800118                battout_high
                0x0080011a                tm_to_downlink
                0x008001b2                payv_high
                0x008001b4                event_arr
                0x008001bc                pyv_high
                0x008001be                ISALIVE_COUNTER
                0x008001c2                data1
                0x008001ca                ssm_fdir_signal
                0x008001cb                data2
                0x008001d3                ssm_ok_go_timeout
                0x008001d4                REQUEST_ALIVE_IN_PROG
                0x008001d5                send_arr
                0x008001dd                epstemp_high
                0x008001df                epstemp_low
                0x008001e1                data4
                0x008001e9                comsi_high
                0x008001eb                pause_operationsf
                0x008001ec                balance_h
                0x008001ed                resume_operationsf
                0x008001ee                setv_arr
                0x008001f6                pxi_low
                0x008001f8                obcv_high
                0x008001fa                write_response
                0x008001fb                sensh_arr
                0x00800203                balance_l
                0x00800204                comsi
                0x00800205                start_tc_transferf
                0x00800206                enter_low_powerf
                0x00800207                battin_high
                0x00800209                tc_transfer_completef
                0x0080020a                resume_msg
                0x00800212                payv
                0x00800213                comsv_high
                0x00800215                data_req_arr
                0x0080021d                ask_alive
                0x0080021e                comsv_low
                0x00800220                battmv_low
                0x00800222                obci
                0x00800223                mppty
                0x00800224                battmv_high
                0x00800226                CURRENT_MINUTE
                0x00800227                exit_low_powerf
                0x00800228                pxv_high
                0x0080022a                pause_msg
                0x00800232                pyv
                0x00800233                send_now
                0x00800234                mpptx
                0x00800235                battin
                0x00800236                new_tm_msgf
                0x00800237                comsv
                0x00800238                payi_low
                0x0080023a                ssm_consec_trans_timeout
                0x0080023b                read_response
                0x0080023c                current_tm
                0x008002d4                exit_take_overf
                0x008002d5                data0
                0x008002dd                battin_low
                0x008002df                shuntdpot
                0x008002e0                send_hk
                0x008002e1                obci_high
                0x008002e3                pxv_low
                0x008002e5                pyv_low
                0x008002e7                REQUEST_TAKEOVER
                0x008002e8                battmv
                0x008002e9                receive_arr
                0x008002f1                id_array
                0x008002f7                payi
                0x008002f8                pyi_low
                0x008002fa                data3
                0x00800302                set_sens_h
                0x00800303                tc_packet_readyf
                0x00800304                current_tm_fullf
                0x00800305                send_data
                0x00800306                set_varf
                0x00800307                set_sens_l
                0x00800308                enter_take_overf
                0x00800309                obcv
                0x0080030a                new_tm_msg
                0x00800312                pxv
                0x00800314                pxi
                0x00800315                battv_high
                0x00800317                battout_low
                0x00800319                data5
                0x00800321                obci_low
                0x00800323                mob_number
                0x00800324                comsi_low
                0x00800326                TAKEOVER
                0x00800327                payi_high
                0x00800329                receiving_tmf
                0x0080032a                new_tc_msg
                0x00800332                obcv_low
                0x00800334                sensl_arr
                0x0080033c                status
                0x0080033d                pxi_high
                0x0080033f                current_tc
                0x008003d7                pyi_high
                0x008003d9                read_arr
                0x008003e1                PAUSE
 COMMON         0x008003e2       0x13 can_api.o
                0x008003e2                msg_received
                0x008003e3                message
                0x008003ef                trans_msg
 COMMON         0x008003f5        0x1 main.o
                0x008003f5                CTC_flag
                0x008003f6                PROVIDE (__bss_end, .)
                0x000026f6                __data_load_start = LOADADDR (.data)
                0x000026f6                __data_load_end = (__data_load_start + SIZEOF (.data))

.noinit         0x008003f6        0x0
                0x008003f6                PROVIDE (__noinit_start, .)
 *(.noinit*)
                0x008003f6                PROVIDE (__noinit_end, .)
                0x008003f6                _end = .
                0x008003f6                PROVIDE (__heap_start, .)

.eeprom         0x00810000        0x0
 *(.eeprom*)
                0x00810000                __eeprom_end = .

.fuse
 *(.fuse)
 *(.lfuse)
 *(.hfuse)
 *(.efuse)

.lock
 *(.lock*)

.signature
 *(.signature*)

.user_signatures
 *(.user_signatures*)

.stab
 *(.stab)

.stabstr
 *(.stabstr)

.stab.excl
 *(.stab.excl)

.stab.exclstr
 *(.stab.exclstr)

.stab.index
 *(.stab.index)

.stab.indexstr
 *(.stab.indexstr)

.comment        0x00000000       0x30
 *(.comment)
 .comment       0x00000000       0x30 adc_lib.o
                                 0x31 (size before relaxing)
 .comment       0x00000000       0x31 battBalance.o
 .comment       0x00000000       0x31 can_api.o
 .comment       0x00000000       0x31 can_drv.o
 .comment       0x00000000       0x31 can_lib.o
 .comment       0x00000000       0x31 commands.o
 .comment       0x00000000       0x31 main.o
 .comment       0x00000000       0x31 mppt_timer.o
 .comment       0x00000000       0x31 port.o
 .comment       0x00000000       0x31 spi_lib.o
 .comment       0x00000000       0x31 Timer.o

.note.gnu.build-id
 *(.note.gnu.build-id)

.debug
 *(.debug)

.line
 *(.line)

.debug_srcinfo
 *(.debug_srcinfo)

.debug_sfnames
 *(.debug_sfnames)

.debug_aranges  0x00000000      0x328
 *(.debug_aranges)
 .debug_aranges
                0x00000000       0x30 adc_lib.o
 .debug_aranges
                0x00000030       0x20 battBalance.o
 .debug_aranges
                0x00000050       0x50 can_api.o
 .debug_aranges
                0x000000a0       0x48 can_drv.o
 .debug_aranges
                0x000000e8       0x30 can_lib.o
 .debug_aranges
                0x00000118       0xc8 commands.o
 .debug_aranges
                0x000001e0       0x28 main.o
 .debug_aranges
                0x00000208       0x50 mppt_timer.o
 .debug_aranges
                0x00000258       0x38 port.o
 .debug_aranges
                0x00000290       0x58 spi_lib.o
 .debug_aranges
                0x000002e8       0x40 Timer.o

.debug_pubnames
 *(.debug_pubnames)

.debug_info     0x00000000     0x5eb6
 *(.debug_info .gnu.linkonce.wi.*)
 .debug_info    0x00000000      0x111 adc_lib.o
 .debug_info    0x00000111      0x929 battBalance.o
 .debug_info    0x00000a3a      0xe1e can_api.o
 .debug_info    0x00001858      0x2e8 can_drv.o
 .debug_info    0x00001b40      0xbb1 can_lib.o
 .debug_info    0x000026f1     0x1336 commands.o
 .debug_info    0x00003a27      0xc50 main.o
 .debug_info    0x00004677      0xa2c mppt_timer.o
 .debug_info    0x000050a3      0x10d port.o
 .debug_info    0x000051b0      0xb9c spi_lib.o
 .debug_info    0x00005d4c      0x16a Timer.o

.debug_abbrev   0x00000000     0x10de
 *(.debug_abbrev)
 .debug_abbrev  0x00000000       0xbf adc_lib.o
 .debug_abbrev  0x000000bf       0xf0 battBalance.o
 .debug_abbrev  0x000001af      0x206 can_api.o
 .debug_abbrev  0x000003b5      0x12c can_drv.o
 .debug_abbrev  0x000004e1      0x24d can_lib.o
 .debug_abbrev  0x0000072e      0x2cc commands.o
 .debug_abbrev  0x000009fa      0x20b main.o
 .debug_abbrev  0x00000c05      0x186 mppt_timer.o
 .debug_abbrev  0x00000d8b       0x89 port.o
 .debug_abbrev  0x00000e14      0x1c8 spi_lib.o
 .debug_abbrev  0x00000fdc      0x102 Timer.o

.debug_line     0x00000000     0x1397
 *(.debug_line .debug_line.* .debug_line_end)
 .debug_line    0x00000000       0xb8 adc_lib.o
 .debug_line    0x000000b8       0xb8 battBalance.o
 .debug_line    0x00000170      0x2b4 can_api.o
 .debug_line    0x00000424      0x288 can_drv.o
 .debug_line    0x000006ac      0x28c can_lib.o
 .debug_line    0x00000938      0x418 commands.o
 .debug_line    0x00000d50      0x1c3 main.o
 .debug_line    0x00000f13      0x120 mppt_timer.o
 .debug_line    0x00001033      0x11f port.o
 .debug_line    0x00001152      0x14a spi_lib.o
 .debug_line    0x0000129c       0xfb Timer.o

.debug_frame    0x00000000      0x798
 *(.debug_frame)
 .debug_frame   0x00000000       0x44 adc_lib.o
 .debug_frame   0x00000044       0x24 battBalance.o
 .debug_frame   0x00000068       0xdc can_api.o
 .debug_frame   0x00000144       0xd4 can_drv.o
 .debug_frame   0x00000218       0x60 can_lib.o
 .debug_frame   0x00000278      0x1ec commands.o
 .debug_frame   0x00000464       0x44 main.o
 .debug_frame   0x000004a8      0x15c mppt_timer.o
 .debug_frame   0x00000604       0x54 port.o
 .debug_frame   0x00000658       0xb8 spi_lib.o
 .debug_frame   0x00000710       0x88 Timer.o

.debug_str      0x00000000      0xd58
 *(.debug_str)
 .debug_str     0x00000000      0x161 adc_lib.o
                                0x195 (size before relaxing)
 .debug_str     0x00000161      0x49a battBalance.o
                                0x624 (size before relaxing)
 .debug_str     0x000005fb      0x1c0 can_api.o
                                0x7c8 (size before relaxing)
 .debug_str     0x000007bb      0x147 can_drv.o
                                0x2ae (size before relaxing)
 .debug_str     0x00000902       0x48 can_lib.o
                                0x78d (size before relaxing)
 .debug_str     0x0000094a      0x25c commands.o
                                0x97c (size before relaxing)
 .debug_str     0x00000ba6       0xa4 main.o
                                0x807 (size before relaxing)
 .debug_str     0x00000c4a       0x5b mppt_timer.o
                                0x675 (size before relaxing)
 .debug_str     0x00000ca5       0x25 port.o
                                0x17d (size before relaxing)
 .debug_str     0x00000cca       0x75 spi_lib.o
                                0x6c7 (size before relaxing)
 .debug_str     0x00000d3f       0x19 Timer.o
                                0x1a4 (size before relaxing)

.debug_loc      0x00000000     0x23b8
 *(.debug_loc)
 .debug_loc     0x00000000       0x2f adc_lib.o
 .debug_loc     0x0000002f      0x65a can_api.o
 .debug_loc     0x00000689      0x962 can_drv.o
 .debug_loc     0x00000feb      0x3ec can_lib.o
 .debug_loc     0x000013d7      0x855 commands.o
 .debug_loc     0x00001c2c       0xd0 main.o
 .debug_loc     0x00001cfc      0x280 mppt_timer.o
 .debug_loc     0x00001f7c       0x74 port.o
 .debug_loc     0x00001ff0      0x298 spi_lib.o
 .debug_loc     0x00002288      0x130 Timer.o

.debug_macinfo
 *(.debug_macinfo)

.debug_weaknames
 *(.debug_weaknames)

.debug_funcnames
 *(.debug_funcnames)

.debug_typenames
 *(.debug_typenames)

.debug_varnames
 *(.debug_varnames)

.debug_pubtypes
 *(.debug_pubtypes)

.debug_ranges   0x00000000      0x2c0
 *(.debug_ranges)
 .debug_ranges  0x00000000       0x20 adc_lib.o
 .debug_ranges  0x00000020       0x10 battBalance.o
 .debug_ranges  0x00000030       0x40 can_api.o
 .debug_ranges  0x00000070       0x68 can_drv.o
 .debug_ranges  0x000000d8       0x20 can_lib.o
 .debug_ranges  0x000000f8       0xd0 commands.o
 .debug_ranges  0x000001c8       0x18 main.o
 .debug_ranges  0x000001e0       0x40 mppt_timer.o
 .debug_ranges  0x00000220       0x28 port.o
 .debug_ranges  0x00000248       0x48 spi_lib.o
 .debug_ranges  0x00000290       0x30 Timer.o

.debug_macro
 *(.debug_macro)
OUTPUT(Subsystem_Program.elf elf32-avr)
LOAD linker stubs
