Archive member included because of file (symbol)

c:/program files (x86)/atmel/atmel toolchain/avr8 gcc/native/3.4.1061/avr8-gnu-toolchain/bin/../lib/gcc/avr/4.8.1/avr5\libgcc.a(_exit.o)
                              c:/program files (x86)/atmel/atmel toolchain/avr8 gcc/native/3.4.1061/avr8-gnu-toolchain/bin/../lib/gcc/avr/4.8.1/../../../../avr/lib/avr5/crtm32m1.o (exit)
c:/program files (x86)/atmel/atmel toolchain/avr8 gcc/native/3.4.1061/avr8-gnu-toolchain/bin/../lib/gcc/avr/4.8.1/avr5\libgcc.a(_tablejump.o)
                              can_api.o (__tablejump2__)
c:/program files (x86)/atmel/atmel toolchain/avr8 gcc/native/3.4.1061/avr8-gnu-toolchain/bin/../lib/gcc/avr/4.8.1/avr5\libgcc.a(_clear_bss.o)
                              battBalance.o (__do_clear_bss)

Allocating common symbols
Common symbol       size              file

tm_sequence_count   0x1               battBalance.o
event_readyf        0x1               battBalance.o
write_arr           0x8               battBalance.o
pyi                 0x1               battBalance.o
battv_low           0x2               battBalance.o
payv_low            0x2               battBalance.o
msg_received        0x1               can_api.o
tm_to_downlink      0x98              battBalance.o
payv_high           0x2               battBalance.o
event_arr           0x8               battBalance.o
pyv_high            0x2               battBalance.o
battemp_high        0x2               battBalance.o
data1               0x8               battBalance.o
data2               0x8               battBalance.o
send_arr            0x8               battBalance.o
epstemp_high        0x2               battBalance.o
epstemp_low         0x2               battBalance.o
data4               0x8               battBalance.o
comsi_high          0x2               battBalance.o
balance_h           0x1               battBalance.o
setv_arr            0x8               battBalance.o
pxi_low             0x2               battBalance.o
obcv_high           0x2               battBalance.o
write_response      0x1               battBalance.o
sensh_arr           0x8               battBalance.o
batti_high          0x2               battBalance.o
balance_l           0x1               battBalance.o
start_tc_transferf  0x1               battBalance.o
tc_transfer_completef
                    0x1               battBalance.o
comsv_high          0x2               battBalance.o
message             0xc               can_api.o
data_req_arr        0x8               battBalance.o
comsv_low           0x2               battBalance.o
battmv_low          0x2               battBalance.o
mppty               0x1               battBalance.o
battmv_high         0x2               battBalance.o
CURRENT_MINUTE      0x1               battBalance.o
pxv_high            0x2               battBalance.o
pyv                 0x1               battBalance.o
send_now            0x1               battBalance.o
mpptx               0x1               battBalance.o
new_tm_msgf         0x1               battBalance.o
payi_low            0x2               battBalance.o
trans_msg           0x6               can_api.o
read_response       0x1               battBalance.o
current_tm          0x98              battBalance.o
data0               0x8               battBalance.o
send_hk             0x1               battBalance.o
obci_high           0x2               battBalance.o
CTC_flag            0x1               main.o
pxv_low             0x2               battBalance.o
pyv_low             0x2               battBalance.o
receive_arr         0x8               battBalance.o
id_array            0x6               battBalance.o
pyi_low             0x2               battBalance.o
data3               0x8               battBalance.o
set_sens_h          0x1               battBalance.o
tc_packet_readyf    0x1               battBalance.o
current_tm_fullf    0x1               battBalance.o
send_data           0x1               battBalance.o
set_varf            0x1               battBalance.o
set_sens_l          0x1               battBalance.o
new_tm_msg          0x8               battBalance.o
pxv                 0x1               battBalance.o
pxi                 0x1               battBalance.o
battv_high          0x2               battBalance.o
battemp_low         0x2               battBalance.o
data5               0x8               battBalance.o
obci_low            0x2               battBalance.o
batti_low           0x2               battBalance.o
mob_number          0x1               battBalance.o
comsi_low           0x2               battBalance.o
payi_high           0x2               battBalance.o
receiving_tmf       0x1               battBalance.o
new_tc_msg          0x8               battBalance.o
obcv_low            0x2               battBalance.o
sensl_arr           0x8               battBalance.o
status              0x1               battBalance.o
pxi_high            0x2               battBalance.o
current_tc          0x98              battBalance.o
pyi_high            0x2               battBalance.o
read_arr            0x8               battBalance.o

Discarded input sections

 .data          0x00000000        0x0 c:/program files (x86)/atmel/atmel toolchain/avr8 gcc/native/3.4.1061/avr8-gnu-toolchain/bin/../lib/gcc/avr/4.8.1/../../../../avr/lib/avr5/crtm32m1.o
 .bss           0x00000000        0x0 c:/program files (x86)/atmel/atmel toolchain/avr8 gcc/native/3.4.1061/avr8-gnu-toolchain/bin/../lib/gcc/avr/4.8.1/../../../../avr/lib/avr5/crtm32m1.o
 .text          0x00000000        0x0 adc_lib.o
 .data          0x00000000        0x0 adc_lib.o
 .bss           0x00000000        0x0 adc_lib.o
 .text.adc_read
                0x00000000       0x12 adc_lib.o
 .text.adc_set_pin
                0x00000000        0x6 adc_lib.o
 .text          0x00000000        0x0 battBalance.o
 .data          0x00000000        0x0 battBalance.o
 .bss           0x00000000        0x0 battBalance.o
 .text          0x00000000        0x0 can_api.o
 .data          0x00000000        0x0 can_api.o
 .bss           0x00000000        0x0 can_api.o
 .text          0x00000000        0x0 can_drv.o
 .data          0x00000000        0x0 can_drv.o
 .bss           0x00000000        0x0 can_drv.o
 .text.can_get_mob_free
                0x00000000       0x40 can_drv.o
 .text.can_auto_baudrate
                0x00000000      0x3b8 can_drv.o
 .text          0x00000000        0x0 can_lib.o
 .data          0x00000000        0x0 can_lib.o
 .bss           0x00000000        0x0 can_lib.o
 .text          0x00000000        0x0 commands.o
 .data          0x00000000        0x0 commands.o
 .bss           0x00000000        0x0 commands.o
 .text          0x00000000        0x0 comsTimer.o
 .data          0x00000000        0x0 comsTimer.o
 .bss           0x00000000        0x0 comsTimer.o
 .text.coms_timer_init
                0x00000000       0x10 comsTimer.o
 .debug_info    0x00000000      0x641 comsTimer.o
 .debug_abbrev  0x00000000       0x85 comsTimer.o
 .debug_aranges
                0x00000000       0x20 comsTimer.o
 .debug_ranges  0x00000000       0x10 comsTimer.o
 .debug_line    0x00000000       0xc2 comsTimer.o
 .debug_str     0x00000000      0x493 comsTimer.o
 .comment       0x00000000       0x31 comsTimer.o
 .debug_frame   0x00000000       0x24 comsTimer.o
 .text          0x00000000        0x0 main.o
 .data          0x00000000        0x0 main.o
 .bss           0x00000000        0x0 main.o
 .text          0x00000000        0x0 mppt_timer.o
 .data          0x00000000        0x0 mppt_timer.o
 .bss           0x00000000        0x0 mppt_timer.o
 .text.set_duty_cycleX
                0x00000000        0x4 mppt_timer.o
 .text.set_duty_cycleY
                0x00000000        0x4 mppt_timer.o
 .text          0x00000000        0x0 port.o
 .data          0x00000000        0x0 port.o
 .bss           0x00000000        0x0 port.o
 .text.LED_Reg_Write
                0x00000000        0x6 port.o
 .text.PIN_toggle
                0x00000000       0xda port.o
 .text          0x00000000        0x0 spi_lib.o
 .data          0x00000000        0x0 spi_lib.o
 .bss           0x00000000        0x0 spi_lib.o
 .text.spi_transfer
                0x00000000       0x1a spi_lib.o
 .text.SS_set_high
                0x00000000        0xa spi_lib.o
 .text.spi_transfer2
                0x00000000       0x30 spi_lib.o
 .text.SS_set_low
                0x00000000        0xa spi_lib.o
 .text          0x00000000        0x0 Timer.o
 .data          0x00000000        0x0 Timer.o
 .bss           0x00000000        0x0 Timer.o
 .text.delay_cycles
                0x00000000        0xe Timer.o
 .text          0x00000000        0x0 trans_lib.o
 .data          0x00000000        0x0 trans_lib.o
 .bss           0x00000000        0x0 trans_lib.o
 .text.reg_read
                0x00000000       0x32 trans_lib.o
 .text.reg_write
                0x00000000       0x32 trans_lib.o
 .text.reg_read2F
                0x00000000       0x3e trans_lib.o
 .text.cmd_str  0x00000000       0x16 trans_lib.o
 .text.reg_write2F
                0x00000000       0x46 trans_lib.o
 .text.get_status
                0x00000000       0x1a trans_lib.o
 .text.dir_FIFO_read
                0x00000000       0x44 trans_lib.o
 .text.dir_FIFO_write
                0x00000000       0x46 trans_lib.o
 .text.set_CSn  0x00000000       0x10 trans_lib.o
 .text.reg_write_bit
                0x00000000       0x4e trans_lib.o
 .text.reg_write_bit2F
                0x00000000       0x4e trans_lib.o
 .text.transceiver_initialize
                0x00000000      0x17a trans_lib.o
 .text.trans_check
                0x00000000       0x84 trans_lib.o
 .debug_info    0x00000000     0x1411 trans_lib.o
 .debug_abbrev  0x00000000      0x22b trans_lib.o
 .debug_loc     0x00000000      0x769 trans_lib.o
 .debug_aranges
                0x00000000       0x80 trans_lib.o
 .debug_ranges  0x00000000       0x70 trans_lib.o
 .debug_line    0x00000000      0x23f trans_lib.o
 .debug_str     0x00000000      0x5b8 trans_lib.o
 .comment       0x00000000       0x31 trans_lib.o
 .debug_frame   0x00000000      0x164 trans_lib.o
 .text          0x00000000        0x0 c:/program files (x86)/atmel/atmel toolchain/avr8 gcc/native/3.4.1061/avr8-gnu-toolchain/bin/../lib/gcc/avr/4.8.1/avr5\libgcc.a(_exit.o)
 .data          0x00000000        0x0 c:/program files (x86)/atmel/atmel toolchain/avr8 gcc/native/3.4.1061/avr8-gnu-toolchain/bin/../lib/gcc/avr/4.8.1/avr5\libgcc.a(_exit.o)
 .bss           0x00000000        0x0 c:/program files (x86)/atmel/atmel toolchain/avr8 gcc/native/3.4.1061/avr8-gnu-toolchain/bin/../lib/gcc/avr/4.8.1/avr5\libgcc.a(_exit.o)
 .text.libgcc.mul
                0x00000000        0x0 c:/program files (x86)/atmel/atmel toolchain/avr8 gcc/native/3.4.1061/avr8-gnu-toolchain/bin/../lib/gcc/avr/4.8.1/avr5\libgcc.a(_exit.o)
 .text.libgcc.div
                0x00000000        0x0 c:/program files (x86)/atmel/atmel toolchain/avr8 gcc/native/3.4.1061/avr8-gnu-toolchain/bin/../lib/gcc/avr/4.8.1/avr5\libgcc.a(_exit.o)
 .text.libgcc   0x00000000        0x0 c:/program files (x86)/atmel/atmel toolchain/avr8 gcc/native/3.4.1061/avr8-gnu-toolchain/bin/../lib/gcc/avr/4.8.1/avr5\libgcc.a(_exit.o)
 .text.libgcc.prologue
                0x00000000        0x0 c:/program files (x86)/atmel/atmel toolchain/avr8 gcc/native/3.4.1061/avr8-gnu-toolchain/bin/../lib/gcc/avr/4.8.1/avr5\libgcc.a(_exit.o)
 .text.libgcc.builtins
                0x00000000        0x0 c:/program files (x86)/atmel/atmel toolchain/avr8 gcc/native/3.4.1061/avr8-gnu-toolchain/bin/../lib/gcc/avr/4.8.1/avr5\libgcc.a(_exit.o)
 .text.libgcc.fmul
                0x00000000        0x0 c:/program files (x86)/atmel/atmel toolchain/avr8 gcc/native/3.4.1061/avr8-gnu-toolchain/bin/../lib/gcc/avr/4.8.1/avr5\libgcc.a(_exit.o)
 .text.libgcc.fixed
                0x00000000        0x0 c:/program files (x86)/atmel/atmel toolchain/avr8 gcc/native/3.4.1061/avr8-gnu-toolchain/bin/../lib/gcc/avr/4.8.1/avr5\libgcc.a(_exit.o)
 .text          0x00000000        0x0 c:/program files (x86)/atmel/atmel toolchain/avr8 gcc/native/3.4.1061/avr8-gnu-toolchain/bin/../lib/gcc/avr/4.8.1/avr5\libgcc.a(_tablejump.o)
 .data          0x00000000        0x0 c:/program files (x86)/atmel/atmel toolchain/avr8 gcc/native/3.4.1061/avr8-gnu-toolchain/bin/../lib/gcc/avr/4.8.1/avr5\libgcc.a(_tablejump.o)
 .bss           0x00000000        0x0 c:/program files (x86)/atmel/atmel toolchain/avr8 gcc/native/3.4.1061/avr8-gnu-toolchain/bin/../lib/gcc/avr/4.8.1/avr5\libgcc.a(_tablejump.o)
 .text.libgcc.mul
                0x00000000        0x0 c:/program files (x86)/atmel/atmel toolchain/avr8 gcc/native/3.4.1061/avr8-gnu-toolchain/bin/../lib/gcc/avr/4.8.1/avr5\libgcc.a(_tablejump.o)
 .text.libgcc.div
                0x00000000        0x0 c:/program files (x86)/atmel/atmel toolchain/avr8 gcc/native/3.4.1061/avr8-gnu-toolchain/bin/../lib/gcc/avr/4.8.1/avr5\libgcc.a(_tablejump.o)
 .text.libgcc.prologue
                0x00000000        0x0 c:/program files (x86)/atmel/atmel toolchain/avr8 gcc/native/3.4.1061/avr8-gnu-toolchain/bin/../lib/gcc/avr/4.8.1/avr5\libgcc.a(_tablejump.o)
 .text.libgcc.builtins
                0x00000000        0x0 c:/program files (x86)/atmel/atmel toolchain/avr8 gcc/native/3.4.1061/avr8-gnu-toolchain/bin/../lib/gcc/avr/4.8.1/avr5\libgcc.a(_tablejump.o)
 .text.libgcc.fmul
                0x00000000        0x0 c:/program files (x86)/atmel/atmel toolchain/avr8 gcc/native/3.4.1061/avr8-gnu-toolchain/bin/../lib/gcc/avr/4.8.1/avr5\libgcc.a(_tablejump.o)
 .text.libgcc.fixed
                0x00000000        0x0 c:/program files (x86)/atmel/atmel toolchain/avr8 gcc/native/3.4.1061/avr8-gnu-toolchain/bin/../lib/gcc/avr/4.8.1/avr5\libgcc.a(_tablejump.o)
 .text          0x00000000        0x0 c:/program files (x86)/atmel/atmel toolchain/avr8 gcc/native/3.4.1061/avr8-gnu-toolchain/bin/../lib/gcc/avr/4.8.1/avr5\libgcc.a(_clear_bss.o)
 .data          0x00000000        0x0 c:/program files (x86)/atmel/atmel toolchain/avr8 gcc/native/3.4.1061/avr8-gnu-toolchain/bin/../lib/gcc/avr/4.8.1/avr5\libgcc.a(_clear_bss.o)
 .bss           0x00000000        0x0 c:/program files (x86)/atmel/atmel toolchain/avr8 gcc/native/3.4.1061/avr8-gnu-toolchain/bin/../lib/gcc/avr/4.8.1/avr5\libgcc.a(_clear_bss.o)
 .text.libgcc.mul
                0x00000000        0x0 c:/program files (x86)/atmel/atmel toolchain/avr8 gcc/native/3.4.1061/avr8-gnu-toolchain/bin/../lib/gcc/avr/4.8.1/avr5\libgcc.a(_clear_bss.o)
 .text.libgcc.div
                0x00000000        0x0 c:/program files (x86)/atmel/atmel toolchain/avr8 gcc/native/3.4.1061/avr8-gnu-toolchain/bin/../lib/gcc/avr/4.8.1/avr5\libgcc.a(_clear_bss.o)
 .text.libgcc   0x00000000        0x0 c:/program files (x86)/atmel/atmel toolchain/avr8 gcc/native/3.4.1061/avr8-gnu-toolchain/bin/../lib/gcc/avr/4.8.1/avr5\libgcc.a(_clear_bss.o)
 .text.libgcc.prologue
                0x00000000        0x0 c:/program files (x86)/atmel/atmel toolchain/avr8 gcc/native/3.4.1061/avr8-gnu-toolchain/bin/../lib/gcc/avr/4.8.1/avr5\libgcc.a(_clear_bss.o)
 .text.libgcc.builtins
                0x00000000        0x0 c:/program files (x86)/atmel/atmel toolchain/avr8 gcc/native/3.4.1061/avr8-gnu-toolchain/bin/../lib/gcc/avr/4.8.1/avr5\libgcc.a(_clear_bss.o)
 .text.libgcc.fmul
                0x00000000        0x0 c:/program files (x86)/atmel/atmel toolchain/avr8 gcc/native/3.4.1061/avr8-gnu-toolchain/bin/../lib/gcc/avr/4.8.1/avr5\libgcc.a(_clear_bss.o)
 .text.libgcc.fixed
                0x00000000        0x0 c:/program files (x86)/atmel/atmel toolchain/avr8 gcc/native/3.4.1061/avr8-gnu-toolchain/bin/../lib/gcc/avr/4.8.1/avr5\libgcc.a(_clear_bss.o)

Memory Configuration

Name             Origin             Length             Attributes
text             0x00000000         0x00020000         xr
data             0x00800060         0x0000ffa0         rw !x
eeprom           0x00810000         0x00010000         rw !x
fuse             0x00820000         0x00000400         rw !x
lock             0x00830000         0x00000400         rw !x
signature        0x00840000         0x00000400         rw !x
user_signatures  0x00850000         0x00000400         rw !x
*default*        0x00000000         0xffffffff

Linker script and memory map

Address of section .data set to 0x800100
LOAD c:/program files (x86)/atmel/atmel toolchain/avr8 gcc/native/3.4.1061/avr8-gnu-toolchain/bin/../lib/gcc/avr/4.8.1/../../../../avr/lib/avr5/crtm32m1.o
LOAD adc_lib.o
LOAD battBalance.o
LOAD can_api.o
LOAD can_drv.o
LOAD can_lib.o
LOAD commands.o
LOAD comsTimer.o
LOAD main.o
LOAD mppt_timer.o
LOAD port.o
LOAD spi_lib.o
LOAD Timer.o
LOAD trans_lib.o
START GROUP
LOAD c:/program files (x86)/atmel/atmel toolchain/avr8 gcc/native/3.4.1061/avr8-gnu-toolchain/bin/../lib/gcc/avr/4.8.1/../../../../avr/lib/avr5\libm.a
END GROUP
START GROUP
LOAD c:/program files (x86)/atmel/atmel toolchain/avr8 gcc/native/3.4.1061/avr8-gnu-toolchain/bin/../lib/gcc/avr/4.8.1/avr5\libgcc.a
LOAD c:/program files (x86)/atmel/atmel toolchain/avr8 gcc/native/3.4.1061/avr8-gnu-toolchain/bin/../lib/gcc/avr/4.8.1/../../../../avr/lib/avr5\libm.a
LOAD c:/program files (x86)/atmel/atmel toolchain/avr8 gcc/native/3.4.1061/avr8-gnu-toolchain/bin/../lib/gcc/avr/4.8.1/../../../../avr/lib/avr5\libc.a
END GROUP

.hash
 *(.hash)

.dynsym
 *(.dynsym)

.dynstr
 *(.dynstr)

.gnu.version
 *(.gnu.version)

.gnu.version_d
 *(.gnu.version_d)

.gnu.version_r
 *(.gnu.version_r)

.rel.init
 *(.rel.init)

.rela.init
 *(.rela.init)

.rel.text
 *(.rel.text)
 *(.rel.text.*)
 *(.rel.gnu.linkonce.t*)

.rela.text
 *(.rela.text)
 *(.rela.text.*)
 *(.rela.gnu.linkonce.t*)

.rel.fini
 *(.rel.fini)

.rela.fini
 *(.rela.fini)

.rel.rodata
 *(.rel.rodata)
 *(.rel.rodata.*)
 *(.rel.gnu.linkonce.r*)

.rela.rodata
 *(.rela.rodata)
 *(.rela.rodata.*)
 *(.rela.gnu.linkonce.r*)

.rel.data
 *(.rel.data)
 *(.rel.data.*)
 *(.rel.gnu.linkonce.d*)

.rela.data
 *(.rela.data)
 *(.rela.data.*)
 *(.rela.gnu.linkonce.d*)

.rel.ctors
 *(.rel.ctors)

.rela.ctors
 *(.rela.ctors)

.rel.dtors
 *(.rel.dtors)

.rela.dtors
 *(.rela.dtors)

.rel.got
 *(.rel.got)

.rela.got
 *(.rela.got)

.rel.bss
 *(.rel.bss)

.rela.bss
 *(.rela.bss)

.rel.plt
 *(.rel.plt)

.rela.plt
 *(.rela.plt)

.text           0x00000000     0x23e8
 *(.vectors)
 .vectors       0x00000000       0x7c c:/program files (x86)/atmel/atmel toolchain/avr8 gcc/native/3.4.1061/avr8-gnu-toolchain/bin/../lib/gcc/avr/4.8.1/../../../../avr/lib/avr5/crtm32m1.o
                0x00000000                __vector_default
                0x00000000                __vectors
 *(.vectors)
 *(.progmem.gcc*)
 .progmem.gcc_sw_table.decode_command
                0x0000007c       0x28 can_api.o
 .progmem.gcc_sw_table.can_cmd
                0x000000a4       0x16 can_lib.o
                0x000000ba                . = ALIGN (0x2)
                0x000000ba                __trampolines_start = .
 *(.trampolines)
 .trampolines   0x000000ba        0x0 linker stubs
 *(.trampolines*)
                0x000000ba                __trampolines_end = .
 *(.progmem*)
                0x000000ba                . = ALIGN (0x2)
 *(.jumptables)
 *(.jumptables*)
 *(.lowtext)
 *(.lowtext*)
                0x000000ba                __ctors_start = .
 *(.ctors)
                0x000000ba                __ctors_end = .
                0x000000ba                __dtors_start = .
 *(.dtors)
                0x000000ba                __dtors_end = .
 SORT(*)(.ctors)
 SORT(*)(.dtors)
 *(.init0)
 .init0         0x000000ba        0x0 c:/program files (x86)/atmel/atmel toolchain/avr8 gcc/native/3.4.1061/avr8-gnu-toolchain/bin/../lib/gcc/avr/4.8.1/../../../../avr/lib/avr5/crtm32m1.o
                0x000000ba                __init
 *(.init0)
 *(.init1)
 *(.init1)
 *(.init2)
 .init2         0x000000ba        0xc c:/program files (x86)/atmel/atmel toolchain/avr8 gcc/native/3.4.1061/avr8-gnu-toolchain/bin/../lib/gcc/avr/4.8.1/../../../../avr/lib/avr5/crtm32m1.o
 *(.init2)
 *(.init3)
 *(.init3)
 *(.init4)
 .init4         0x000000c6       0x10 c:/program files (x86)/atmel/atmel toolchain/avr8 gcc/native/3.4.1061/avr8-gnu-toolchain/bin/../lib/gcc/avr/4.8.1/avr5\libgcc.a(_clear_bss.o)
                0x000000c6                __do_clear_bss
 *(.init4)
 *(.init5)
 *(.init5)
 *(.init6)
 *(.init6)
 *(.init7)
 *(.init7)
 *(.init8)
 *(.init8)
 *(.init9)
 .init9         0x000000d6        0x8 c:/program files (x86)/atmel/atmel toolchain/avr8 gcc/native/3.4.1061/avr8-gnu-toolchain/bin/../lib/gcc/avr/4.8.1/../../../../avr/lib/avr5/crtm32m1.o
 *(.init9)
 *(.text)
 .text          0x000000de        0x4 c:/program files (x86)/atmel/atmel toolchain/avr8 gcc/native/3.4.1061/avr8-gnu-toolchain/bin/../lib/gcc/avr/4.8.1/../../../../avr/lib/avr5/crtm32m1.o
                0x000000de                __vector_22
                0x000000de                __vector_28
                0x000000de                __vector_1
                0x000000de                __vector_24
                0x000000de                __bad_interrupt
                0x000000de                __vector_6
                0x000000de                __vector_3
                0x000000de                __vector_23
                0x000000de                __vector_30
                0x000000de                __vector_25
                0x000000de                __vector_11
                0x000000de                __vector_13
                0x000000de                __vector_19
                0x000000de                __vector_7
                0x000000de                __vector_27
                0x000000de                __vector_5
                0x000000de                __vector_4
                0x000000de                __vector_9
                0x000000de                __vector_2
                0x000000de                __vector_21
                0x000000de                __vector_29
                0x000000de                __vector_8
                0x000000de                __vector_26
                0x000000de                __vector_14
                0x000000de                __vector_10
                0x000000de                __vector_18
                0x000000de                __vector_20
                0x000000e2                . = ALIGN (0x2)
 *(.text.*)
 .text.adc_initialize
                0x000000e2       0x14 adc_lib.o
                0x000000e2                adc_initialize
 .text.run_battBalance
                0x000000f6       0x3a battBalance.o
                0x000000f6                run_battBalance
 .text.can_send_message
                0x00000130       0x62 can_api.o
                0x00000130                can_send_message
 .text.decode_command
                0x00000192      0x132 can_api.o
                0x00000192                decode_command
 .text.set_up_msg
                0x000002c4       0xb4 can_api.o
                0x000002c4                set_up_msg
 .text.clean_up_msg
                0x00000378      0x156 can_api.o
                0x00000378                clean_up_msg
 .text.can_check_housekeep
                0x000004ce       0x64 can_api.o
                0x000004ce                can_check_housekeep
 .text.can_check_general
                0x00000532       0xb6 can_api.o
                0x00000532                can_check_general
 .text.can_init_mobs
                0x000005e8      0x13e can_api.o
                0x000005e8                can_init_mobs
 .text.can_clear_all_mob
                0x00000726       0x26 can_drv.o
                0x00000726                can_clear_all_mob
 .text.can_get_mob_status
                0x0000074c       0x2c can_drv.o
                0x0000074c                can_get_mob_status
 .text.can_get_data
                0x00000778       0x14 can_drv.o
                0x00000778                can_get_data
 .text.can_fixed_baudrate
                0x0000078c       0x1c can_drv.o
                0x0000078c                can_fixed_baudrate
 .text.can_init
                0x000007a8       0x1e can_lib.o
                0x000007a8                can_init
 .text.can_cmd  0x000007c6      0xc58 can_lib.o
                0x000007c6                can_cmd
 .text.can_get_status
                0x0000141e      0x1cc can_lib.o
                0x0000141e                can_get_status
 .text.send_tm_transaction_response
                0x000015ea       0x36 commands.o
 .text.send_response
                0x00001620       0x2a commands.o
                0x00001620                send_response
 .text.send_housekeeping
                0x0000164a       0x24 commands.o
                0x0000164a                send_housekeeping
 .text.send_sensor_data
                0x0000166e       0xb2 commands.o
                0x0000166e                send_sensor_data
 .text.send_coms_packet
                0x00001720       0x30 commands.o
                0x00001720                send_coms_packet
 .text.send_read_response
                0x00001750       0x42 commands.o
                0x00001750                send_read_response
 .text.send_write_response
                0x00001792       0x48 commands.o
                0x00001792                send_write_response
 .text.set_sensor_high
                0x000017da      0x1ca commands.o
                0x000017da                set_sensor_high
 .text.set_sensor_low
                0x000019a4      0x1ca commands.o
                0x000019a4                set_sensor_low
 .text.set_var  0x00001b6e       0x40 commands.o
                0x00001b6e                set_var
 .text.receive_tm_msg
                0x00001bae      0x128 commands.o
                0x00001bae                receive_tm_msg
 .text.alert_obc_tcp_ready
                0x00001cd6       0x26 commands.o
                0x00001cd6                alert_obc_tcp_ready
 .text.send_pus_packet_tc
                0x00001cfc      0x174 commands.o
                0x00001cfc                send_pus_packet_tc
 .text.send_event
                0x00001e70       0x46 commands.o
                0x00001e70                send_event
 .text.run_commands
                0x00001eb6       0x7a commands.o
                0x00001eb6                run_commands
 .text.main     0x00001f30      0x1d2 main.o
                0x00001f30                main
 .text.__vector_15
                0x00002102       0x4a mppt_timer.o
                0x00002102                __vector_15
 .text.__vector_16
                0x0000214c       0x4a mppt_timer.o
                0x0000214c                __vector_16
 .text.__vector_17
                0x00002196       0x50 mppt_timer.o
                0x00002196                __vector_17
 .text.mppt_timer_init
                0x000021e6       0x18 mppt_timer.o
                0x000021e6                mppt_timer_init
 .text.run_mppt
                0x000021fe        0xe mppt_timer.o
                0x000021fe                run_mppt
 .text.PIN_set  0x0000220c       0x80 port.o
                0x0000220c                PIN_set
 .text.PIN_clr  0x0000228c       0x80 port.o
                0x0000228c                PIN_clr
 .text.spi_initialize_master
                0x0000230c        0xc spi_lib.o
                0x0000230c                spi_initialize_master
 .text.SS1_set_high
                0x00002318        0x4 spi_lib.o
                0x00002318                SS1_set_high
 .text.SS1_set_low
                0x0000231c        0x4 spi_lib.o
                0x0000231c                SS1_set_low
 .text.spi_retrieve_temp
                0x00002320       0x3a spi_lib.o
                0x00002320                spi_retrieve_temp
 .text.__vector_12
                0x0000235a       0x1e Timer.o
                0x0000235a                __vector_12
 .text.timer_init
                0x00002378       0x10 Timer.o
                0x00002378                timer_init
 .text.delay_us
                0x00002388       0x24 Timer.o
                0x00002388                delay_us
 .text.delay_ms
                0x000023ac       0x2c Timer.o
                0x000023ac                delay_ms
 .text.libgcc   0x000023d8        0xc c:/program files (x86)/atmel/atmel toolchain/avr8 gcc/native/3.4.1061/avr8-gnu-toolchain/bin/../lib/gcc/avr/4.8.1/avr5\libgcc.a(_tablejump.o)
                0x000023d8                __tablejump2__
                0x000023dc                __tablejump__
                0x000023e4                . = ALIGN (0x2)
 *(.fini9)
 .fini9         0x000023e4        0x0 c:/program files (x86)/atmel/atmel toolchain/avr8 gcc/native/3.4.1061/avr8-gnu-toolchain/bin/../lib/gcc/avr/4.8.1/avr5\libgcc.a(_exit.o)
                0x000023e4                _exit
                0x000023e4                exit
 *(.fini9)
 *(.fini8)
 *(.fini8)
 *(.fini7)
 *(.fini7)
 *(.fini6)
 *(.fini6)
 *(.fini5)
 *(.fini5)
 *(.fini4)
 *(.fini4)
 *(.fini3)
 *(.fini3)
 *(.fini2)
 *(.fini2)
 *(.fini1)
 *(.fini1)
 *(.fini0)
 .fini0         0x000023e4        0x4 c:/program files (x86)/atmel/atmel toolchain/avr8 gcc/native/3.4.1061/avr8-gnu-toolchain/bin/../lib/gcc/avr/4.8.1/avr5\libgcc.a(_exit.o)
 *(.fini0)
                0x000023e8                _etext = .

.data           0x00800100        0x0 load address 0x000023e8
                0x00800100                PROVIDE (__data_start, .)
 *(.data)
 *(.data*)
 *(.rodata)
 *(.rodata*)
 *(.gnu.linkonce.d*)
                0x00800100                . = ALIGN (0x2)
                0x00800100                _edata = .
                0x00800100                PROVIDE (__data_end, .)

.bss            0x00800100      0x2c1
                0x00800100                PROVIDE (__bss_start, .)
 *(.bss)
 *(.bss*)
 *(COMMON)
 COMMON         0x00800100      0x2ad battBalance.o
                0x00800100                tm_sequence_count
                0x00800101                event_readyf
                0x00800102                write_arr
                0x0080010a                pyi
                0x0080010b                battv_low
                0x0080010d                payv_low
                0x0080010f                tm_to_downlink
                0x008001a7                payv_high
                0x008001a9                event_arr
                0x008001b1                pyv_high
                0x008001b3                battemp_high
                0x008001b5                data1
                0x008001bd                data2
                0x008001c5                send_arr
                0x008001cd                epstemp_high
                0x008001cf                epstemp_low
                0x008001d1                data4
                0x008001d9                comsi_high
                0x008001db                balance_h
                0x008001dc                setv_arr
                0x008001e4                pxi_low
                0x008001e6                obcv_high
                0x008001e8                write_response
                0x008001e9                sensh_arr
                0x008001f1                batti_high
                0x008001f3                balance_l
                0x008001f4                start_tc_transferf
                0x008001f5                tc_transfer_completef
                0x008001f6                comsv_high
                0x008001f8                data_req_arr
                0x00800200                comsv_low
                0x00800202                battmv_low
                0x00800204                mppty
                0x00800205                battmv_high
                0x00800207                CURRENT_MINUTE
                0x00800208                pxv_high
                0x0080020a                pyv
                0x0080020b                send_now
                0x0080020c                mpptx
                0x0080020d                new_tm_msgf
                0x0080020e                payi_low
                0x00800210                read_response
                0x00800211                current_tm
                0x008002a9                data0
                0x008002b1                send_hk
                0x008002b2                obci_high
                0x008002b4                pxv_low
                0x008002b6                pyv_low
                0x008002b8                receive_arr
                0x008002c0                id_array
                0x008002c6                pyi_low
                0x008002c8                data3
                0x008002d0                set_sens_h
                0x008002d1                tc_packet_readyf
                0x008002d2                current_tm_fullf
                0x008002d3                send_data
                0x008002d4                set_varf
                0x008002d5                set_sens_l
                0x008002d6                new_tm_msg
                0x008002de                pxv
                0x008002df                pxi
                0x008002e0                battv_high
                0x008002e2                battemp_low
                0x008002e4                data5
                0x008002ec                obci_low
                0x008002ee                batti_low
                0x008002f0                mob_number
                0x008002f1                comsi_low
                0x008002f3                payi_high
                0x008002f5                receiving_tmf
                0x008002f6                new_tc_msg
                0x008002fe                obcv_low
                0x00800300                sensl_arr
                0x00800308                status
                0x00800309                pxi_high
                0x0080030b                current_tc
                0x008003a3                pyi_high
                0x008003a5                read_arr
 COMMON         0x008003ad       0x13 can_api.o
                0x008003ad                msg_received
                0x008003ae                message
                0x008003ba                trans_msg
 COMMON         0x008003c0        0x1 main.o
                0x008003c0                CTC_flag
                0x008003c1                PROVIDE (__bss_end, .)
                0x000023e8                __data_load_start = LOADADDR (.data)
                0x000023e8                __data_load_end = (__data_load_start + SIZEOF (.data))

.noinit         0x008003c1        0x0
                0x008003c1                PROVIDE (__noinit_start, .)
 *(.noinit*)
                0x008003c1                PROVIDE (__noinit_end, .)
                0x008003c1                _end = .
                0x008003c1                PROVIDE (__heap_start, .)

.eeprom         0x00810000        0x0
 *(.eeprom*)
                0x00810000                __eeprom_end = .

.fuse
 *(.fuse)
 *(.lfuse)
 *(.hfuse)
 *(.efuse)

.lock
 *(.lock*)

.signature
 *(.signature*)

.user_signatures
 *(.user_signatures*)

.stab
 *(.stab)

.stabstr
 *(.stabstr)

.stab.excl
 *(.stab.excl)

.stab.exclstr
 *(.stab.exclstr)

.stab.index
 *(.stab.index)

.stab.indexstr
 *(.stab.indexstr)

.comment        0x00000000       0x30
 *(.comment)
 .comment       0x00000000       0x30 adc_lib.o
                                 0x31 (size before relaxing)
 .comment       0x00000000       0x31 battBalance.o
 .comment       0x00000000       0x31 can_api.o
 .comment       0x00000000       0x31 can_drv.o
 .comment       0x00000000       0x31 can_lib.o
 .comment       0x00000000       0x31 commands.o
 .comment       0x00000000       0x31 main.o
 .comment       0x00000000       0x31 mppt_timer.o
 .comment       0x00000000       0x31 port.o
 .comment       0x00000000       0x31 spi_lib.o
 .comment       0x00000000       0x31 Timer.o

.note.gnu.build-id
 *(.note.gnu.build-id)

.debug
 *(.debug)

.line
 *(.line)

.debug_srcinfo
 *(.debug_srcinfo)

.debug_sfnames
 *(.debug_sfnames)

.debug_aranges  0x00000000      0x2e8
 *(.debug_aranges)
 .debug_aranges
                0x00000000       0x30 adc_lib.o
 .debug_aranges
                0x00000030       0x20 battBalance.o
 .debug_aranges
                0x00000050       0x50 can_api.o
 .debug_aranges
                0x000000a0       0x48 can_drv.o
 .debug_aranges
                0x000000e8       0x30 can_lib.o
 .debug_aranges
                0x00000118       0x90 commands.o
 .debug_aranges
                0x000001a8       0x20 main.o
 .debug_aranges
                0x000001c8       0x50 mppt_timer.o
 .debug_aranges
                0x00000218       0x38 port.o
 .debug_aranges
                0x00000250       0x58 spi_lib.o
 .debug_aranges
                0x000002a8       0x40 Timer.o

.debug_pubnames
 *(.debug_pubnames)

.debug_info     0x00000000     0x4b7c
 *(.debug_info .gnu.linkonce.wi.*)
 .debug_info    0x00000000      0x11e adc_lib.o
 .debug_info    0x0000011e      0x6b2 battBalance.o
 .debug_info    0x000007d0      0xbb8 can_api.o
 .debug_info    0x00001388      0x2e8 can_drv.o
 .debug_info    0x00001670      0x94b can_lib.o
 .debug_info    0x00001fbb      0xea4 commands.o
 .debug_info    0x00002e5f      0x9d3 main.o
 .debug_info    0x00003832      0x7b5 mppt_timer.o
 .debug_info    0x00003fe7      0x10d port.o
 .debug_info    0x000040f4      0x91e spi_lib.o
 .debug_info    0x00004a12      0x16a Timer.o

.debug_abbrev   0x00000000     0x1029
 *(.debug_abbrev)
 .debug_abbrev  0x00000000       0xbf adc_lib.o
 .debug_abbrev  0x000000bf       0xd6 battBalance.o
 .debug_abbrev  0x00000195      0x1f5 can_api.o
 .debug_abbrev  0x0000038a      0x12c can_drv.o
 .debug_abbrev  0x000004b6      0x23c can_lib.o
 .debug_abbrev  0x000006f2      0x28b commands.o
 .debug_abbrev  0x0000097d      0x1e2 main.o
 .debug_abbrev  0x00000b5f      0x16c mppt_timer.o
 .debug_abbrev  0x00000ccb       0x89 port.o
 .debug_abbrev  0x00000d54      0x1d3 spi_lib.o
 .debug_abbrev  0x00000f27      0x102 Timer.o

.debug_line     0x00000000     0x13b8
 *(.debug_line .debug_line.* .debug_line_end)
 .debug_line    0x00000000       0xd2 adc_lib.o
 .debug_line    0x000000d2       0xd2 battBalance.o
 .debug_line    0x000001a4      0x2af can_api.o
 .debug_line    0x00000453      0x2a2 can_drv.o
 .debug_line    0x000006f5      0x2a6 can_lib.o
 .debug_line    0x0000099b      0x387 commands.o
 .debug_line    0x00000d22      0x1ad main.o
 .debug_line    0x00000ecf      0x13a mppt_timer.o
 .debug_line    0x00001009      0x139 port.o
 .debug_line    0x00001142      0x161 spi_lib.o
 .debug_line    0x000012a3      0x115 Timer.o

.debug_frame    0x00000000      0x708
 *(.debug_frame)
 .debug_frame   0x00000000       0x44 adc_lib.o
 .debug_frame   0x00000044       0x24 battBalance.o
 .debug_frame   0x00000068       0xd4 can_api.o
 .debug_frame   0x0000013c       0xd4 can_drv.o
 .debug_frame   0x00000210       0x60 can_lib.o
 .debug_frame   0x00000270      0x17c commands.o
 .debug_frame   0x000003ec       0x34 main.o
 .debug_frame   0x00000420      0x15c mppt_timer.o
 .debug_frame   0x0000057c       0x54 port.o
 .debug_frame   0x000005d0       0xb0 spi_lib.o
 .debug_frame   0x00000680       0x88 Timer.o

.debug_str      0x00000000      0xb73
 *(.debug_str)
 .debug_str     0x00000000      0x16c adc_lib.o
                                0x1a0 (size before relaxing)
 .debug_str     0x0000016c      0x323 battBalance.o
                                0x4a5 (size before relaxing)
 .debug_str     0x0000048f      0x1c9 can_api.o
                                0x652 (size before relaxing)
 .debug_str     0x00000658      0x147 can_drv.o
                                0x2b9 (size before relaxing)
 .debug_str     0x0000079f       0x48 can_lib.o
                                0x617 (size before relaxing)
 .debug_str     0x000007e7      0x1ea commands.o
                                0x787 (size before relaxing)
 .debug_str     0x000009d1       0x94 main.o
                                0x681 (size before relaxing)
 .debug_str     0x00000a65       0x5b mppt_timer.o
                                0x4f6 (size before relaxing)
 .debug_str     0x00000ac0       0x25 port.o
                                0x188 (size before relaxing)
 .debug_str     0x00000ae5       0x75 spi_lib.o
                                0x548 (size before relaxing)
 .debug_str     0x00000b5a       0x19 Timer.o
                                0x1af (size before relaxing)

.debug_loc      0x00000000     0x2374
 *(.debug_loc)
 .debug_loc     0x00000000       0x5d adc_lib.o
 .debug_loc     0x0000005d      0x5c5 can_api.o
 .debug_loc     0x00000622      0x962 can_drv.o
 .debug_loc     0x00000f84      0x3ec can_lib.o
 .debug_loc     0x00001370      0x895 commands.o
 .debug_loc     0x00001c05       0xd0 main.o
 .debug_loc     0x00001cd5      0x280 mppt_timer.o
 .debug_loc     0x00001f55       0x74 port.o
 .debug_loc     0x00001fc9      0x27b spi_lib.o
 .debug_loc     0x00002244      0x130 Timer.o

.debug_macinfo
 *(.debug_macinfo)

.debug_weaknames
 *(.debug_weaknames)

.debug_funcnames
 *(.debug_funcnames)

.debug_typenames
 *(.debug_typenames)

.debug_varnames
 *(.debug_varnames)

.debug_pubtypes
 *(.debug_pubtypes)

.debug_ranges   0x00000000      0x280
 *(.debug_ranges)
 .debug_ranges  0x00000000       0x20 adc_lib.o
 .debug_ranges  0x00000020       0x10 battBalance.o
 .debug_ranges  0x00000030       0x40 can_api.o
 .debug_ranges  0x00000070       0x68 can_drv.o
 .debug_ranges  0x000000d8       0x20 can_lib.o
 .debug_ranges  0x000000f8       0x98 commands.o
 .debug_ranges  0x00000190       0x10 main.o
 .debug_ranges  0x000001a0       0x40 mppt_timer.o
 .debug_ranges  0x000001e0       0x28 port.o
 .debug_ranges  0x00000208       0x48 spi_lib.o
 .debug_ranges  0x00000250       0x30 Timer.o

.debug_macro
 *(.debug_macro)
OUTPUT(Subsystem_Program.elf elf32-avr)
LOAD linker stubs
