Archive member included because of file (symbol)

c:/program files (x86)/atmel/atmel toolchain/avr8 gcc/native/3.4.1061/avr8-gnu-toolchain/bin/../lib/gcc/avr/4.8.1/avr5\libgcc.a(_exit.o)
                              c:/program files (x86)/atmel/atmel toolchain/avr8 gcc/native/3.4.1061/avr8-gnu-toolchain/bin/../lib/gcc/avr/4.8.1/../../../../avr/lib/avr5/crtm32m1.o (exit)
c:/program files (x86)/atmel/atmel toolchain/avr8 gcc/native/3.4.1061/avr8-gnu-toolchain/bin/../lib/gcc/avr/4.8.1/avr5\libgcc.a(_tablejump.o)
                              can_api.o (__tablejump2__)
c:/program files (x86)/atmel/atmel toolchain/avr8 gcc/native/3.4.1061/avr8-gnu-toolchain/bin/../lib/gcc/avr/4.8.1/avr5\libgcc.a(_clear_bss.o)
                              can_api.o (__do_clear_bss)

Allocating common symbols
Common symbol       size              file

tm_sequence_count   0x1               can_api.o
write_arr           0x8               can_api.o
battv_low           0x2               can_api.o
payv_low            0x2               can_api.o
msg_received        0x1               can_api.o
payv_high           0x2               can_api.o
pyv_high            0x2               can_api.o
battemp_high        0x2               can_api.o
data1               0x8               can_api.o
data2               0x8               can_api.o
mpptb               0x1               can_api.o
send_arr            0x8               can_api.o
epstemp_high        0x2               can_api.o
epstemp_low         0x2               can_api.o
data4               0x8               can_api.o
comsi_high          0x2               can_api.o
setv_arr            0x8               can_api.o
pxi_low             0x2               can_api.o
obcv_high           0x2               can_api.o
write_response      0x1               can_api.o
sensh_arr           0x8               can_api.o
batti_high          0x2               can_api.o
comsv_high          0x2               can_api.o
message             0xc               can_api.o
data_req_arr        0x8               can_api.o
comsv_low           0x2               can_api.o
battmv_low          0x2               can_api.o
battmv_high         0x2               can_api.o
CURRENT_MINUTE      0x1               can_api.o
pxv_high            0x2               can_api.o
send_now            0x1               can_api.o
new_tm_msgf         0x1               can_api.o
payi_low            0x2               can_api.o
trans_msg           0x6               can_api.o
read_response       0x1               can_api.o
current_tm          0x8f              can_api.o
data0               0x8               can_api.o
send_hk             0x1               can_api.o
obci_high           0x2               can_api.o
CTC_flag            0x1               main.o
pxv_low             0x2               can_api.o
pyv_low             0x2               can_api.o
receive_arr         0x8               can_api.o
id_array            0x6               can_api.o
pyi_low             0x2               can_api.o
data3               0x8               can_api.o
set_sens_h          0x1               can_api.o
tc_packet_readyf    0x1               can_api.o
current_tm_fullf    0x1               can_api.o
send_data           0x1               can_api.o
set_varf            0x1               can_api.o
set_sens_l          0x1               can_api.o
new_tm_msg          0x8               can_api.o
battv_high          0x2               can_api.o
battemp_low         0x2               can_api.o
data5               0x8               can_api.o
obci_low            0x2               can_api.o
batti_low           0x2               can_api.o
mob_number          0x1               can_api.o
comsi_low           0x2               can_api.o
payi_high           0x2               can_api.o
mppta               0x1               can_api.o
new_tc_msg          0x8               can_api.o
obcv_low            0x2               can_api.o
sensl_arr           0x8               can_api.o
status              0x1               can_api.o
pxi_high            0x2               can_api.o
current_tc          0x8f              can_api.o
pyi_high            0x2               can_api.o
read_arr            0x8               can_api.o

Discarded input sections

 .data          0x00000000        0x0 c:/program files (x86)/atmel/atmel toolchain/avr8 gcc/native/3.4.1061/avr8-gnu-toolchain/bin/../lib/gcc/avr/4.8.1/../../../../avr/lib/avr5/crtm32m1.o
 .bss           0x00000000        0x0 c:/program files (x86)/atmel/atmel toolchain/avr8 gcc/native/3.4.1061/avr8-gnu-toolchain/bin/../lib/gcc/avr/4.8.1/../../../../avr/lib/avr5/crtm32m1.o
 .text          0x00000000        0x0 adc_lib.o
 .data          0x00000000        0x0 adc_lib.o
 .bss           0x00000000        0x0 adc_lib.o
 .text          0x00000000        0x0 can_api.o
 .data          0x00000000        0x0 can_api.o
 .bss           0x00000000        0x0 can_api.o
 .text          0x00000000        0x0 can_drv.o
 .data          0x00000000        0x0 can_drv.o
 .bss           0x00000000        0x0 can_drv.o
 .text.can_get_mob_free
                0x00000000       0x40 can_drv.o
 .text.can_auto_baudrate
                0x00000000      0x3b8 can_drv.o
 .text          0x00000000        0x0 can_lib.o
 .data          0x00000000        0x0 can_lib.o
 .bss           0x00000000        0x0 can_lib.o
 .text          0x00000000        0x0 commands.o
 .data          0x00000000        0x0 commands.o
 .bss           0x00000000        0x0 commands.o
 .text.alert_obc_tcp_ready
                0x00000000        0x2 commands.o
 .text          0x00000000        0x0 LED.o
 .data          0x00000000        0x0 LED.o
 .bss           0x00000000        0x0 LED.o
 .text.LED_Reg_Write
                0x00000000        0x6 LED.o
 .text.LED_toggle
                0x00000000       0x28 LED.o
 .text.LED_blink
                0x00000000       0x22 LED.o
 .text          0x00000000        0x0 main.o
 .data          0x00000000        0x0 main.o
 .bss           0x00000000        0x0 main.o
 .text          0x00000000        0x0 mppt_timer.o
 .data          0x00000000        0x0 mppt_timer.o
 .bss           0x00000000        0x0 mppt_timer.o
 .text.mppt_timer
                0x00000000        0x2 mppt_timer.o
 .text          0x00000000        0x0 spi_lib.o
 .data          0x00000000        0x0 spi_lib.o
 .bss           0x00000000        0x0 spi_lib.o
 .text.spi_transfer
                0x00000000       0x1a spi_lib.o
 .text.SS_set_high
                0x00000000        0xa spi_lib.o
 .text.spi_transfer2
                0x00000000       0x30 spi_lib.o
 .text.SS_set_low
                0x00000000        0xa spi_lib.o
 .text          0x00000000        0x0 Timer.o
 .data          0x00000000        0x0 Timer.o
 .bss           0x00000000        0x0 Timer.o
 .text.delay_cycles
                0x00000000        0xe Timer.o
 .text          0x00000000        0x0 trans_lib.o
 .data          0x00000000        0x0 trans_lib.o
 .bss           0x00000000        0x0 trans_lib.o
 .text.reg_read
                0x00000000       0x32 trans_lib.o
 .text.reg_write
                0x00000000       0x32 trans_lib.o
 .text.reg_read2F
                0x00000000       0x3e trans_lib.o
 .text.cmd_str  0x00000000       0x16 trans_lib.o
 .text.reg_write2F
                0x00000000       0x46 trans_lib.o
 .text.get_status
                0x00000000       0x1a trans_lib.o
 .text.dir_FIFO_read
                0x00000000       0x44 trans_lib.o
 .text.dir_FIFO_write
                0x00000000       0x46 trans_lib.o
 .text.set_CSn  0x00000000       0x10 trans_lib.o
 .text.reg_write_bit
                0x00000000       0x4e trans_lib.o
 .text.reg_write_bit2F
                0x00000000       0x4e trans_lib.o
 .text.transceiver_initialize
                0x00000000      0x17a trans_lib.o
 .text.trans_check
                0x00000000       0x84 trans_lib.o
 .debug_info    0x00000000      0xff3 trans_lib.o
 .debug_abbrev  0x00000000      0x2af trans_lib.o
 .debug_loc     0x00000000      0x769 trans_lib.o
 .debug_aranges
                0x00000000       0x80 trans_lib.o
 .debug_ranges  0x00000000       0x70 trans_lib.o
 .debug_line    0x00000000      0x248 trans_lib.o
 .debug_str     0x00000000      0x3a9 trans_lib.o
 .comment       0x00000000       0x31 trans_lib.o
 .debug_frame   0x00000000      0x164 trans_lib.o
 .text          0x00000000        0x0 c:/program files (x86)/atmel/atmel toolchain/avr8 gcc/native/3.4.1061/avr8-gnu-toolchain/bin/../lib/gcc/avr/4.8.1/avr5\libgcc.a(_exit.o)
 .data          0x00000000        0x0 c:/program files (x86)/atmel/atmel toolchain/avr8 gcc/native/3.4.1061/avr8-gnu-toolchain/bin/../lib/gcc/avr/4.8.1/avr5\libgcc.a(_exit.o)
 .bss           0x00000000        0x0 c:/program files (x86)/atmel/atmel toolchain/avr8 gcc/native/3.4.1061/avr8-gnu-toolchain/bin/../lib/gcc/avr/4.8.1/avr5\libgcc.a(_exit.o)
 .text.libgcc.mul
                0x00000000        0x0 c:/program files (x86)/atmel/atmel toolchain/avr8 gcc/native/3.4.1061/avr8-gnu-toolchain/bin/../lib/gcc/avr/4.8.1/avr5\libgcc.a(_exit.o)
 .text.libgcc.div
                0x00000000        0x0 c:/program files (x86)/atmel/atmel toolchain/avr8 gcc/native/3.4.1061/avr8-gnu-toolchain/bin/../lib/gcc/avr/4.8.1/avr5\libgcc.a(_exit.o)
 .text.libgcc   0x00000000        0x0 c:/program files (x86)/atmel/atmel toolchain/avr8 gcc/native/3.4.1061/avr8-gnu-toolchain/bin/../lib/gcc/avr/4.8.1/avr5\libgcc.a(_exit.o)
 .text.libgcc.prologue
                0x00000000        0x0 c:/program files (x86)/atmel/atmel toolchain/avr8 gcc/native/3.4.1061/avr8-gnu-toolchain/bin/../lib/gcc/avr/4.8.1/avr5\libgcc.a(_exit.o)
 .text.libgcc.builtins
                0x00000000        0x0 c:/program files (x86)/atmel/atmel toolchain/avr8 gcc/native/3.4.1061/avr8-gnu-toolchain/bin/../lib/gcc/avr/4.8.1/avr5\libgcc.a(_exit.o)
 .text.libgcc.fmul
                0x00000000        0x0 c:/program files (x86)/atmel/atmel toolchain/avr8 gcc/native/3.4.1061/avr8-gnu-toolchain/bin/../lib/gcc/avr/4.8.1/avr5\libgcc.a(_exit.o)
 .text.libgcc.fixed
                0x00000000        0x0 c:/program files (x86)/atmel/atmel toolchain/avr8 gcc/native/3.4.1061/avr8-gnu-toolchain/bin/../lib/gcc/avr/4.8.1/avr5\libgcc.a(_exit.o)
 .text          0x00000000        0x0 c:/program files (x86)/atmel/atmel toolchain/avr8 gcc/native/3.4.1061/avr8-gnu-toolchain/bin/../lib/gcc/avr/4.8.1/avr5\libgcc.a(_tablejump.o)
 .data          0x00000000        0x0 c:/program files (x86)/atmel/atmel toolchain/avr8 gcc/native/3.4.1061/avr8-gnu-toolchain/bin/../lib/gcc/avr/4.8.1/avr5\libgcc.a(_tablejump.o)
 .bss           0x00000000        0x0 c:/program files (x86)/atmel/atmel toolchain/avr8 gcc/native/3.4.1061/avr8-gnu-toolchain/bin/../lib/gcc/avr/4.8.1/avr5\libgcc.a(_tablejump.o)
 .text.libgcc.mul
                0x00000000        0x0 c:/program files (x86)/atmel/atmel toolchain/avr8 gcc/native/3.4.1061/avr8-gnu-toolchain/bin/../lib/gcc/avr/4.8.1/avr5\libgcc.a(_tablejump.o)
 .text.libgcc.div
                0x00000000        0x0 c:/program files (x86)/atmel/atmel toolchain/avr8 gcc/native/3.4.1061/avr8-gnu-toolchain/bin/../lib/gcc/avr/4.8.1/avr5\libgcc.a(_tablejump.o)
 .text.libgcc.prologue
                0x00000000        0x0 c:/program files (x86)/atmel/atmel toolchain/avr8 gcc/native/3.4.1061/avr8-gnu-toolchain/bin/../lib/gcc/avr/4.8.1/avr5\libgcc.a(_tablejump.o)
 .text.libgcc.builtins
                0x00000000        0x0 c:/program files (x86)/atmel/atmel toolchain/avr8 gcc/native/3.4.1061/avr8-gnu-toolchain/bin/../lib/gcc/avr/4.8.1/avr5\libgcc.a(_tablejump.o)
 .text.libgcc.fmul
                0x00000000        0x0 c:/program files (x86)/atmel/atmel toolchain/avr8 gcc/native/3.4.1061/avr8-gnu-toolchain/bin/../lib/gcc/avr/4.8.1/avr5\libgcc.a(_tablejump.o)
 .text.libgcc.fixed
                0x00000000        0x0 c:/program files (x86)/atmel/atmel toolchain/avr8 gcc/native/3.4.1061/avr8-gnu-toolchain/bin/../lib/gcc/avr/4.8.1/avr5\libgcc.a(_tablejump.o)
 .text          0x00000000        0x0 c:/program files (x86)/atmel/atmel toolchain/avr8 gcc/native/3.4.1061/avr8-gnu-toolchain/bin/../lib/gcc/avr/4.8.1/avr5\libgcc.a(_clear_bss.o)
 .data          0x00000000        0x0 c:/program files (x86)/atmel/atmel toolchain/avr8 gcc/native/3.4.1061/avr8-gnu-toolchain/bin/../lib/gcc/avr/4.8.1/avr5\libgcc.a(_clear_bss.o)
 .bss           0x00000000        0x0 c:/program files (x86)/atmel/atmel toolchain/avr8 gcc/native/3.4.1061/avr8-gnu-toolchain/bin/../lib/gcc/avr/4.8.1/avr5\libgcc.a(_clear_bss.o)
 .text.libgcc.mul
                0x00000000        0x0 c:/program files (x86)/atmel/atmel toolchain/avr8 gcc/native/3.4.1061/avr8-gnu-toolchain/bin/../lib/gcc/avr/4.8.1/avr5\libgcc.a(_clear_bss.o)
 .text.libgcc.div
                0x00000000        0x0 c:/program files (x86)/atmel/atmel toolchain/avr8 gcc/native/3.4.1061/avr8-gnu-toolchain/bin/../lib/gcc/avr/4.8.1/avr5\libgcc.a(_clear_bss.o)
 .text.libgcc   0x00000000        0x0 c:/program files (x86)/atmel/atmel toolchain/avr8 gcc/native/3.4.1061/avr8-gnu-toolchain/bin/../lib/gcc/avr/4.8.1/avr5\libgcc.a(_clear_bss.o)
 .text.libgcc.prologue
                0x00000000        0x0 c:/program files (x86)/atmel/atmel toolchain/avr8 gcc/native/3.4.1061/avr8-gnu-toolchain/bin/../lib/gcc/avr/4.8.1/avr5\libgcc.a(_clear_bss.o)
 .text.libgcc.builtins
                0x00000000        0x0 c:/program files (x86)/atmel/atmel toolchain/avr8 gcc/native/3.4.1061/avr8-gnu-toolchain/bin/../lib/gcc/avr/4.8.1/avr5\libgcc.a(_clear_bss.o)
 .text.libgcc.fmul
                0x00000000        0x0 c:/program files (x86)/atmel/atmel toolchain/avr8 gcc/native/3.4.1061/avr8-gnu-toolchain/bin/../lib/gcc/avr/4.8.1/avr5\libgcc.a(_clear_bss.o)
 .text.libgcc.fixed
                0x00000000        0x0 c:/program files (x86)/atmel/atmel toolchain/avr8 gcc/native/3.4.1061/avr8-gnu-toolchain/bin/../lib/gcc/avr/4.8.1/avr5\libgcc.a(_clear_bss.o)

Memory Configuration

Name             Origin             Length             Attributes
text             0x00000000         0x00020000         xr
data             0x00800060         0x0000ffa0         rw !x
eeprom           0x00810000         0x00010000         rw !x
fuse             0x00820000         0x00000400         rw !x
lock             0x00830000         0x00000400         rw !x
signature        0x00840000         0x00000400         rw !x
user_signatures  0x00850000         0x00000400         rw !x
*default*        0x00000000         0xffffffff

Linker script and memory map

Address of section .data set to 0x800100
LOAD c:/program files (x86)/atmel/atmel toolchain/avr8 gcc/native/3.4.1061/avr8-gnu-toolchain/bin/../lib/gcc/avr/4.8.1/../../../../avr/lib/avr5/crtm32m1.o
LOAD adc_lib.o
LOAD can_api.o
LOAD can_drv.o
LOAD can_lib.o
LOAD commands.o
LOAD LED.o
LOAD main.o
LOAD mppt_timer.o
LOAD spi_lib.o
LOAD Timer.o
LOAD trans_lib.o
START GROUP
LOAD c:/program files (x86)/atmel/atmel toolchain/avr8 gcc/native/3.4.1061/avr8-gnu-toolchain/bin/../lib/gcc/avr/4.8.1/../../../../avr/lib/avr5\libm.a
END GROUP
START GROUP
LOAD c:/program files (x86)/atmel/atmel toolchain/avr8 gcc/native/3.4.1061/avr8-gnu-toolchain/bin/../lib/gcc/avr/4.8.1/avr5\libgcc.a
LOAD c:/program files (x86)/atmel/atmel toolchain/avr8 gcc/native/3.4.1061/avr8-gnu-toolchain/bin/../lib/gcc/avr/4.8.1/../../../../avr/lib/avr5\libm.a
LOAD c:/program files (x86)/atmel/atmel toolchain/avr8 gcc/native/3.4.1061/avr8-gnu-toolchain/bin/../lib/gcc/avr/4.8.1/../../../../avr/lib/avr5\libc.a
END GROUP

.hash
 *(.hash)

.dynsym
 *(.dynsym)

.dynstr
 *(.dynstr)

.gnu.version
 *(.gnu.version)

.gnu.version_d
 *(.gnu.version_d)

.gnu.version_r
 *(.gnu.version_r)

.rel.init
 *(.rel.init)

.rela.init
 *(.rela.init)

.rel.text
 *(.rel.text)
 *(.rel.text.*)
 *(.rel.gnu.linkonce.t*)

.rela.text
 *(.rela.text)
 *(.rela.text.*)
 *(.rela.gnu.linkonce.t*)

.rel.fini
 *(.rel.fini)

.rela.fini
 *(.rela.fini)

.rel.rodata
 *(.rel.rodata)
 *(.rel.rodata.*)
 *(.rel.gnu.linkonce.r*)

.rela.rodata
 *(.rela.rodata)
 *(.rela.rodata.*)
 *(.rela.gnu.linkonce.r*)

.rel.data
 *(.rel.data)
 *(.rel.data.*)
 *(.rel.gnu.linkonce.d*)

.rela.data
 *(.rela.data)
 *(.rela.data.*)
 *(.rela.gnu.linkonce.d*)

.rel.ctors
 *(.rel.ctors)

.rela.ctors
 *(.rela.ctors)

.rel.dtors
 *(.rel.dtors)

.rela.dtors
 *(.rela.dtors)

.rel.got
 *(.rel.got)

.rela.got
 *(.rela.got)

.rel.bss
 *(.rel.bss)

.rela.bss
 *(.rela.bss)

.rel.plt
 *(.rel.plt)

.rela.plt
 *(.rela.plt)

.text           0x00000000     0x1f92
 *(.vectors)
 .vectors       0x00000000       0x7c c:/program files (x86)/atmel/atmel toolchain/avr8 gcc/native/3.4.1061/avr8-gnu-toolchain/bin/../lib/gcc/avr/4.8.1/../../../../avr/lib/avr5/crtm32m1.o
                0x00000000                __vector_default
                0x00000000                __vectors
 *(.vectors)
 *(.progmem.gcc*)
 .progmem.gcc_sw_table.decode_command
                0x0000007c       0x1e can_api.o
 .progmem.gcc_sw_table.can_cmd
                0x0000009a       0x16 can_lib.o
                0x000000b0                . = ALIGN (0x2)
                0x000000b0                __trampolines_start = .
 *(.trampolines)
 .trampolines   0x000000b0        0x0 linker stubs
 *(.trampolines*)
                0x000000b0                __trampolines_end = .
 *(.progmem*)
                0x000000b0                . = ALIGN (0x2)
 *(.jumptables)
 *(.jumptables*)
 *(.lowtext)
 *(.lowtext*)
                0x000000b0                __ctors_start = .
 *(.ctors)
                0x000000b0                __ctors_end = .
                0x000000b0                __dtors_start = .
 *(.dtors)
                0x000000b0                __dtors_end = .
 SORT(*)(.ctors)
 SORT(*)(.dtors)
 *(.init0)
 .init0         0x000000b0        0x0 c:/program files (x86)/atmel/atmel toolchain/avr8 gcc/native/3.4.1061/avr8-gnu-toolchain/bin/../lib/gcc/avr/4.8.1/../../../../avr/lib/avr5/crtm32m1.o
                0x000000b0                __init
 *(.init0)
 *(.init1)
 *(.init1)
 *(.init2)
 .init2         0x000000b0        0xc c:/program files (x86)/atmel/atmel toolchain/avr8 gcc/native/3.4.1061/avr8-gnu-toolchain/bin/../lib/gcc/avr/4.8.1/../../../../avr/lib/avr5/crtm32m1.o
 *(.init2)
 *(.init3)
 *(.init3)
 *(.init4)
 .init4         0x000000bc       0x10 c:/program files (x86)/atmel/atmel toolchain/avr8 gcc/native/3.4.1061/avr8-gnu-toolchain/bin/../lib/gcc/avr/4.8.1/avr5\libgcc.a(_clear_bss.o)
                0x000000bc                __do_clear_bss
 *(.init4)
 *(.init5)
 *(.init5)
 *(.init6)
 *(.init6)
 *(.init7)
 *(.init7)
 *(.init8)
 *(.init8)
 *(.init9)
 .init9         0x000000cc        0x8 c:/program files (x86)/atmel/atmel toolchain/avr8 gcc/native/3.4.1061/avr8-gnu-toolchain/bin/../lib/gcc/avr/4.8.1/../../../../avr/lib/avr5/crtm32m1.o
 *(.init9)
 *(.text)
 .text          0x000000d4        0x4 c:/program files (x86)/atmel/atmel toolchain/avr8 gcc/native/3.4.1061/avr8-gnu-toolchain/bin/../lib/gcc/avr/4.8.1/../../../../avr/lib/avr5/crtm32m1.o
                0x000000d4                __vector_22
                0x000000d4                __vector_28
                0x000000d4                __vector_1
                0x000000d4                __vector_24
                0x000000d4                __bad_interrupt
                0x000000d4                __vector_6
                0x000000d4                __vector_3
                0x000000d4                __vector_23
                0x000000d4                __vector_30
                0x000000d4                __vector_25
                0x000000d4                __vector_11
                0x000000d4                __vector_13
                0x000000d4                __vector_17
                0x000000d4                __vector_19
                0x000000d4                __vector_7
                0x000000d4                __vector_27
                0x000000d4                __vector_5
                0x000000d4                __vector_4
                0x000000d4                __vector_9
                0x000000d4                __vector_2
                0x000000d4                __vector_21
                0x000000d4                __vector_15
                0x000000d4                __vector_29
                0x000000d4                __vector_8
                0x000000d4                __vector_26
                0x000000d4                __vector_14
                0x000000d4                __vector_10
                0x000000d4                __vector_16
                0x000000d4                __vector_18
                0x000000d4                __vector_20
                0x000000d8                . = ALIGN (0x2)
 *(.text.*)
 .text.adc_initialize
                0x000000d8       0x14 adc_lib.o
                0x000000d8                adc_initialize
 .text.adc_read
                0x000000ec       0x12 adc_lib.o
                0x000000ec                adc_read
 .text.adc_set_pin
                0x000000fe        0x6 adc_lib.o
                0x000000fe                adc_set_pin
 .text.can_send_message
                0x00000104       0x62 can_api.o
                0x00000104                can_send_message
 .text.decode_command
                0x00000166      0x11c can_api.o
                0x00000166                decode_command
 .text.set_up_msg
                0x00000282       0xb4 can_api.o
                0x00000282                set_up_msg
 .text.clean_up_msg
                0x00000336      0x156 can_api.o
                0x00000336                clean_up_msg
 .text.can_check_housekeep
                0x0000048c       0x64 can_api.o
                0x0000048c                can_check_housekeep
 .text.can_check_general
                0x000004f0       0xb6 can_api.o
                0x000004f0                can_check_general
 .text.can_init_mobs
                0x000005a6      0x250 can_api.o
                0x000005a6                can_init_mobs
 .text.can_clear_all_mob
                0x000007f6       0x26 can_drv.o
                0x000007f6                can_clear_all_mob
 .text.can_get_mob_status
                0x0000081c       0x2c can_drv.o
                0x0000081c                can_get_mob_status
 .text.can_get_data
                0x00000848       0x14 can_drv.o
                0x00000848                can_get_data
 .text.can_fixed_baudrate
                0x0000085c       0x1c can_drv.o
                0x0000085c                can_fixed_baudrate
 .text.can_init
                0x00000878       0x1e can_lib.o
                0x00000878                can_init
 .text.can_cmd  0x00000896      0xc58 can_lib.o
                0x00000896                can_cmd
 .text.can_get_status
                0x000014ee      0x1cc can_lib.o
                0x000014ee                can_get_status
 .text.send_tm_transaction_response
                0x000016ba       0x36 commands.o
 .text.send_response
                0x000016f0       0x2a commands.o
                0x000016f0                send_response
 .text.send_housekeeping
                0x0000171a       0x24 commands.o
                0x0000171a                send_housekeeping
 .text.send_sensor_data
                0x0000173e       0x6a commands.o
                0x0000173e                send_sensor_data
 .text.send_coms_packet
                0x000017a8       0x30 commands.o
                0x000017a8                send_coms_packet
 .text.send_read_response
                0x000017d8       0x42 commands.o
                0x000017d8                send_read_response
 .text.send_write_response
                0x0000181a       0x48 commands.o
                0x0000181a                send_write_response
 .text.set_sensor_high
                0x00001862      0x1ca commands.o
                0x00001862                set_sensor_high
 .text.set_sensor_low
                0x00001a2c      0x1ca commands.o
                0x00001a2c                set_sensor_low
 .text.set_var  0x00001bf6       0x24 commands.o
                0x00001bf6                set_var
 .text.receive_tm_msg
                0x00001c1a       0xf0 commands.o
                0x00001c1a                receive_tm_msg
 .text.run_commands
                0x00001d0a       0x7a commands.o
                0x00001d0a                run_commands
 .text.LED_set  0x00001d84       0x18 LED.o
                0x00001d84                LED_set
 .text.LED_clr  0x00001d9c       0x18 LED.o
                0x00001d9c                LED_clr
 .text.main     0x00001db4       0xe2 main.o
                0x00001db4                main
 .text.mppt_timer_init
                0x00001e96       0x18 mppt_timer.o
                0x00001e96                mppt_timer_init
 .text.set_duty_cycleA
                0x00001eae        0x4 mppt_timer.o
                0x00001eae                set_duty_cycleA
 .text.set_duty_cycleB
                0x00001eb2        0x4 mppt_timer.o
                0x00001eb2                set_duty_cycleB
 .text.spi_initialize_master
                0x00001eb6        0xc spi_lib.o
                0x00001eb6                spi_initialize_master
 .text.SS1_set_high
                0x00001ec2        0x4 spi_lib.o
                0x00001ec2                SS1_set_high
 .text.SS1_set_low
                0x00001ec6        0x4 spi_lib.o
                0x00001ec6                SS1_set_low
 .text.spi_retrieve_temp
                0x00001eca       0x3a spi_lib.o
                0x00001eca                spi_retrieve_temp
 .text.__vector_12
                0x00001f04       0x1e Timer.o
                0x00001f04                __vector_12
 .text.timer_init
                0x00001f22       0x10 Timer.o
                0x00001f22                timer_init
 .text.delay_us
                0x00001f32       0x24 Timer.o
                0x00001f32                delay_us
 .text.delay_ms
                0x00001f56       0x2c Timer.o
                0x00001f56                delay_ms
 .text.libgcc   0x00001f82        0xc c:/program files (x86)/atmel/atmel toolchain/avr8 gcc/native/3.4.1061/avr8-gnu-toolchain/bin/../lib/gcc/avr/4.8.1/avr5\libgcc.a(_tablejump.o)
                0x00001f82                __tablejump2__
                0x00001f86                __tablejump__
                0x00001f8e                . = ALIGN (0x2)
 *(.fini9)
 .fini9         0x00001f8e        0x0 c:/program files (x86)/atmel/atmel toolchain/avr8 gcc/native/3.4.1061/avr8-gnu-toolchain/bin/../lib/gcc/avr/4.8.1/avr5\libgcc.a(_exit.o)
                0x00001f8e                _exit
                0x00001f8e                exit
 *(.fini9)
 *(.fini8)
 *(.fini8)
 *(.fini7)
 *(.fini7)
 *(.fini6)
 *(.fini6)
 *(.fini5)
 *(.fini5)
 *(.fini4)
 *(.fini4)
 *(.fini3)
 *(.fini3)
 *(.fini2)
 *(.fini2)
 *(.fini1)
 *(.fini1)
 *(.fini0)
 .fini0         0x00001f8e        0x4 c:/program files (x86)/atmel/atmel toolchain/avr8 gcc/native/3.4.1061/avr8-gnu-toolchain/bin/../lib/gcc/avr/4.8.1/avr5\libgcc.a(_exit.o)
 *(.fini0)
                0x00001f92                _etext = .

.data           0x00800100        0x0 load address 0x00001f92
                0x00800100                PROVIDE (__data_start, .)
 *(.data)
 *(.data*)
 *(.rodata)
 *(.rodata*)
 *(.gnu.linkonce.d*)
                0x00800100                . = ALIGN (0x2)
                0x00800100                _edata = .
                0x00800100                PROVIDE (__data_end, .)

.bss            0x00800100      0x205
                0x00800100                PROVIDE (__bss_start, .)
 *(.bss)
 *(.bss*)
 *(COMMON)
 COMMON         0x00800100      0x204 can_api.o
                0x00800100                tm_sequence_count
                0x00800101                write_arr
                0x00800109                battv_low
                0x0080010b                payv_low
                0x0080010d                msg_received
                0x0080010e                payv_high
                0x00800110                pyv_high
                0x00800112                battemp_high
                0x00800114                data1
                0x0080011c                data2
                0x00800124                mpptb
                0x00800125                send_arr
                0x0080012d                epstemp_high
                0x0080012f                epstemp_low
                0x00800131                data4
                0x00800139                comsi_high
                0x0080013b                setv_arr
                0x00800143                pxi_low
                0x00800145                obcv_high
                0x00800147                write_response
                0x00800148                sensh_arr
                0x00800150                batti_high
                0x00800152                comsv_high
                0x00800154                message
                0x00800160                data_req_arr
                0x00800168                comsv_low
                0x0080016a                battmv_low
                0x0080016c                battmv_high
                0x0080016e                CURRENT_MINUTE
                0x0080016f                pxv_high
                0x00800171                send_now
                0x00800172                new_tm_msgf
                0x00800173                payi_low
                0x00800175                trans_msg
                0x0080017b                read_response
                0x0080017c                current_tm
                0x0080020b                data0
                0x00800213                send_hk
                0x00800214                obci_high
                0x00800216                pxv_low
                0x00800218                pyv_low
                0x0080021a                receive_arr
                0x00800222                id_array
                0x00800228                pyi_low
                0x0080022a                data3
                0x00800232                set_sens_h
                0x00800233                tc_packet_readyf
                0x00800234                current_tm_fullf
                0x00800235                send_data
                0x00800236                set_varf
                0x00800237                set_sens_l
                0x00800238                new_tm_msg
                0x00800240                battv_high
                0x00800242                battemp_low
                0x00800244                data5
                0x0080024c                obci_low
                0x0080024e                batti_low
                0x00800250                mob_number
                0x00800251                comsi_low
                0x00800253                payi_high
                0x00800255                mppta
                0x00800256                new_tc_msg
                0x0080025e                obcv_low
                0x00800260                sensl_arr
                0x00800268                status
                0x00800269                pxi_high
                0x0080026b                current_tc
                0x008002fa                pyi_high
                0x008002fc                read_arr
 COMMON         0x00800304        0x1 main.o
                0x00800304                CTC_flag
                0x00800305                PROVIDE (__bss_end, .)
                0x00001f92                __data_load_start = LOADADDR (.data)
                0x00001f92                __data_load_end = (__data_load_start + SIZEOF (.data))

.noinit         0x00800305        0x0
                0x00800305                PROVIDE (__noinit_start, .)
 *(.noinit*)
                0x00800305                PROVIDE (__noinit_end, .)
                0x00800305                _end = .
                0x00800305                PROVIDE (__heap_start, .)

.eeprom         0x00810000        0x0
 *(.eeprom*)
                0x00810000                __eeprom_end = .

.fuse
 *(.fuse)
 *(.lfuse)
 *(.hfuse)
 *(.efuse)

.lock
 *(.lock*)

.signature
 *(.signature*)

.user_signatures
 *(.user_signatures*)

.stab
 *(.stab)

.stabstr
 *(.stabstr)

.stab.excl
 *(.stab.excl)

.stab.exclstr
 *(.stab.exclstr)

.stab.index
 *(.stab.index)

.stab.indexstr
 *(.stab.indexstr)

.comment        0x00000000       0x30
 *(.comment)
 .comment       0x00000000       0x30 adc_lib.o
                                 0x31 (size before relaxing)
 .comment       0x00000000       0x31 can_api.o
 .comment       0x00000000       0x31 can_drv.o
 .comment       0x00000000       0x31 can_lib.o
 .comment       0x00000000       0x31 commands.o
 .comment       0x00000000       0x31 LED.o
 .comment       0x00000000       0x31 main.o
 .comment       0x00000000       0x31 mppt_timer.o
 .comment       0x00000000       0x31 spi_lib.o
 .comment       0x00000000       0x31 Timer.o

.note.gnu.build-id
 *(.note.gnu.build-id)

.debug
 *(.debug)

.line
 *(.line)

.debug_srcinfo
 *(.debug_srcinfo)

.debug_sfnames
 *(.debug_sfnames)

.debug_aranges  0x00000000      0x2a8
 *(.debug_aranges)
 .debug_aranges
                0x00000000       0x30 adc_lib.o
 .debug_aranges
                0x00000030       0x50 can_api.o
 .debug_aranges
                0x00000080       0x48 can_drv.o
 .debug_aranges
                0x000000c8       0x30 can_lib.o
 .debug_aranges
                0x000000f8       0x80 commands.o
 .debug_aranges
                0x00000178       0x40 LED.o
 .debug_aranges
                0x000001b8       0x20 main.o
 .debug_aranges
                0x000001d8       0x38 mppt_timer.o
 .debug_aranges
                0x00000210       0x58 spi_lib.o
 .debug_aranges
                0x00000268       0x40 Timer.o

.debug_pubnames
 *(.debug_pubnames)

.debug_info     0x00000000     0x325f
 *(.debug_info .gnu.linkonce.wi.*)
 .debug_info    0x00000000      0x11e adc_lib.o
 .debug_info    0x0000011e      0xadf can_api.o
 .debug_info    0x00000bfd      0x2e8 can_drv.o
 .debug_info    0x00000ee5      0x3a9 can_lib.o
 .debug_info    0x0000128e      0xc11 commands.o
 .debug_info    0x00001e9f      0x1b1 LED.o
 .debug_info    0x00002050      0xad0 main.o
 .debug_info    0x00002b20       0xe5 mppt_timer.o
 .debug_info    0x00002c05      0x4f0 spi_lib.o
 .debug_info    0x000030f5      0x16a Timer.o

.debug_abbrev   0x00000000      0xf82
 *(.debug_abbrev)
 .debug_abbrev  0x00000000       0xbf adc_lib.o
 .debug_abbrev  0x000000bf      0x229 can_api.o
 .debug_abbrev  0x000002e8      0x12c can_drv.o
 .debug_abbrev  0x00000414      0x254 can_lib.o
 .debug_abbrev  0x00000668      0x28b commands.o
 .debug_abbrev  0x000008f3       0xd8 LED.o
 .debug_abbrev  0x000009cb      0x1dd main.o
 .debug_abbrev  0x00000ba8       0x92 mppt_timer.o
 .debug_abbrev  0x00000c3a      0x246 spi_lib.o
 .debug_abbrev  0x00000e80      0x102 Timer.o

.debug_line     0x00000000     0x11ae
 *(.debug_line .debug_line.* .debug_line_end)
 .debug_line    0x00000000       0xd2 adc_lib.o
 .debug_line    0x000000d2      0x301 can_api.o
 .debug_line    0x000003d3      0x2a2 can_drv.o
 .debug_line    0x00000675      0x296 can_lib.o
 .debug_line    0x0000090b      0x2db commands.o
 .debug_line    0x00000be6       0xfe LED.o
 .debug_line    0x00000ce4      0x164 main.o
 .debug_line    0x00000e48       0xe7 mppt_timer.o
 .debug_line    0x00000f2f      0x16a spi_lib.o
 .debug_line    0x00001099      0x115 Timer.o

.debug_frame    0x00000000      0x5a0
 *(.debug_frame)
 .debug_frame   0x00000000       0x44 adc_lib.o
 .debug_frame   0x00000044      0x10c can_api.o
 .debug_frame   0x00000150       0xd4 can_drv.o
 .debug_frame   0x00000224       0x60 can_lib.o
 .debug_frame   0x00000284      0x100 commands.o
 .debug_frame   0x00000384       0x6c LED.o
 .debug_frame   0x000003f0       0x24 main.o
 .debug_frame   0x00000414       0x54 mppt_timer.o
 .debug_frame   0x00000468       0xb0 spi_lib.o
 .debug_frame   0x00000518       0x88 Timer.o

.debug_str      0x00000000      0xa4b
 *(.debug_str)
 .debug_str     0x00000000      0x16c adc_lib.o
                                0x1a0 (size before relaxing)
 .debug_str     0x0000016c      0x438 can_api.o
                                0x5d1 (size before relaxing)
 .debug_str     0x000005a4      0x147 can_drv.o
                                0x2b9 (size before relaxing)
 .debug_str     0x000006eb       0x48 can_lib.o
                                0x31c (size before relaxing)
 .debug_str     0x00000733      0x176 commands.o
                                0x6a2 (size before relaxing)
 .debug_str     0x000008a9       0x47 LED.o
                                0x19a (size before relaxing)
 .debug_str     0x000008f0       0x9a main.o
                                0x62c (size before relaxing)
 .debug_str     0x0000098a       0x22 mppt_timer.o
                                0x1a5 (size before relaxing)
 .debug_str     0x000009ac       0x86 spi_lib.o
                                0x331 (size before relaxing)
 .debug_str     0x00000a32       0x19 Timer.o
                                0x1af (size before relaxing)

.debug_loc      0x00000000     0x1f20
 *(.debug_loc)
 .debug_loc     0x00000000       0x5d adc_lib.o
 .debug_loc     0x0000005d      0x6d2 can_api.o
 .debug_loc     0x0000072f      0x962 can_drv.o
 .debug_loc     0x00001091      0x3ec can_lib.o
 .debug_loc     0x0000147d      0x636 commands.o
 .debug_loc     0x00001ab3       0xc2 LED.o
 .debug_loc     0x00001b75      0x27b spi_lib.o
 .debug_loc     0x00001df0      0x130 Timer.o

.debug_macinfo
 *(.debug_macinfo)

.debug_weaknames
 *(.debug_weaknames)

.debug_funcnames
 *(.debug_funcnames)

.debug_typenames
 *(.debug_typenames)

.debug_varnames
 *(.debug_varnames)

.debug_pubtypes
 *(.debug_pubtypes)

.debug_ranges   0x00000000      0x238
 *(.debug_ranges)
 .debug_ranges  0x00000000       0x20 adc_lib.o
 .debug_ranges  0x00000020       0x40 can_api.o
 .debug_ranges  0x00000060       0x68 can_drv.o
 .debug_ranges  0x000000c8       0x20 can_lib.o
 .debug_ranges  0x000000e8       0x70 commands.o
 .debug_ranges  0x00000158       0x30 LED.o
 .debug_ranges  0x00000188       0x10 main.o
 .debug_ranges  0x00000198       0x28 mppt_timer.o
 .debug_ranges  0x000001c0       0x48 spi_lib.o
 .debug_ranges  0x00000208       0x30 Timer.o

.debug_macro
 *(.debug_macro)
OUTPUT(Subsystem_Program.elf elf32-avr)
LOAD linker stubs
