Archive member included because of file (symbol)

c:/program files (x86)/atmel/atmel toolchain/avr8 gcc/native/3.4.1061/avr8-gnu-toolchain/bin/../lib/gcc/avr/4.8.1/avr5\libgcc.a(_exit.o)
                              c:/program files (x86)/atmel/atmel toolchain/avr8 gcc/native/3.4.1061/avr8-gnu-toolchain/bin/../lib/gcc/avr/4.8.1/../../../../avr/lib/avr5/crtm32m1.o (exit)
c:/program files (x86)/atmel/atmel toolchain/avr8 gcc/native/3.4.1061/avr8-gnu-toolchain/bin/../lib/gcc/avr/4.8.1/avr5\libgcc.a(_tablejump.o)
                              can_api.o (__tablejump2__)
c:/program files (x86)/atmel/atmel toolchain/avr8 gcc/native/3.4.1061/avr8-gnu-toolchain/bin/../lib/gcc/avr/4.8.1/avr5\libgcc.a(_clear_bss.o)
                              can_api.o (__do_clear_bss)

Allocating common symbols
Common symbol       size              file

write_arr           0x8               can_api.o
battv_low           0x2               can_api.o
payv_low            0x2               can_api.o
msg_received        0x1               can_api.o
payv_high           0x2               can_api.o
pyv_high            0x2               can_api.o
battemp_high        0x2               can_api.o
data1               0x8               can_api.o
data2               0x8               can_api.o
set_var             0x1               can_api.o
mpptb               0x1               can_api.o
send_arr            0x8               can_api.o
epstemp_high        0x2               can_api.o
epstemp_low         0x2               can_api.o
data4               0x8               can_api.o
comsi_high          0x2               can_api.o
setv_arr            0x8               can_api.o
pxi_low             0x2               can_api.o
obcv_high           0x2               can_api.o
write_response      0x1               can_api.o
sensh_arr           0x8               can_api.o
batti_high          0x2               can_api.o
comsv_high          0x2               can_api.o
message             0xc               can_api.o
data_req_arr        0x8               can_api.o
comsv_low           0x2               can_api.o
battmv_low          0x2               can_api.o
battmv_high         0x2               can_api.o
pxv_high            0x2               can_api.o
send_now            0x1               can_api.o
payi_low            0x2               can_api.o
trans_msg           0x6               can_api.o
read_response       0x1               can_api.o
data0               0x8               can_api.o
send_hk             0x1               can_api.o
obci_high           0x2               can_api.o
CTC_flag            0x1               main.o
pxv_low             0x2               can_api.o
pyv_low             0x2               can_api.o
receive_arr         0x8               can_api.o
id_array            0x6               can_api.o
pyi_low             0x2               can_api.o
data3               0x8               can_api.o
set_sens_h          0x1               can_api.o
send_data           0x1               can_api.o
set_sens_l          0x1               can_api.o
battv_high          0x2               can_api.o
battemp_low         0x2               can_api.o
data5               0x8               can_api.o
obci_low            0x2               can_api.o
batti_low           0x2               can_api.o
mob_number          0x1               can_api.o
comsi_low           0x2               can_api.o
payi_high           0x2               can_api.o
mppta               0x1               can_api.o
obcv_low            0x2               can_api.o
sensl_arr           0x8               can_api.o
status              0x1               can_api.o
pxi_high            0x2               can_api.o
pyi_high            0x2               can_api.o
read_arr            0x8               can_api.o

Discarded input sections

 .data          0x00000000        0x0 c:/program files (x86)/atmel/atmel toolchain/avr8 gcc/native/3.4.1061/avr8-gnu-toolchain/bin/../lib/gcc/avr/4.8.1/../../../../avr/lib/avr5/crtm32m1.o
 .bss           0x00000000        0x0 c:/program files (x86)/atmel/atmel toolchain/avr8 gcc/native/3.4.1061/avr8-gnu-toolchain/bin/../lib/gcc/avr/4.8.1/../../../../avr/lib/avr5/crtm32m1.o
 .text          0x00000000        0x0 adc_lib.o
 .data          0x00000000        0x0 adc_lib.o
 .bss           0x00000000        0x0 adc_lib.o
 .text.adc_read
                0x00000000       0x12 adc_lib.o
 .text          0x00000000        0x0 can_api.o
 .data          0x00000000        0x0 can_api.o
 .bss           0x00000000        0x0 can_api.o
 .text          0x00000000        0x0 can_drv.o
 .data          0x00000000        0x0 can_drv.o
 .bss           0x00000000        0x0 can_drv.o
 .text.can_get_mob_free
                0x00000000       0x40 can_drv.o
 .text.can_auto_baudrate
                0x00000000      0x3b8 can_drv.o
 .text          0x00000000        0x0 can_lib.o
 .data          0x00000000        0x0 can_lib.o
 .bss           0x00000000        0x0 can_lib.o
 .text          0x00000000        0x0 commands.o
 .data          0x00000000        0x0 commands.o
 .bss           0x00000000        0x0 commands.o
 .text          0x00000000        0x0 LED.o
 .data          0x00000000        0x0 LED.o
 .bss           0x00000000        0x0 LED.o
 .text.LED_Reg_Write
                0x00000000        0x6 LED.o
 .text.LED_set  0x00000000       0x18 LED.o
 .text.LED_clr  0x00000000       0x18 LED.o
 .text.LED_toggle
                0x00000000       0x28 LED.o
 .text.LED_blink
                0x00000000       0x22 LED.o
 .debug_info    0x00000000      0x1b1 LED.o
 .debug_abbrev  0x00000000       0xd8 LED.o
 .debug_loc     0x00000000       0xc2 LED.o
 .debug_aranges
                0x00000000       0x40 LED.o
 .debug_ranges  0x00000000       0x30 LED.o
 .debug_line    0x00000000       0xfe LED.o
 .debug_str     0x00000000      0x19a LED.o
 .comment       0x00000000       0x31 LED.o
 .debug_frame   0x00000000       0x6c LED.o
 .text          0x00000000        0x0 main.o
 .data          0x00000000        0x0 main.o
 .bss           0x00000000        0x0 main.o
 .text          0x00000000        0x0 spi_lib.o
 .data          0x00000000        0x0 spi_lib.o
 .bss           0x00000000        0x0 spi_lib.o
 .text          0x00000000        0x0 Timer.o
 .data          0x00000000        0x0 Timer.o
 .bss           0x00000000        0x0 Timer.o
 .text          0x00000000        0x0 trans_lib.o
 .data          0x00000000        0x0 trans_lib.o
 .bss           0x00000000        0x0 trans_lib.o
 .text.get_status
                0x00000000       0x1a trans_lib.o
 .text.dir_FIFO_read
                0x00000000       0x44 trans_lib.o
 .text.dir_FIFO_write
                0x00000000       0x46 trans_lib.o
 .text.set_CSn  0x00000000       0x10 trans_lib.o
 .text.trans_check
                0x00000000       0x84 trans_lib.o
 .text          0x00000000        0x0 c:/program files (x86)/atmel/atmel toolchain/avr8 gcc/native/3.4.1061/avr8-gnu-toolchain/bin/../lib/gcc/avr/4.8.1/avr5\libgcc.a(_exit.o)
 .data          0x00000000        0x0 c:/program files (x86)/atmel/atmel toolchain/avr8 gcc/native/3.4.1061/avr8-gnu-toolchain/bin/../lib/gcc/avr/4.8.1/avr5\libgcc.a(_exit.o)
 .bss           0x00000000        0x0 c:/program files (x86)/atmel/atmel toolchain/avr8 gcc/native/3.4.1061/avr8-gnu-toolchain/bin/../lib/gcc/avr/4.8.1/avr5\libgcc.a(_exit.o)
 .text.libgcc.mul
                0x00000000        0x0 c:/program files (x86)/atmel/atmel toolchain/avr8 gcc/native/3.4.1061/avr8-gnu-toolchain/bin/../lib/gcc/avr/4.8.1/avr5\libgcc.a(_exit.o)
 .text.libgcc.div
                0x00000000        0x0 c:/program files (x86)/atmel/atmel toolchain/avr8 gcc/native/3.4.1061/avr8-gnu-toolchain/bin/../lib/gcc/avr/4.8.1/avr5\libgcc.a(_exit.o)
 .text.libgcc   0x00000000        0x0 c:/program files (x86)/atmel/atmel toolchain/avr8 gcc/native/3.4.1061/avr8-gnu-toolchain/bin/../lib/gcc/avr/4.8.1/avr5\libgcc.a(_exit.o)
 .text.libgcc.prologue
                0x00000000        0x0 c:/program files (x86)/atmel/atmel toolchain/avr8 gcc/native/3.4.1061/avr8-gnu-toolchain/bin/../lib/gcc/avr/4.8.1/avr5\libgcc.a(_exit.o)
 .text.libgcc.builtins
                0x00000000        0x0 c:/program files (x86)/atmel/atmel toolchain/avr8 gcc/native/3.4.1061/avr8-gnu-toolchain/bin/../lib/gcc/avr/4.8.1/avr5\libgcc.a(_exit.o)
 .text.libgcc.fmul
                0x00000000        0x0 c:/program files (x86)/atmel/atmel toolchain/avr8 gcc/native/3.4.1061/avr8-gnu-toolchain/bin/../lib/gcc/avr/4.8.1/avr5\libgcc.a(_exit.o)
 .text.libgcc.fixed
                0x00000000        0x0 c:/program files (x86)/atmel/atmel toolchain/avr8 gcc/native/3.4.1061/avr8-gnu-toolchain/bin/../lib/gcc/avr/4.8.1/avr5\libgcc.a(_exit.o)
 .text          0x00000000        0x0 c:/program files (x86)/atmel/atmel toolchain/avr8 gcc/native/3.4.1061/avr8-gnu-toolchain/bin/../lib/gcc/avr/4.8.1/avr5\libgcc.a(_tablejump.o)
 .data          0x00000000        0x0 c:/program files (x86)/atmel/atmel toolchain/avr8 gcc/native/3.4.1061/avr8-gnu-toolchain/bin/../lib/gcc/avr/4.8.1/avr5\libgcc.a(_tablejump.o)
 .bss           0x00000000        0x0 c:/program files (x86)/atmel/atmel toolchain/avr8 gcc/native/3.4.1061/avr8-gnu-toolchain/bin/../lib/gcc/avr/4.8.1/avr5\libgcc.a(_tablejump.o)
 .text.libgcc.mul
                0x00000000        0x0 c:/program files (x86)/atmel/atmel toolchain/avr8 gcc/native/3.4.1061/avr8-gnu-toolchain/bin/../lib/gcc/avr/4.8.1/avr5\libgcc.a(_tablejump.o)
 .text.libgcc.div
                0x00000000        0x0 c:/program files (x86)/atmel/atmel toolchain/avr8 gcc/native/3.4.1061/avr8-gnu-toolchain/bin/../lib/gcc/avr/4.8.1/avr5\libgcc.a(_tablejump.o)
 .text.libgcc.prologue
                0x00000000        0x0 c:/program files (x86)/atmel/atmel toolchain/avr8 gcc/native/3.4.1061/avr8-gnu-toolchain/bin/../lib/gcc/avr/4.8.1/avr5\libgcc.a(_tablejump.o)
 .text.libgcc.builtins
                0x00000000        0x0 c:/program files (x86)/atmel/atmel toolchain/avr8 gcc/native/3.4.1061/avr8-gnu-toolchain/bin/../lib/gcc/avr/4.8.1/avr5\libgcc.a(_tablejump.o)
 .text.libgcc.fmul
                0x00000000        0x0 c:/program files (x86)/atmel/atmel toolchain/avr8 gcc/native/3.4.1061/avr8-gnu-toolchain/bin/../lib/gcc/avr/4.8.1/avr5\libgcc.a(_tablejump.o)
 .text.libgcc.fixed
                0x00000000        0x0 c:/program files (x86)/atmel/atmel toolchain/avr8 gcc/native/3.4.1061/avr8-gnu-toolchain/bin/../lib/gcc/avr/4.8.1/avr5\libgcc.a(_tablejump.o)
 .text          0x00000000        0x0 c:/program files (x86)/atmel/atmel toolchain/avr8 gcc/native/3.4.1061/avr8-gnu-toolchain/bin/../lib/gcc/avr/4.8.1/avr5\libgcc.a(_clear_bss.o)
 .data          0x00000000        0x0 c:/program files (x86)/atmel/atmel toolchain/avr8 gcc/native/3.4.1061/avr8-gnu-toolchain/bin/../lib/gcc/avr/4.8.1/avr5\libgcc.a(_clear_bss.o)
 .bss           0x00000000        0x0 c:/program files (x86)/atmel/atmel toolchain/avr8 gcc/native/3.4.1061/avr8-gnu-toolchain/bin/../lib/gcc/avr/4.8.1/avr5\libgcc.a(_clear_bss.o)
 .text.libgcc.mul
                0x00000000        0x0 c:/program files (x86)/atmel/atmel toolchain/avr8 gcc/native/3.4.1061/avr8-gnu-toolchain/bin/../lib/gcc/avr/4.8.1/avr5\libgcc.a(_clear_bss.o)
 .text.libgcc.div
                0x00000000        0x0 c:/program files (x86)/atmel/atmel toolchain/avr8 gcc/native/3.4.1061/avr8-gnu-toolchain/bin/../lib/gcc/avr/4.8.1/avr5\libgcc.a(_clear_bss.o)
 .text.libgcc   0x00000000        0x0 c:/program files (x86)/atmel/atmel toolchain/avr8 gcc/native/3.4.1061/avr8-gnu-toolchain/bin/../lib/gcc/avr/4.8.1/avr5\libgcc.a(_clear_bss.o)
 .text.libgcc.prologue
                0x00000000        0x0 c:/program files (x86)/atmel/atmel toolchain/avr8 gcc/native/3.4.1061/avr8-gnu-toolchain/bin/../lib/gcc/avr/4.8.1/avr5\libgcc.a(_clear_bss.o)
 .text.libgcc.builtins
                0x00000000        0x0 c:/program files (x86)/atmel/atmel toolchain/avr8 gcc/native/3.4.1061/avr8-gnu-toolchain/bin/../lib/gcc/avr/4.8.1/avr5\libgcc.a(_clear_bss.o)
 .text.libgcc.fmul
                0x00000000        0x0 c:/program files (x86)/atmel/atmel toolchain/avr8 gcc/native/3.4.1061/avr8-gnu-toolchain/bin/../lib/gcc/avr/4.8.1/avr5\libgcc.a(_clear_bss.o)
 .text.libgcc.fixed
                0x00000000        0x0 c:/program files (x86)/atmel/atmel toolchain/avr8 gcc/native/3.4.1061/avr8-gnu-toolchain/bin/../lib/gcc/avr/4.8.1/avr5\libgcc.a(_clear_bss.o)

Memory Configuration

Name             Origin             Length             Attributes
text             0x00000000         0x00020000         xr
data             0x00800060         0x0000ffa0         rw !x
eeprom           0x00810000         0x00010000         rw !x
fuse             0x00820000         0x00000400         rw !x
lock             0x00830000         0x00000400         rw !x
signature        0x00840000         0x00000400         rw !x
user_signatures  0x00850000         0x00000400         rw !x
*default*        0x00000000         0xffffffff

Linker script and memory map

Address of section .data set to 0x800100
LOAD c:/program files (x86)/atmel/atmel toolchain/avr8 gcc/native/3.4.1061/avr8-gnu-toolchain/bin/../lib/gcc/avr/4.8.1/../../../../avr/lib/avr5/crtm32m1.o
LOAD adc_lib.o
LOAD can_api.o
LOAD can_drv.o
LOAD can_lib.o
LOAD commands.o
LOAD LED.o
LOAD main.o
LOAD spi_lib.o
LOAD Timer.o
LOAD trans_lib.o
START GROUP
LOAD c:/program files (x86)/atmel/atmel toolchain/avr8 gcc/native/3.4.1061/avr8-gnu-toolchain/bin/../lib/gcc/avr/4.8.1/../../../../avr/lib/avr5\libm.a
END GROUP
START GROUP
LOAD c:/program files (x86)/atmel/atmel toolchain/avr8 gcc/native/3.4.1061/avr8-gnu-toolchain/bin/../lib/gcc/avr/4.8.1/avr5\libgcc.a
LOAD c:/program files (x86)/atmel/atmel toolchain/avr8 gcc/native/3.4.1061/avr8-gnu-toolchain/bin/../lib/gcc/avr/4.8.1/../../../../avr/lib/avr5\libm.a
LOAD c:/program files (x86)/atmel/atmel toolchain/avr8 gcc/native/3.4.1061/avr8-gnu-toolchain/bin/../lib/gcc/avr/4.8.1/../../../../avr/lib/avr5\libc.a
END GROUP

.hash
 *(.hash)

.dynsym
 *(.dynsym)

.dynstr
 *(.dynstr)

.gnu.version
 *(.gnu.version)

.gnu.version_d
 *(.gnu.version_d)

.gnu.version_r
 *(.gnu.version_r)

.rel.init
 *(.rel.init)

.rela.init
 *(.rela.init)

.rel.text
 *(.rel.text)
 *(.rel.text.*)
 *(.rel.gnu.linkonce.t*)

.rela.text
 *(.rela.text)
 *(.rela.text.*)
 *(.rela.gnu.linkonce.t*)

.rel.fini
 *(.rel.fini)

.rela.fini
 *(.rela.fini)

.rel.rodata
 *(.rel.rodata)
 *(.rel.rodata.*)
 *(.rel.gnu.linkonce.r*)

.rela.rodata
 *(.rela.rodata)
 *(.rela.rodata.*)
 *(.rela.gnu.linkonce.r*)

.rel.data
 *(.rel.data)
 *(.rel.data.*)
 *(.rel.gnu.linkonce.d*)

.rela.data
 *(.rela.data)
 *(.rela.data.*)
 *(.rela.gnu.linkonce.d*)

.rel.ctors
 *(.rel.ctors)

.rela.ctors
 *(.rela.ctors)

.rel.dtors
 *(.rel.dtors)

.rela.dtors
 *(.rela.dtors)

.rel.got
 *(.rel.got)

.rela.got
 *(.rela.got)

.rel.bss
 *(.rel.bss)

.rela.bss
 *(.rela.bss)

.rel.plt
 *(.rel.plt)

.rela.plt
 *(.rela.plt)

.text           0x00000000     0x1fa8
 *(.vectors)
 .vectors       0x00000000       0x7c c:/program files (x86)/atmel/atmel toolchain/avr8 gcc/native/3.4.1061/avr8-gnu-toolchain/bin/../lib/gcc/avr/4.8.1/../../../../avr/lib/avr5/crtm32m1.o
                0x00000000                __vector_default
                0x00000000                __vectors
 *(.vectors)
 *(.progmem.gcc*)
 .progmem.gcc_sw_table.decode_command
                0x0000007c       0x16 can_api.o
 .progmem.gcc_sw_table.can_cmd
                0x00000092       0x16 can_lib.o
                0x000000a8                . = ALIGN (0x2)
                0x000000a8                __trampolines_start = .
 *(.trampolines)
 .trampolines   0x000000a8        0x0 linker stubs
 *(.trampolines*)
                0x000000a8                __trampolines_end = .
 *(.progmem*)
                0x000000a8                . = ALIGN (0x2)
 *(.jumptables)
 *(.jumptables*)
 *(.lowtext)
 *(.lowtext*)
                0x000000a8                __ctors_start = .
 *(.ctors)
                0x000000a8                __ctors_end = .
                0x000000a8                __dtors_start = .
 *(.dtors)
                0x000000a8                __dtors_end = .
 SORT(*)(.ctors)
 SORT(*)(.dtors)
 *(.init0)
 .init0         0x000000a8        0x0 c:/program files (x86)/atmel/atmel toolchain/avr8 gcc/native/3.4.1061/avr8-gnu-toolchain/bin/../lib/gcc/avr/4.8.1/../../../../avr/lib/avr5/crtm32m1.o
                0x000000a8                __init
 *(.init0)
 *(.init1)
 *(.init1)
 *(.init2)
 .init2         0x000000a8        0xc c:/program files (x86)/atmel/atmel toolchain/avr8 gcc/native/3.4.1061/avr8-gnu-toolchain/bin/../lib/gcc/avr/4.8.1/../../../../avr/lib/avr5/crtm32m1.o
 *(.init2)
 *(.init3)
 *(.init3)
 *(.init4)
 .init4         0x000000b4       0x10 c:/program files (x86)/atmel/atmel toolchain/avr8 gcc/native/3.4.1061/avr8-gnu-toolchain/bin/../lib/gcc/avr/4.8.1/avr5\libgcc.a(_clear_bss.o)
                0x000000b4                __do_clear_bss
 *(.init4)
 *(.init5)
 *(.init5)
 *(.init6)
 *(.init6)
 *(.init7)
 *(.init7)
 *(.init8)
 *(.init8)
 *(.init9)
 .init9         0x000000c4        0x8 c:/program files (x86)/atmel/atmel toolchain/avr8 gcc/native/3.4.1061/avr8-gnu-toolchain/bin/../lib/gcc/avr/4.8.1/../../../../avr/lib/avr5/crtm32m1.o
 *(.init9)
 *(.text)
 .text          0x000000cc        0x4 c:/program files (x86)/atmel/atmel toolchain/avr8 gcc/native/3.4.1061/avr8-gnu-toolchain/bin/../lib/gcc/avr/4.8.1/../../../../avr/lib/avr5/crtm32m1.o
                0x000000cc                __vector_22
                0x000000cc                __vector_28
                0x000000cc                __vector_1
                0x000000cc                __vector_24
                0x000000cc                __bad_interrupt
                0x000000cc                __vector_6
                0x000000cc                __vector_3
                0x000000cc                __vector_23
                0x000000cc                __vector_30
                0x000000cc                __vector_25
                0x000000cc                __vector_11
                0x000000cc                __vector_13
                0x000000cc                __vector_17
                0x000000cc                __vector_19
                0x000000cc                __vector_7
                0x000000cc                __vector_27
                0x000000cc                __vector_5
                0x000000cc                __vector_4
                0x000000cc                __vector_9
                0x000000cc                __vector_2
                0x000000cc                __vector_21
                0x000000cc                __vector_15
                0x000000cc                __vector_29
                0x000000cc                __vector_8
                0x000000cc                __vector_26
                0x000000cc                __vector_14
                0x000000cc                __vector_10
                0x000000cc                __vector_16
                0x000000cc                __vector_18
                0x000000cc                __vector_20
                0x000000d0                . = ALIGN (0x2)
 *(.text.*)
 .text.adc_initialize
                0x000000d0       0x14 adc_lib.o
                0x000000d0                adc_initialize
 .text.can_send_message
                0x000000e4       0x62 can_api.o
                0x000000e4                can_send_message
 .text.decode_command
                0x00000146       0xd2 can_api.o
                0x00000146                decode_command
 .text.set_up_msg
                0x00000218       0xb4 can_api.o
                0x00000218                set_up_msg
 .text.clean_up_msg
                0x000002cc      0x156 can_api.o
                0x000002cc                clean_up_msg
 .text.can_check_housekeep
                0x00000422       0x64 can_api.o
                0x00000422                can_check_housekeep
 .text.can_check_general
                0x00000486       0xb6 can_api.o
                0x00000486                can_check_general
 .text.can_init_mobs
                0x0000053c      0x1a6 can_api.o
                0x0000053c                can_init_mobs
 .text.can_clear_all_mob
                0x000006e2       0x26 can_drv.o
                0x000006e2                can_clear_all_mob
 .text.can_get_mob_status
                0x00000708       0x2c can_drv.o
                0x00000708                can_get_mob_status
 .text.can_get_data
                0x00000734       0x14 can_drv.o
                0x00000734                can_get_data
 .text.can_fixed_baudrate
                0x00000748       0x1c can_drv.o
                0x00000748                can_fixed_baudrate
 .text.can_init
                0x00000764       0x1e can_lib.o
                0x00000764                can_init
 .text.can_cmd  0x00000782      0xc58 can_lib.o
                0x00000782                can_cmd
 .text.can_get_status
                0x000013da      0x1cc can_lib.o
                0x000013da                can_get_status
 .text.send_response
                0x000015a6       0x22 commands.o
                0x000015a6                send_response
 .text.send_housekeeping
                0x000015c8       0x1c commands.o
                0x000015c8                send_housekeeping
 .text.send_sensor_data
                0x000015e4       0x62 commands.o
                0x000015e4                send_sensor_data
 .text.send_coms_packet
                0x00001646       0x28 commands.o
                0x00001646                send_coms_packet
 .text.send_read_response
                0x0000166e       0x3a commands.o
                0x0000166e                send_read_response
 .text.send_write_response
                0x000016a8       0x40 commands.o
                0x000016a8                send_write_response
 .text.set_sensor_highf
                0x000016e8      0x1c6 commands.o
                0x000016e8                set_sensor_highf
 .text.set_sensor_lowf
                0x000018ae      0x1c6 commands.o
                0x000018ae                set_sensor_lowf
 .text.set_varf
                0x00001a74       0x20 commands.o
                0x00001a74                set_varf
 .text.run_commands
                0x00001a94       0x6e commands.o
                0x00001a94                run_commands
 .text.main     0x00001b02       0x4a main.o
                0x00001b02                main
 .text.spi_initialize_master
                0x00001b4c        0xc spi_lib.o
                0x00001b4c                spi_initialize_master
 .text.spi_transfer
                0x00001b58       0x1a spi_lib.o
                0x00001b58                spi_transfer
 .text.SS_set_high
                0x00001b72        0xa spi_lib.o
                0x00001b72                SS_set_high
 .text.spi_transfer2
                0x00001b7c       0x30 spi_lib.o
                0x00001b7c                spi_transfer2
 .text.SS1_set_high
                0x00001bac        0x4 spi_lib.o
                0x00001bac                SS1_set_high
 .text.SS_set_low
                0x00001bb0        0xa spi_lib.o
                0x00001bb0                SS_set_low
 .text.SS1_set_low
                0x00001bba        0x4 spi_lib.o
                0x00001bba                SS1_set_low
 .text.spi_retrieve_temp
                0x00001bbe       0x3a spi_lib.o
                0x00001bbe                spi_retrieve_temp
 .text.__vector_12
                0x00001bf8       0x1e Timer.o
                0x00001bf8                __vector_12
 .text.timer_init
                0x00001c16       0x10 Timer.o
                0x00001c16                timer_init
 .text.delay_us
                0x00001c26       0x24 Timer.o
                0x00001c26                delay_us
 .text.delay_ms
                0x00001c4a       0x2c Timer.o
                0x00001c4a                delay_ms
 .text.delay_cycles
                0x00001c76        0xe Timer.o
                0x00001c76                delay_cycles
 .text.reg_read
                0x00001c84       0x32 trans_lib.o
                0x00001c84                reg_read
 .text.reg_write
                0x00001cb6       0x32 trans_lib.o
                0x00001cb6                reg_write
 .text.reg_read2F
                0x00001ce8       0x3e trans_lib.o
                0x00001ce8                reg_read2F
 .text.cmd_str  0x00001d26       0x16 trans_lib.o
                0x00001d26                cmd_str
 .text.reg_write2F
                0x00001d3c       0x46 trans_lib.o
                0x00001d3c                reg_write2F
 .text.reg_write_bit
                0x00001d82       0x4e trans_lib.o
                0x00001d82                reg_write_bit
 .text.reg_write_bit2F
                0x00001dd0       0x4e trans_lib.o
                0x00001dd0                reg_write_bit2F
 .text.transceiver_initialize
                0x00001e1e      0x17a trans_lib.o
                0x00001e1e                transceiver_initialize
 .text.libgcc   0x00001f98        0xc c:/program files (x86)/atmel/atmel toolchain/avr8 gcc/native/3.4.1061/avr8-gnu-toolchain/bin/../lib/gcc/avr/4.8.1/avr5\libgcc.a(_tablejump.o)
                0x00001f98                __tablejump2__
                0x00001f9c                __tablejump__
                0x00001fa4                . = ALIGN (0x2)
 *(.fini9)
 .fini9         0x00001fa4        0x0 c:/program files (x86)/atmel/atmel toolchain/avr8 gcc/native/3.4.1061/avr8-gnu-toolchain/bin/../lib/gcc/avr/4.8.1/avr5\libgcc.a(_exit.o)
                0x00001fa4                _exit
                0x00001fa4                exit
 *(.fini9)
 *(.fini8)
 *(.fini8)
 *(.fini7)
 *(.fini7)
 *(.fini6)
 *(.fini6)
 *(.fini5)
 *(.fini5)
 *(.fini4)
 *(.fini4)
 *(.fini3)
 *(.fini3)
 *(.fini2)
 *(.fini2)
 *(.fini1)
 *(.fini1)
 *(.fini0)
 .fini0         0x00001fa4        0x4 c:/program files (x86)/atmel/atmel toolchain/avr8 gcc/native/3.4.1061/avr8-gnu-toolchain/bin/../lib/gcc/avr/4.8.1/avr5\libgcc.a(_exit.o)
 *(.fini0)
                0x00001fa8                _etext = .

.data           0x00800100        0x0 load address 0x00001fa8
                0x00800100                PROVIDE (__data_start, .)
 *(.data)
 *(.data*)
 *(.rodata)
 *(.rodata*)
 *(.gnu.linkonce.d*)
                0x00800100                . = ALIGN (0x2)
                0x00800100                _edata = .
                0x00800100                PROVIDE (__data_end, .)

.bss            0x00800100       0xd2
                0x00800100                PROVIDE (__bss_start, .)
 *(.bss)
 *(.bss*)
 *(COMMON)
 COMMON         0x00800100       0xd1 can_api.o
                0x00800100                write_arr
                0x00800108                battv_low
                0x0080010a                payv_low
                0x0080010c                msg_received
                0x0080010d                payv_high
                0x0080010f                pyv_high
                0x00800111                battemp_high
                0x00800113                data1
                0x0080011b                data2
                0x00800123                set_var
                0x00800124                mpptb
                0x00800125                send_arr
                0x0080012d                epstemp_high
                0x0080012f                epstemp_low
                0x00800131                data4
                0x00800139                comsi_high
                0x0080013b                setv_arr
                0x00800143                pxi_low
                0x00800145                obcv_high
                0x00800147                write_response
                0x00800148                sensh_arr
                0x00800150                batti_high
                0x00800152                comsv_high
                0x00800154                message
                0x00800160                data_req_arr
                0x00800168                comsv_low
                0x0080016a                battmv_low
                0x0080016c                battmv_high
                0x0080016e                pxv_high
                0x00800170                send_now
                0x00800171                payi_low
                0x00800173                trans_msg
                0x00800179                read_response
                0x0080017a                data0
                0x00800182                send_hk
                0x00800183                obci_high
                0x00800185                pxv_low
                0x00800187                pyv_low
                0x00800189                receive_arr
                0x00800191                id_array
                0x00800197                pyi_low
                0x00800199                data3
                0x008001a1                set_sens_h
                0x008001a2                send_data
                0x008001a3                set_sens_l
                0x008001a4                battv_high
                0x008001a6                battemp_low
                0x008001a8                data5
                0x008001b0                obci_low
                0x008001b2                batti_low
                0x008001b4                mob_number
                0x008001b5                comsi_low
                0x008001b7                payi_high
                0x008001b9                mppta
                0x008001ba                obcv_low
                0x008001bc                sensl_arr
                0x008001c4                status
                0x008001c5                pxi_high
                0x008001c7                pyi_high
                0x008001c9                read_arr
 COMMON         0x008001d1        0x1 main.o
                0x008001d1                CTC_flag
                0x008001d2                PROVIDE (__bss_end, .)
                0x00001fa8                __data_load_start = LOADADDR (.data)
                0x00001fa8                __data_load_end = (__data_load_start + SIZEOF (.data))

.noinit         0x008001d2        0x0
                0x008001d2                PROVIDE (__noinit_start, .)
 *(.noinit*)
                0x008001d2                PROVIDE (__noinit_end, .)
                0x008001d2                _end = .
                0x008001d2                PROVIDE (__heap_start, .)

.eeprom         0x00810000        0x0
 *(.eeprom*)
                0x00810000                __eeprom_end = .

.fuse
 *(.fuse)
 *(.lfuse)
 *(.hfuse)
 *(.efuse)

.lock
 *(.lock*)

.signature
 *(.signature*)

.user_signatures
 *(.user_signatures*)

.stab
 *(.stab)

.stabstr
 *(.stabstr)

.stab.excl
 *(.stab.excl)

.stab.exclstr
 *(.stab.exclstr)

.stab.index
 *(.stab.index)

.stab.indexstr
 *(.stab.indexstr)

.comment        0x00000000       0x30
 *(.comment)
 .comment       0x00000000       0x30 adc_lib.o
                                 0x31 (size before relaxing)
 .comment       0x00000000       0x31 can_api.o
 .comment       0x00000000       0x31 can_drv.o
 .comment       0x00000000       0x31 can_lib.o
 .comment       0x00000000       0x31 commands.o
 .comment       0x00000000       0x31 main.o
 .comment       0x00000000       0x31 spi_lib.o
 .comment       0x00000000       0x31 Timer.o
 .comment       0x00000000       0x31 trans_lib.o

.note.gnu.build-id
 *(.note.gnu.build-id)

.debug
 *(.debug)

.line
 *(.line)

.debug_srcinfo
 *(.debug_srcinfo)

.debug_sfnames
 *(.debug_sfnames)

.debug_aranges  0x00000000      0x290
 *(.debug_aranges)
 .debug_aranges
                0x00000000       0x28 adc_lib.o
 .debug_aranges
                0x00000028       0x50 can_api.o
 .debug_aranges
                0x00000078       0x48 can_drv.o
 .debug_aranges
                0x000000c0       0x30 can_lib.o
 .debug_aranges
                0x000000f0       0x68 commands.o
 .debug_aranges
                0x00000158       0x20 main.o
 .debug_aranges
                0x00000178       0x58 spi_lib.o
 .debug_aranges
                0x000001d0       0x40 Timer.o
 .debug_aranges
                0x00000210       0x80 trans_lib.o

.debug_pubnames
 *(.debug_pubnames)

.debug_info     0x00000000     0x39e1
 *(.debug_info .gnu.linkonce.wi.*)
 .debug_info    0x00000000       0xdf adc_lib.o
 .debug_info    0x000000df      0xa01 can_api.o
 .debug_info    0x00000ae0      0x2e8 can_drv.o
 .debug_info    0x00000dc8      0x3a9 can_lib.o
 .debug_info    0x00001171      0xa65 commands.o
 .debug_info    0x00001bd6      0x7be main.o
 .debug_info    0x00002394      0x4f0 spi_lib.o
 .debug_info    0x00002884      0x16a Timer.o
 .debug_info    0x000029ee      0xff3 trans_lib.o

.debug_abbrev   0x00000000     0x1037
 *(.debug_abbrev)
 .debug_abbrev  0x00000000       0xa1 adc_lib.o
 .debug_abbrev  0x000000a1      0x229 can_api.o
 .debug_abbrev  0x000002ca      0x12c can_drv.o
 .debug_abbrev  0x000003f6      0x254 can_lib.o
 .debug_abbrev  0x0000064a      0x23b commands.o
 .debug_abbrev  0x00000885      0x1bb main.o
 .debug_abbrev  0x00000a40      0x246 spi_lib.o
 .debug_abbrev  0x00000c86      0x102 Timer.o
 .debug_abbrev  0x00000d88      0x2af trans_lib.o

.debug_line     0x00000000     0x10ea
 *(.debug_line .debug_line.* .debug_line_end)
 .debug_line    0x00000000       0xc1 adc_lib.o
 .debug_line    0x000000c1      0x2b6 can_api.o
 .debug_line    0x00000377      0x2a2 can_drv.o
 .debug_line    0x00000619      0x296 can_lib.o
 .debug_line    0x000008af      0x245 commands.o
 .debug_line    0x00000af4      0x12f main.o
 .debug_line    0x00000c23      0x16a spi_lib.o
 .debug_line    0x00000d8d      0x115 Timer.o
 .debug_line    0x00000ea2      0x248 trans_lib.o

.debug_frame    0x00000000      0x5cc
 *(.debug_frame)
 .debug_frame   0x00000000       0x34 adc_lib.o
 .debug_frame   0x00000034       0xd4 can_api.o
 .debug_frame   0x00000108       0xd4 can_drv.o
 .debug_frame   0x000001dc       0x60 can_lib.o
 .debug_frame   0x0000023c       0xd0 commands.o
 .debug_frame   0x0000030c       0x24 main.o
 .debug_frame   0x00000330       0xb0 spi_lib.o
 .debug_frame   0x000003e0       0x88 Timer.o
 .debug_frame   0x00000468      0x164 trans_lib.o

.debug_str      0x00000000      0x9a5
 *(.debug_str)
 .debug_str     0x00000000      0x158 adc_lib.o
                                0x18c (size before relaxing)
 .debug_str     0x00000158      0x3c0 can_api.o
                                0x54e (size before relaxing)
 .debug_str     0x00000518      0x147 can_drv.o
                                0x2b9 (size before relaxing)
 .debug_str     0x0000065f       0x48 can_lib.o
                                0x31c (size before relaxing)
 .debug_str     0x000006a7      0x11c commands.o
                                0x5c5 (size before relaxing)
 .debug_str     0x000007c3       0x81 main.o
                                0x55e (size before relaxing)
 .debug_str     0x00000844       0x8f spi_lib.o
                                0x331 (size before relaxing)
 .debug_str     0x000008d3       0x19 Timer.o
                                0x1af (size before relaxing)
 .debug_str     0x000008ec       0xb9 trans_lib.o
                                0x3a9 (size before relaxing)

.debug_loc      0x00000000     0x23cd
 *(.debug_loc)
 .debug_loc     0x00000000       0x5d adc_lib.o
 .debug_loc     0x0000005d      0x6db can_api.o
 .debug_loc     0x00000738      0x962 can_drv.o
 .debug_loc     0x0000109a      0x3ec can_lib.o
 .debug_loc     0x00001486      0x433 commands.o
 .debug_loc     0x000018b9      0x27b spi_lib.o
 .debug_loc     0x00001b34      0x130 Timer.o
 .debug_loc     0x00001c64      0x769 trans_lib.o

.debug_macinfo
 *(.debug_macinfo)

.debug_weaknames
 *(.debug_weaknames)

.debug_funcnames
 *(.debug_funcnames)

.debug_typenames
 *(.debug_typenames)

.debug_varnames
 *(.debug_varnames)

.debug_pubtypes
 *(.debug_pubtypes)

.debug_ranges   0x00000000      0x230
 *(.debug_ranges)
 .debug_ranges  0x00000000       0x18 adc_lib.o
 .debug_ranges  0x00000018       0x40 can_api.o
 .debug_ranges  0x00000058       0x68 can_drv.o
 .debug_ranges  0x000000c0       0x20 can_lib.o
 .debug_ranges  0x000000e0       0x58 commands.o
 .debug_ranges  0x00000138       0x10 main.o
 .debug_ranges  0x00000148       0x48 spi_lib.o
 .debug_ranges  0x00000190       0x30 Timer.o
 .debug_ranges  0x000001c0       0x70 trans_lib.o

.debug_macro
 *(.debug_macro)
OUTPUT(Subsystem_Program.elf elf32-avr)
LOAD linker stubs
